C:\Users\tsuma.thomas\Documents\Mnemosyne\src\AggregateFunctions\i_aggregate_function.h(35,38): error C2065: 'Field': u
ndeclared identifier [C:\Users\tsuma.thomas\Documents\Mnemosyne\build\src\AggregateFunctions\mnemosyne_aggregate_functi
ons.vcxproj]
  (compiling source file '../../../src/AggregateFunctions/count.cpp')

C:\Users\tsuma.thomas\Documents\Mnemosyne\src\AggregateFunctions\i_aggregate_function.h(35,32): error C4430: missing ty
pe specifier - int assumed. Note: C++ does not support default-int [C:\Users\tsuma.thomas\Documents\Mnemosyne\build\src
\AggregateFunctions\mnemosyne_aggregate_functions.vcxproj]
  (compiling source file '../../../src/AggregateFunctions/count.cpp')

C:\Users\tsuma.thomas\Documents\Mnemosyne\src\AggregateFunctions\i_aggregate_function.h(35,38): error C2146: syntax err
or: missing '>' before identifier 'Field' [C:\Users\tsuma.thomas\Documents\Mnemosyne\build\src\AggregateFunctions\mnemo
syne_aggregate_functions.vcxproj]
  (compiling source file '../../../src/AggregateFunctions/count.cpp')

C:\Users\tsuma.thomas\Documents\Mnemosyne\src\AggregateFunctions\i_aggregate_function.h(36,22): error C2061: syntax err
or: identifier 'Arena' [C:\Users\tsuma.thomas\Documents\Mnemosyne\build\src\AggregateFunctions\mnemosyne_aggregate_func
tions.vcxproj]
  (compiling source file '../../../src/AggregateFunctions/count.cpp')

C:\Users\tsuma.thomas\Documents\Mnemosyne\src\AggregateFunctions\i_aggregate_function.h(41,24): error C2061: syntax err
or: identifier 'Arena' [C:\Users\tsuma.thomas\Documents\Mnemosyne\build\src\AggregateFunctions\mnemosyne_aggregate_func
tions.vcxproj]
  (compiling source file '../../../src/AggregateFunctions/count.cpp')

C:\Users\tsuma.thomas\Documents\Mnemosyne\src\AggregateFunctions\i_aggregate_function.h(45,27): error C2061: syntax err
or: identifier 'Arena' [C:\Users\tsuma.thomas\Documents\Mnemosyne\build\src\AggregateFunctions\mnemosyne_aggregate_func
tions.vcxproj]
  (compiling source file '../../../src/AggregateFunctions/count.cpp')

C:\Users\tsuma.thomas\Documents\Mnemosyne\src\AggregateFunctions\i_aggregate_function.h(51,29): error C2039: 'monotonic
_buffer_resource': is not a member of 'std::pmr' [C:\Users\tsuma.thomas\Documents\Mnemosyne\build\src\AggregateFunction
s\mnemosyne_aggregate_functions.vcxproj]
  (compiling source file '../../../src/AggregateFunctions/count.cpp')
      C:\Program Files (x86)\Microsoft Visual Studio\2022\BuildTools\VC\Tools\MSVC\14.44.35207\include\vector(3628,11):
      see declaration of 'std::pmr'

C:\Users\tsuma.thomas\Documents\Mnemosyne\src\AggregateFunctions\i_aggregate_function.h(51,29): error C2061: syntax err
or: identifier 'monotonic_buffer_resource' [C:\Users\tsuma.thomas\Documents\Mnemosyne\build\src\AggregateFunctions\mnem
osyne_aggregate_functions.vcxproj]
  (compiling source file '../../../src/AggregateFunctions/count.cpp')

C:\Users\tsuma.thomas\Documents\Mnemosyne\src\AggregateFunctions\count.h(23,30): error C2065: 'Field': undeclared ident
ifier [C:\Users\tsuma.thomas\Documents\Mnemosyne\build\src\AggregateFunctions\mnemosyne_aggregate_functions.vcxproj]
  (compiling source file '../../../src/AggregateFunctions/count.cpp')

C:\Users\tsuma.thomas\Documents\Mnemosyne\src\AggregateFunctions\count.h(23,24): error C4430: missing type specifier -
int assumed. Note: C++ does not support default-int [C:\Users\tsuma.thomas\Documents\Mnemosyne\build\src\AggregateFunct
ions\mnemosyne_aggregate_functions.vcxproj]
  (compiling source file '../../../src/AggregateFunctions/count.cpp')

C:\Users\tsuma.thomas\Documents\Mnemosyne\src\AggregateFunctions\count.h(23,30): error C2146: syntax error: missing '>'
 before identifier 'Field' [C:\Users\tsuma.thomas\Documents\Mnemosyne\build\src\AggregateFunctions\mnemosyne_aggregate_
functions.vcxproj]
C:\Users\tsuma.thomas\Documents\Mnemosyne\src\AggregateFunctions\i_aggregate_function.h(35,38): error C2065: 'Field': u
ndeclared identifier [C:\Users\tsuma.thomas\Documents\Mnemosyne\build\src\AggregateFunctions\mnemosyne_aggregate_functi
ons.vcxproj]
C:\Users\tsuma.thomas\Documents\Mnemosyne\src\AggregateFunctions\i_aggregate_function.h(35,38): error C2065: 'Field': u
ndeclared identifier [C:\Users\tsuma.thomas\Documents\Mnemosyne\build\src\AggregateFunctions\mnemosyne_aggregate_functi
ons.vcxproj]
  (compiling source file '../../../src/AggregateFunctions/count.cpp')

C:\Users\tsuma.thomas\Documents\Mnemosyne\src\AggregateFunctions\count.h(24,14): error C2061: syntax error: identifier
'Arena' [C:\Users\tsuma.thomas\Documents\Mnemosyne\build\src\AggregateFunctions\mnemosyne_aggregate_functions.vcxproj]
  (compiling source file '../../../src/AggregateFunctions/count.cpp')

C:\Users\tsuma.thomas\Documents\Mnemosyne\src\AggregateFunctions\count.h(27,16): error C2061: syntax error: identifier
'Arena' [C:\Users\tsuma.thomas\Documents\Mnemosyne\build\src\AggregateFunctions\mnemosyne_aggregate_functions.vcxproj]
  (compiling source file '../../../src/AggregateFunctions/count.cpp')

C:\Users\tsuma.thomas\Documents\Mnemosyne\src\AggregateFunctions\count.h(29,19): error C2061: syntax error: identifier
'Arena' [C:\Users\tsuma.thomas\Documents\Mnemosyne\build\src\AggregateFunctions\mnemosyne_aggregate_functions.vcxproj]
  (compiling source file '../../../src/AggregateFunctions/count.cpp')

  (compiling source file '../../../src/AggregateFunctions/aggregate_function_factory.cpp')

C:\Users\tsuma.thomas\Documents\Mnemosyne\src\AggregateFunctions\i_aggregate_function.h(35,32): error C4430: missing ty
pe specifier - int assumed. Note: C++ does not support default-int [C:\Users\tsuma.thomas\Documents\Mnemosyne\build\src
\AggregateFunctions\mnemosyne_aggregate_functions.vcxproj]
  (compiling source file '../../../src/AggregateFunctions/aggregate_function_factory.cpp')

  (compiling source file '../../../src/AggregateFunctions/sum.cpp')

C:\Users\tsuma.thomas\Documents\Mnemosyne\src\AggregateFunctions\i_aggregate_function.h(35,32): error C4430: missing ty
pe specifier - int assumed. Note: C++ does not support default-int [C:\Users\tsuma.thomas\Documents\Mnemosyne\build\src
\AggregateFunctions\mnemosyne_aggregate_functions.vcxproj]
  (compiling source file '../../../src/AggregateFunctions/sum.cpp')

C:\Users\tsuma.thomas\Documents\Mnemosyne\src\AggregateFunctions\i_aggregate_function.h(35,38): error C2146: syntax err
or: missing '>' before identifier 'Field' [C:\Users\tsuma.thomas\Documents\Mnemosyne\build\src\AggregateFunctions\mnemo
syne_aggregate_functions.vcxproj]
  (compiling source file '../../../src/AggregateFunctions/sum.cpp')

C:\Users\tsuma.thomas\Documents\Mnemosyne\src\AggregateFunctions\i_aggregate_function.h(35,38): error C2146: syntax err
or: missing '>' before identifier 'Field' [C:\Users\tsuma.thomas\Documents\Mnemosyne\build\src\AggregateFunctions\mnemo
syne_aggregate_functions.vcxproj]
  (compiling source file '../../../src/AggregateFunctions/aggregate_function_factory.cpp')

C:\Users\tsuma.thomas\Documents\Mnemosyne\src\AggregateFunctions\i_aggregate_function.h(36,22): error C2061: syntax err
or: identifier 'Arena' [C:\Users\tsuma.thomas\Documents\Mnemosyne\build\src\AggregateFunctions\mnemosyne_aggregate_func
tions.vcxproj]
  (compiling source file '../../../src/AggregateFunctions/aggregate_function_factory.cpp')

C:\Users\tsuma.thomas\Documents\Mnemosyne\src\AggregateFunctions\i_aggregate_function.h(41,24): error C2061: syntax err
or: identifier 'Arena' [C:\Users\tsuma.thomas\Documents\Mnemosyne\build\src\AggregateFunctions\mnemosyne_aggregate_func
tions.vcxproj]
  (compiling source file '../../../src/AggregateFunctions/aggregate_function_factory.cpp')

C:\Users\tsuma.thomas\Documents\Mnemosyne\src\AggregateFunctions\i_aggregate_function.h(45,27): error C2061: syntax err
or: identifier 'Arena' [C:\Users\tsuma.thomas\Documents\Mnemosyne\build\src\AggregateFunctions\mnemosyne_aggregate_func
tions.vcxproj]
  (compiling source file '../../../src/AggregateFunctions/aggregate_function_factory.cpp')

C:\Users\tsuma.thomas\Documents\Mnemosyne\src\AggregateFunctions\i_aggregate_function.h(51,29): error C2039: 'monotonic
_buffer_resource': is not a member of 'std::pmr' [C:\Users\tsuma.thomas\Documents\Mnemosyne\build\src\AggregateFunction
s\mnemosyne_aggregate_functions.vcxproj]
  (compiling source file '../../../src/AggregateFunctions/aggregate_function_factory.cpp')
      C:\Program Files (x86)\Microsoft Visual Studio\2022\BuildTools\VC\Tools\MSVC\14.44.35207\include\vector(3628,11):
      see declaration of 'std::pmr'

C:\Users\tsuma.thomas\Documents\Mnemosyne\src\AggregateFunctions\i_aggregate_function.h(36,22): error C2061: syntax err
or: identifier 'Arena' [C:\Users\tsuma.thomas\Documents\Mnemosyne\build\src\AggregateFunctions\mnemosyne_aggregate_func
tions.vcxproj]
C:\Users\tsuma.thomas\Documents\Mnemosyne\src\AggregateFunctions\i_aggregate_function.h(51,29): error C2061: syntax err
or: identifier 'monotonic_buffer_resource' [C:\Users\tsuma.thomas\Documents\Mnemosyne\build\src\AggregateFunctions\mnem
osyne_aggregate_functions.vcxproj]
  (compiling source file '../../../src/AggregateFunctions/aggregate_function_factory.cpp')

  (compiling source file '../../../src/AggregateFunctions/sum.cpp')

C:\Users\tsuma.thomas\Documents\Mnemosyne\src\AggregateFunctions\i_aggregate_function.h(41,24): error C2061: syntax err
or: identifier 'Arena' [C:\Users\tsuma.thomas\Documents\Mnemosyne\build\src\AggregateFunctions\mnemosyne_aggregate_func
tions.vcxproj]
  (compiling source file '../../../src/AggregateFunctions/sum.cpp')

C:\Users\tsuma.thomas\Documents\Mnemosyne\src\AggregateFunctions\i_aggregate_function.h(45,27): error C2061: syntax err
or: identifier 'Arena' [C:\Users\tsuma.thomas\Documents\Mnemosyne\build\src\AggregateFunctions\mnemosyne_aggregate_func
tions.vcxproj]
  (compiling source file '../../../src/AggregateFunctions/sum.cpp')

C:\Users\tsuma.thomas\Documents\Mnemosyne\src\AggregateFunctions\i_aggregate_function.h(51,29): error C2039: 'monotonic
_buffer_resource': is not a member of 'std::pmr' [C:\Users\tsuma.thomas\Documents\Mnemosyne\build\src\AggregateFunction
s\mnemosyne_aggregate_functions.vcxproj]
  (compiling source file '../../../src/AggregateFunctions/sum.cpp')
      C:\Program Files (x86)\Microsoft Visual Studio\2022\BuildTools\VC\Tools\MSVC\14.44.35207\include\vector(3628,11):
      see declaration of 'std::pmr'

C:\Users\tsuma.thomas\Documents\Mnemosyne\src\AggregateFunctions\i_aggregate_function.h(51,29): error C2061: syntax err
or: identifier 'monotonic_buffer_resource' [C:\Users\tsuma.thomas\Documents\Mnemosyne\build\src\AggregateFunctions\mnem
osyne_aggregate_functions.vcxproj]
C:\Users\tsuma.thomas\Documents\Mnemosyne\src\AggregateFunctions\i_aggregate_function.h(35,38): error C2065: 'Field': u
ndeclared identifier [C:\Users\tsuma.thomas\Documents\Mnemosyne\build\src\AggregateFunctions\mnemosyne_aggregate_functi
ons.vcxproj]
C:\Users\tsuma.thomas\Documents\Mnemosyne\src\AggregateFunctions\i_aggregate_function.h(35,38): error C2065: 'Field': u
ndeclared identifier [C:\Users\tsuma.thomas\Documents\Mnemosyne\build\src\AggregateFunctions\mnemosyne_aggregate_functi
ons.vcxproj]
  (compiling source file '../../../src/AggregateFunctions/sum.cpp')

C:\Users\tsuma.thomas\Documents\Mnemosyne\src\AggregateFunctions\sum.h(24,30): error C2065: 'Field': undeclared identif
ier [C:\Users\tsuma.thomas\Documents\Mnemosyne\build\src\AggregateFunctions\mnemosyne_aggregate_functions.vcxproj]
  (compiling source file '../../../src/AggregateFunctions/sum.cpp')

C:\Users\tsuma.thomas\Documents\Mnemosyne\src\AggregateFunctions\sum.h(24,24): error C4430: missing type specifier - in
t assumed. Note: C++ does not support default-int [C:\Users\tsuma.thomas\Documents\Mnemosyne\build\src\AggregateFunctio
ns\mnemosyne_aggregate_functions.vcxproj]
  (compiling source file '../../../src/AggregateFunctions/sum.cpp')

C:\Users\tsuma.thomas\Documents\Mnemosyne\src\AggregateFunctions\sum.h(24,30): error C2146: syntax error: missing '>' b
efore identifier 'Field' [C:\Users\tsuma.thomas\Documents\Mnemosyne\build\src\AggregateFunctions\mnemosyne_aggregate_fu
nctions.vcxproj]
  (compiling source file '../../../src/AggregateFunctions/sum.cpp')

C:\Users\tsuma.thomas\Documents\Mnemosyne\src\AggregateFunctions\sum.h(25,14): error C2061: syntax error: identifier 'A
rena' [C:\Users\tsuma.thomas\Documents\Mnemosyne\build\src\AggregateFunctions\mnemosyne_aggregate_functions.vcxproj]
  (compiling source file '../../../src/AggregateFunctions/min_max.cpp')

C:\Users\tsuma.thomas\Documents\Mnemosyne\src\AggregateFunctions\i_aggregate_function.h(35,32): error C4430: missing ty
pe specifier - int assumed. Note: C++ does not support default-int [C:\Users\tsuma.thomas\Documents\Mnemosyne\build\src
\AggregateFunctions\mnemosyne_aggregate_functions.vcxproj]
  (compiling source file '../../../src/AggregateFunctions/sum.cpp')

C:\Users\tsuma.thomas\Documents\Mnemosyne\src\AggregateFunctions\sum.h(28,16): error C2061: syntax error: identifier 'A
rena' [C:\Users\tsuma.thomas\Documents\Mnemosyne\build\src\AggregateFunctions\mnemosyne_aggregate_functions.vcxproj]
  (compiling source file '../../../src/AggregateFunctions/sum.cpp')

C:\Users\tsuma.thomas\Documents\Mnemosyne\src\AggregateFunctions\sum.h(30,19): error C2061: syntax error: identifier 'A
rena' [C:\Users\tsuma.thomas\Documents\Mnemosyne\build\src\AggregateFunctions\mnemosyne_aggregate_functions.vcxproj]
  (compiling source file '../../../src/AggregateFunctions/min_max.cpp')

  (compiling source file '../../../src/AggregateFunctions/sum.cpp')

C:\Users\tsuma.thomas\Documents\Mnemosyne\src\AggregateFunctions\i_aggregate_function.h(35,38): error C2146: syntax err
or: missing '>' before identifier 'Field' [C:\Users\tsuma.thomas\Documents\Mnemosyne\build\src\AggregateFunctions\mnemo
syne_aggregate_functions.vcxproj]
  (compiling source file '../../../src/AggregateFunctions/min_max.cpp')

C:\Users\tsuma.thomas\Documents\Mnemosyne\src\AggregateFunctions\i_aggregate_function.h(36,22): error C2061: syntax err
or: identifier 'Arena' [C:\Users\tsuma.thomas\Documents\Mnemosyne\build\src\AggregateFunctions\mnemosyne_aggregate_func
tions.vcxproj]
  (compiling source file '../../../src/AggregateFunctions/i_aggregate_function.cpp')

C:\Users\tsuma.thomas\Documents\Mnemosyne\src\AggregateFunctions\i_aggregate_function.h(35,32): error C4430: missing ty
pe specifier - int assumed. Note: C++ does not support default-int [C:\Users\tsuma.thomas\Documents\Mnemosyne\build\src
\AggregateFunctions\mnemosyne_aggregate_functions.vcxproj]
  (compiling source file '../../../src/AggregateFunctions/min_max.cpp')

  (compiling source file '../../../src/AggregateFunctions/i_aggregate_function.cpp')

C:\Users\tsuma.thomas\Documents\Mnemosyne\src\AggregateFunctions\i_aggregate_function.h(41,24): error C2061: syntax err
or: identifier 'Arena' [C:\Users\tsuma.thomas\Documents\Mnemosyne\build\src\AggregateFunctions\mnemosyne_aggregate_func
tions.vcxproj]
  (compiling source file '../../../src/AggregateFunctions/min_max.cpp')

C:\Users\tsuma.thomas\Documents\Mnemosyne\src\AggregateFunctions\i_aggregate_function.h(45,27): error C2061: syntax err
or: identifier 'Arena' [C:\Users\tsuma.thomas\Documents\Mnemosyne\build\src\AggregateFunctions\mnemosyne_aggregate_func
tions.vcxproj]
  (compiling source file '../../../src/AggregateFunctions/min_max.cpp')

C:\Users\tsuma.thomas\Documents\Mnemosyne\src\AggregateFunctions\i_aggregate_function.h(51,29): error C2039: 'monotonic
_buffer_resource': is not a member of 'std::pmr' [C:\Users\tsuma.thomas\Documents\Mnemosyne\build\src\AggregateFunction
s\mnemosyne_aggregate_functions.vcxproj]
  (compiling source file '../../../src/AggregateFunctions/min_max.cpp')
      C:\Program Files (x86)\Microsoft Visual Studio\2022\BuildTools\VC\Tools\MSVC\14.44.35207\include\vector(3628,11):
      see declaration of 'std::pmr'

C:\Users\tsuma.thomas\Documents\Mnemosyne\src\AggregateFunctions\i_aggregate_function.h(35,38): error C2146: syntax err
or: missing '>' before identifier 'Field' [C:\Users\tsuma.thomas\Documents\Mnemosyne\build\src\AggregateFunctions\mnemo
syne_aggregate_functions.vcxproj]
  (compiling source file '../../../src/AggregateFunctions/i_aggregate_function.cpp')

C:\Users\tsuma.thomas\Documents\Mnemosyne\src\AggregateFunctions\i_aggregate_function.h(36,22): error C2061: syntax err
or: identifier 'Arena' [C:\Users\tsuma.thomas\Documents\Mnemosyne\build\src\AggregateFunctions\mnemosyne_aggregate_func
tions.vcxproj]
  (compiling source file '../../../src/AggregateFunctions/i_aggregate_function.cpp')

C:\Users\tsuma.thomas\Documents\Mnemosyne\src\AggregateFunctions\i_aggregate_function.h(51,29): error C2061: syntax err
or: identifier 'monotonic_buffer_resource' [C:\Users\tsuma.thomas\Documents\Mnemosyne\build\src\AggregateFunctions\mnem
osyne_aggregate_functions.vcxproj]
  (compiling source file '../../../src/AggregateFunctions/min_max.cpp')

C:\Users\tsuma.thomas\Documents\Mnemosyne\src\AggregateFunctions\min_max.h(26,30): error C2065: 'Field': undeclared ide
ntifier [C:\Users\tsuma.thomas\Documents\Mnemosyne\build\src\AggregateFunctions\mnemosyne_aggregate_functions.vcxproj]
C:\Users\tsuma.thomas\Documents\Mnemosyne\src\AggregateFunctions\i_aggregate_function.h(41,24): error C2061: syntax err
or: identifier 'Arena' [C:\Users\tsuma.thomas\Documents\Mnemosyne\build\src\AggregateFunctions\mnemosyne_aggregate_func
tions.vcxproj]
  (compiling source file '../../../src/AggregateFunctions/i_aggregate_function.cpp')

  (compiling source file '../../../src/AggregateFunctions/min_max.cpp')

C:\Users\tsuma.thomas\Documents\Mnemosyne\src\AggregateFunctions\min_max.h(26,24): error C4430: missing type specifier
- int assumed. Note: C++ does not support default-int [C:\Users\tsuma.thomas\Documents\Mnemosyne\build\src\AggregateFun
ctions\mnemosyne_aggregate_functions.vcxproj]
  (compiling source file '../../../src/AggregateFunctions/min_max.cpp')

C:\Users\tsuma.thomas\Documents\Mnemosyne\src\AggregateFunctions\i_aggregate_function.h(45,27): error C2061: syntax err
or: identifier 'Arena' [C:\Users\tsuma.thomas\Documents\Mnemosyne\build\src\AggregateFunctions\mnemosyne_aggregate_func
tions.vcxproj]
  (compiling source file '../../../src/AggregateFunctions/i_aggregate_function.cpp')

C:\Users\tsuma.thomas\Documents\Mnemosyne\src\AggregateFunctions\i_aggregate_function.h(51,29): error C2039: 'monotonic
_buffer_resource': is not a member of 'std::pmr' [C:\Users\tsuma.thomas\Documents\Mnemosyne\build\src\AggregateFunction
s\mnemosyne_aggregate_functions.vcxproj]
C:\Users\tsuma.thomas\Documents\Mnemosyne\src\AggregateFunctions\min_max.h(26,30): error C2146: syntax error: missing '
>' before identifier 'Field' [C:\Users\tsuma.thomas\Documents\Mnemosyne\build\src\AggregateFunctions\mnemosyne_aggregat
e_functions.vcxproj]
  (compiling source file '../../../src/AggregateFunctions/min_max.cpp')

C:\Users\tsuma.thomas\Documents\Mnemosyne\src\AggregateFunctions\min_max.h(27,14): error C2061: syntax error: identifie
r 'Arena' [C:\Users\tsuma.thomas\Documents\Mnemosyne\build\src\AggregateFunctions\mnemosyne_aggregate_functions.vcxproj
]
  (compiling source file '../../../src/AggregateFunctions/min_max.cpp')

C:\Users\tsuma.thomas\Documents\Mnemosyne\src\AggregateFunctions\min_max.h(30,16): error C2061: syntax error: identifie
r 'Arena' [C:\Users\tsuma.thomas\Documents\Mnemosyne\build\src\AggregateFunctions\mnemosyne_aggregate_functions.vcxproj
]
  (compiling source file '../../../src/AggregateFunctions/min_max.cpp')

  (compiling source file '../../../src/AggregateFunctions/i_aggregate_function.cpp')
      C:\Program Files (x86)\Microsoft Visual Studio\2022\BuildTools\VC\Tools\MSVC\14.44.35207\include\vector(3628,11):
      see declaration of 'std::pmr'

C:\Users\tsuma.thomas\Documents\Mnemosyne\src\AggregateFunctions\min_max.h(32,19): error C2061: syntax error: identifie
r 'Arena' [C:\Users\tsuma.thomas\Documents\Mnemosyne\build\src\AggregateFunctions\mnemosyne_aggregate_functions.vcxproj
]
  (compiling source file '../../../src/AggregateFunctions/min_max.cpp')

C:\Users\tsuma.thomas\Documents\Mnemosyne\src\AggregateFunctions\min_max.h(37,19): error C2065: 'Field': undeclared ide
ntifier [C:\Users\tsuma.thomas\Documents\Mnemosyne\build\src\AggregateFunctions\mnemosyne_aggregate_functions.vcxproj]
  (compiling source file '../../../src/AggregateFunctions/min_max.cpp')

C:\Users\tsuma.thomas\Documents\Mnemosyne\src\AggregateFunctions\min_max.h(37,10): error C2923: 'std::optional': 'Field
' is not a valid template type argument for parameter '_Ty' [C:\Users\tsuma.thomas\Documents\Mnemosyne\build\src\Aggreg
ateFunctions\mnemosyne_aggregate_functions.vcxproj]
  (compiling source file '../../../src/AggregateFunctions/min_max.cpp')
      C:\Users\tsuma.thomas\Documents\Mnemosyne\src\AggregateFunctions\min_max.h(37,19):
      see declaration of 'Field'

C:\Users\tsuma.thomas\Documents\Mnemosyne\src\AggregateFunctions\min_max.h(37,28): error C2955: 'std::optional': use of
 class template requires template argument list [C:\Users\tsuma.thomas\Documents\Mnemosyne\build\src\AggregateFunctions
\mnemosyne_aggregate_functions.vcxproj]
  (compiling source file '../../../src/AggregateFunctions/min_max.cpp')
      C:\Program Files (x86)\Microsoft Visual Studio\2022\BuildTools\VC\Tools\MSVC\14.44.35207\include\optional(227,7):
      see declaration of 'std::optional'

C:\Users\tsuma.thomas\Documents\Mnemosyne\src\AggregateFunctions\min_max.h(52,30): error C2065: 'Field': undeclared ide
ntifier [C:\Users\tsuma.thomas\Documents\Mnemosyne\build\src\AggregateFunctions\mnemosyne_aggregate_functions.vcxproj]
C:\Users\tsuma.thomas\Documents\Mnemosyne\src\AggregateFunctions\i_aggregate_function.h(51,29): error C2061: syntax err
or: identifier 'monotonic_buffer_resource' [C:\Users\tsuma.thomas\Documents\Mnemosyne\build\src\AggregateFunctions\mnem
osyne_aggregate_functions.vcxproj]
  (compiling source file '../../../src/AggregateFunctions/i_aggregate_function.cpp')

  (compiling source file '../../../src/AggregateFunctions/min_max.cpp')

C:\Users\tsuma.thomas\Documents\Mnemosyne\src\AggregateFunctions\min_max.h(52,24): error C4430: missing type specifier
- int assumed. Note: C++ does not support default-int [C:\Users\tsuma.thomas\Documents\Mnemosyne\build\src\AggregateFun
ctions\mnemosyne_aggregate_functions.vcxproj]
  (compiling source file '../../../src/AggregateFunctions/min_max.cpp')

C:\Users\tsuma.thomas\Documents\Mnemosyne\src\AggregateFunctions\min_max.h(52,30): error C2146: syntax error: missing '
>' before identifier 'Field' [C:\Users\tsuma.thomas\Documents\Mnemosyne\build\src\AggregateFunctions\mnemosyne_aggregat
e_functions.vcxproj]
  (compiling source file '../../../src/AggregateFunctions/min_max.cpp')

C:\Users\tsuma.thomas\Documents\Mnemosyne\src\AggregateFunctions\min_max.h(53,14): error C2061: syntax error: identifie
r 'Arena' [C:\Users\tsuma.thomas\Documents\Mnemosyne\build\src\AggregateFunctions\mnemosyne_aggregate_functions.vcxproj
]
  (compiling source file '../../../src/AggregateFunctions/min_max.cpp')

C:\Users\tsuma.thomas\Documents\Mnemosyne\src\AggregateFunctions\min_max.h(56,16): error C2061: syntax error: identifie
r 'Arena' [C:\Users\tsuma.thomas\Documents\Mnemosyne\build\src\AggregateFunctions\mnemosyne_aggregate_functions.vcxproj
]
  (compiling source file '../../../src/AggregateFunctions/min_max.cpp')

C:\Users\tsuma.thomas\Documents\Mnemosyne\src\AggregateFunctions\min_max.h(58,19): error C2061: syntax error: identifie
r 'Arena' [C:\Users\tsuma.thomas\Documents\Mnemosyne\build\src\AggregateFunctions\mnemosyne_aggregate_functions.vcxproj
]
  (compiling source file '../../../src/AggregateFunctions/min_max.cpp')

C:\Users\tsuma.thomas\Documents\Mnemosyne\src\AggregateFunctions\min_max.h(63,19): error C2065: 'Field': undeclared ide
ntifier [C:\Users\tsuma.thomas\Documents\Mnemosyne\build\src\AggregateFunctions\mnemosyne_aggregate_functions.vcxproj]
  (compiling source file '../../../src/AggregateFunctions/min_max.cpp')

C:\Users\tsuma.thomas\Documents\Mnemosyne\src\AggregateFunctions\min_max.h(63,10): error C2923: 'std::optional': 'Field
' is not a valid template type argument for parameter '_Ty' [C:\Users\tsuma.thomas\Documents\Mnemosyne\build\src\Aggreg
ateFunctions\mnemosyne_aggregate_functions.vcxproj]
  (compiling source file '../../../src/AggregateFunctions/min_max.cpp')
      C:\Users\tsuma.thomas\Documents\Mnemosyne\src\AggregateFunctions\min_max.h(63,19):
      see declaration of 'Field'

C:\Users\tsuma.thomas\Documents\Mnemosyne\src\AggregateFunctions\min_max.h(63,28): error C2955: 'std::optional': use of
 class template requires template argument list [C:\Users\tsuma.thomas\Documents\Mnemosyne\build\src\AggregateFunctions
\mnemosyne_aggregate_functions.vcxproj]
  (compiling source file '../../../src/AggregateFunctions/min_max.cpp')
      C:\Program Files (x86)\Microsoft Visual Studio\2022\BuildTools\VC\Tools\MSVC\14.44.35207\include\optional(227,7):
      see declaration of 'std::optional'

C:\Users\tsuma.thomas\Documents\Mnemosyne\src\AggregateFunctions\i_aggregate_function.h(35,38): error C2065: 'Field': u
ndeclared identifier [C:\Users\tsuma.thomas\Documents\Mnemosyne\build\src\AggregateFunctions\mnemosyne_aggregate_functi
ons.vcxproj]
  (compiling source file '../../../src/AggregateFunctions/avg.cpp')

C:\Users\tsuma.thomas\Documents\Mnemosyne\src\AggregateFunctions\i_aggregate_function.h(35,32): error C4430: missing ty
pe specifier - int assumed. Note: C++ does not support default-int [C:\Users\tsuma.thomas\Documents\Mnemosyne\build\src
\AggregateFunctions\mnemosyne_aggregate_functions.vcxproj]
  (compiling source file '../../../src/AggregateFunctions/avg.cpp')

C:\Users\tsuma.thomas\Documents\Mnemosyne\src\AggregateFunctions\i_aggregate_function.h(35,38): error C2146: syntax err
or: missing '>' before identifier 'Field' [C:\Users\tsuma.thomas\Documents\Mnemosyne\build\src\AggregateFunctions\mnemo
syne_aggregate_functions.vcxproj]
  (compiling source file '../../../src/AggregateFunctions/avg.cpp')

C:\Users\tsuma.thomas\Documents\Mnemosyne\src\AggregateFunctions\i_aggregate_function.h(36,22): error C2061: syntax err
or: identifier 'Arena' [C:\Users\tsuma.thomas\Documents\Mnemosyne\build\src\AggregateFunctions\mnemosyne_aggregate_func
tions.vcxproj]
  (compiling source file '../../../src/AggregateFunctions/avg.cpp')

C:\Users\tsuma.thomas\Documents\Mnemosyne\src\AggregateFunctions\i_aggregate_function.h(41,24): error C2061: syntax err
or: identifier 'Arena' [C:\Users\tsuma.thomas\Documents\Mnemosyne\build\src\AggregateFunctions\mnemosyne_aggregate_func
tions.vcxproj]
  (compiling source file '../../../src/AggregateFunctions/avg.cpp')

C:\Users\tsuma.thomas\Documents\Mnemosyne\src\AggregateFunctions\i_aggregate_function.h(45,27): error C2061: syntax err
or: identifier 'Arena' [C:\Users\tsuma.thomas\Documents\Mnemosyne\build\src\AggregateFunctions\mnemosyne_aggregate_func
tions.vcxproj]
  (compiling source file '../../../src/AggregateFunctions/avg.cpp')

C:\Users\tsuma.thomas\Documents\Mnemosyne\src\AggregateFunctions\i_aggregate_function.h(51,29): error C2039: 'monotonic
_buffer_resource': is not a member of 'std::pmr' [C:\Users\tsuma.thomas\Documents\Mnemosyne\build\src\AggregateFunction
s\mnemosyne_aggregate_functions.vcxproj]
  (compiling source file '../../../src/AggregateFunctions/avg.cpp')
      C:\Program Files (x86)\Microsoft Visual Studio\2022\BuildTools\VC\Tools\MSVC\14.44.35207\include\vector(3628,11):
      see declaration of 'std::pmr'

C:\Users\tsuma.thomas\Documents\Mnemosyne\src\AggregateFunctions\i_aggregate_function.h(51,29): error C2061: syntax err
or: identifier 'monotonic_buffer_resource' [C:\Users\tsuma.thomas\Documents\Mnemosyne\build\src\AggregateFunctions\mnem
osyne_aggregate_functions.vcxproj]
  (compiling source file '../../../src/AggregateFunctions/avg.cpp')

C:\Users\tsuma.thomas\Documents\Mnemosyne\src\AggregateFunctions\avg.h(24,30): error C2065: 'Field': undeclared identif
ier [C:\Users\tsuma.thomas\Documents\Mnemosyne\build\src\AggregateFunctions\mnemosyne_aggregate_functions.vcxproj]
  (compiling source file '../../../src/AggregateFunctions/avg.cpp')

C:\Users\tsuma.thomas\Documents\Mnemosyne\src\AggregateFunctions\avg.h(24,24): error C4430: missing type specifier - in
t assumed. Note: C++ does not support default-int [C:\Users\tsuma.thomas\Documents\Mnemosyne\build\src\AggregateFunctio
ns\mnemosyne_aggregate_functions.vcxproj]
  (compiling source file '../../../src/AggregateFunctions/avg.cpp')

C:\Users\tsuma.thomas\Documents\Mnemosyne\src\AggregateFunctions\avg.h(24,30): error C2146: syntax error: missing '>' b
efore identifier 'Field' [C:\Users\tsuma.thomas\Documents\Mnemosyne\build\src\AggregateFunctions\mnemosyne_aggregate_fu
nctions.vcxproj]
  (compiling source file '../../../src/AggregateFunctions/avg.cpp')

C:\Users\tsuma.thomas\Documents\Mnemosyne\src\AggregateFunctions\avg.h(25,14): error C2061: syntax error: identifier 'A
rena' [C:\Users\tsuma.thomas\Documents\Mnemosyne\build\src\AggregateFunctions\mnemosyne_aggregate_functions.vcxproj]
  (compiling source file '../../../src/AggregateFunctions/avg.cpp')

C:\Users\tsuma.thomas\Documents\Mnemosyne\src\AggregateFunctions\avg.h(28,16): error C2061: syntax error: identifier 'A
rena' [C:\Users\tsuma.thomas\Documents\Mnemosyne\build\src\AggregateFunctions\mnemosyne_aggregate_functions.vcxproj]
  (compiling source file '../../../src/AggregateFunctions/avg.cpp')

C:\Users\tsuma.thomas\Documents\Mnemosyne\src\AggregateFunctions\avg.h(30,19): error C2061: syntax error: identifier 'A
rena' [C:\Users\tsuma.thomas\Documents\Mnemosyne\build\src\AggregateFunctions\mnemosyne_aggregate_functions.vcxproj]
  (compiling source file '../../../src/AggregateFunctions/avg.cpp')

C:\Users\tsuma.thomas\Documents\Mnemosyne\src\AggregateFunctions\sum.h(24,30): error C2065: 'Field': undeclared identif
ier [C:\Users\tsuma.thomas\Documents\Mnemosyne\build\src\AggregateFunctions\mnemosyne_aggregate_functions.vcxproj]
  (compiling source file '../../../src/AggregateFunctions/aggregate_function_factory.cpp')

C:\Users\tsuma.thomas\Documents\Mnemosyne\src\AggregateFunctions\sum.h(24,24): error C4430: missing type specifier - in
t assumed. Note: C++ does not support default-int [C:\Users\tsuma.thomas\Documents\Mnemosyne\build\src\AggregateFunctio
ns\mnemosyne_aggregate_functions.vcxproj]
  (compiling source file '../../../src/AggregateFunctions/aggregate_function_factory.cpp')

C:\Users\tsuma.thomas\Documents\Mnemosyne\src\AggregateFunctions\sum.h(24,30): error C2146: syntax error: missing '>' b
efore identifier 'Field' [C:\Users\tsuma.thomas\Documents\Mnemosyne\build\src\AggregateFunctions\mnemosyne_aggregate_fu
nctions.vcxproj]
  (compiling source file '../../../src/AggregateFunctions/aggregate_function_factory.cpp')

C:\Users\tsuma.thomas\Documents\Mnemosyne\src\AggregateFunctions\sum.h(25,14): error C2061: syntax error: identifier 'A
rena' [C:\Users\tsuma.thomas\Documents\Mnemosyne\build\src\AggregateFunctions\mnemosyne_aggregate_functions.vcxproj]
  (compiling source file '../../../src/AggregateFunctions/aggregate_function_factory.cpp')

C:\Users\tsuma.thomas\Documents\Mnemosyne\src\AggregateFunctions\sum.h(28,16): error C2061: syntax error: identifier 'A
rena' [C:\Users\tsuma.thomas\Documents\Mnemosyne\build\src\AggregateFunctions\mnemosyne_aggregate_functions.vcxproj]
  (compiling source file '../../../src/AggregateFunctions/aggregate_function_factory.cpp')

C:\Users\tsuma.thomas\Documents\Mnemosyne\src\AggregateFunctions\sum.h(30,19): error C2061: syntax error: identifier 'A
rena' [C:\Users\tsuma.thomas\Documents\Mnemosyne\build\src\AggregateFunctions\mnemosyne_aggregate_functions.vcxproj]
C:\Users\tsuma.thomas\Documents\Mnemosyne\src\AggregateFunctions\count.cpp(12,6): error C2653: 'CountState': is not a c
lass or namespace name [C:\Users\tsuma.thomas\Documents\Mnemosyne\build\src\AggregateFunctions\mnemosyne_aggregate_func
tions.vcxproj]
  (compiling source file '../../../src/AggregateFunctions/aggregate_function_factory.cpp')

C:\Users\tsuma.thomas\Documents\Mnemosyne\src\AggregateFunctions\count.cpp(13,5): error C2065: 'count_': undeclared ide
ntifier [C:\Users\tsuma.thomas\Documents\Mnemosyne\build\src\AggregateFunctions\mnemosyne_aggregate_functions.vcxproj]
C:\Users\tsuma.thomas\Documents\Mnemosyne\src\AggregateFunctions\count.cpp(16,6): error C2653: 'CountState': is not a c
lass or namespace name [C:\Users\tsuma.thomas\Documents\Mnemosyne\build\src\AggregateFunctions\mnemosyne_aggregate_func
tions.vcxproj]
C:\Users\tsuma.thomas\Documents\Mnemosyne\src\AggregateFunctions\count.h(23,30): error C2065: 'Field': undeclared ident
ifier [C:\Users\tsuma.thomas\Documents\Mnemosyne\build\src\AggregateFunctions\mnemosyne_aggregate_functions.vcxproj]
  (compiling source file '../../../src/AggregateFunctions/aggregate_function_factory.cpp')

C:\Users\tsuma.thomas\Documents\Mnemosyne\src\AggregateFunctions\count.h(23,24): error C4430: missing type specifier -
int assumed. Note: C++ does not support default-int [C:\Users\tsuma.thomas\Documents\Mnemosyne\build\src\AggregateFunct
ions\mnemosyne_aggregate_functions.vcxproj]
  (compiling source file '../../../src/AggregateFunctions/aggregate_function_factory.cpp')

C:\Users\tsuma.thomas\Documents\Mnemosyne\src\AggregateFunctions\count.h(23,30): error C2146: syntax error: missing '>'
 before identifier 'Field' [C:\Users\tsuma.thomas\Documents\Mnemosyne\build\src\AggregateFunctions\mnemosyne_aggregate_
functions.vcxproj]
  (compiling source file '../../../src/AggregateFunctions/aggregate_function_factory.cpp')

C:\Users\tsuma.thomas\Documents\Mnemosyne\src\AggregateFunctions\count.h(24,14): error C2061: syntax error: identifier
'Arena' [C:\Users\tsuma.thomas\Documents\Mnemosyne\build\src\AggregateFunctions\mnemosyne_aggregate_functions.vcxproj]
C:\Users\tsuma.thomas\Documents\Mnemosyne\src\AggregateFunctions\count.cpp(17,5): error C2065: 'count_': undeclared ide
ntifier [C:\Users\tsuma.thomas\Documents\Mnemosyne\build\src\AggregateFunctions\mnemosyne_aggregate_functions.vcxproj]
C:\Users\tsuma.thomas\Documents\Mnemosyne\src\AggregateFunctions\count.cpp(20,6): error C2653: 'CountState': is not a c
lass or namespace name [C:\Users\tsuma.thomas\Documents\Mnemosyne\build\src\AggregateFunctions\mnemosyne_aggregate_func
tions.vcxproj]
C:\Users\tsuma.thomas\Documents\Mnemosyne\src\AggregateFunctions\count.cpp(20,22): error C4430: missing type specifier
- int assumed. Note: C++ does not support default-int [C:\Users\tsuma.thomas\Documents\Mnemosyne\build\src\AggregateFun
ctions\mnemosyne_aggregate_functions.vcxproj]
C:\Users\tsuma.thomas\Documents\Mnemosyne\src\AggregateFunctions\count.cpp(20,33): error C2143: syntax error: missing '
,' before '&' [C:\Users\tsuma.thomas\Documents\Mnemosyne\build\src\AggregateFunctions\mnemosyne_aggregate_functions.vcx
proj]
C:\Users\tsuma.thomas\Documents\Mnemosyne\src\AggregateFunctions\count.cpp(21,10): error C2065: 'field': undeclared ide
ntifier [C:\Users\tsuma.thomas\Documents\Mnemosyne\build\src\AggregateFunctions\mnemosyne_aggregate_functions.vcxproj]
C:\Users\tsuma.thomas\Documents\Mnemosyne\src\AggregateFunctions\count.cpp(22,9): error C2065: 'count_': undeclared ide
ntifier [C:\Users\tsuma.thomas\Documents\Mnemosyne\build\src\AggregateFunctions\mnemosyne_aggregate_functions.vcxproj]
C:\Users\tsuma.thomas\Documents\Mnemosyne\src\AggregateFunctions\count.cpp(26,6): error C2653: 'CountState': is not a c
lass or namespace name [C:\Users\tsuma.thomas\Documents\Mnemosyne\build\src\AggregateFunctions\mnemosyne_aggregate_func
tions.vcxproj]
C:\Users\tsuma.thomas\Documents\Mnemosyne\src\AggregateFunctions\count.cpp(26,40): error C2065: 'Field': undeclared ide
ntifier [C:\Users\tsuma.thomas\Documents\Mnemosyne\build\src\AggregateFunctions\mnemosyne_aggregate_functions.vcxproj]
C:\Users\tsuma.thomas\Documents\Mnemosyne\src\AggregateFunctions\count.cpp(26,33): error C2923: 'std::vector': 'Field'
is not a valid template type argument for parameter '_Ty' [C:\Users\tsuma.thomas\Documents\Mnemosyne\build\src\Aggregat
eFunctions\mnemosyne_aggregate_functions.vcxproj]
      C:\Users\tsuma.thomas\Documents\Mnemosyne\src\AggregateFunctions\count.cpp(26,40):
      see declaration of 'Field'

C:\Users\tsuma.thomas\Documents\Mnemosyne\src\AggregateFunctions\count.cpp(26,33): error C2976: 'std::vector': too few
template arguments [C:\Users\tsuma.thomas\Documents\Mnemosyne\build\src\AggregateFunctions\mnemosyne_aggregate_function
s.vcxproj]
      C:\Program Files (x86)\Microsoft Visual Studio\2022\BuildTools\VC\Tools\MSVC\14.44.35207\include\vector(442,7):
      see declaration of 'std::vector'

C:\Users\tsuma.thomas\Documents\Mnemosyne\src\AggregateFunctions\count.cpp(26,48): error C2955: 'std::vector': use of c
lass template requires template argument list [C:\Users\tsuma.thomas\Documents\Mnemosyne\build\src\AggregateFunctions\m
nemosyne_aggregate_functions.vcxproj]
      C:\Program Files (x86)\Microsoft Visual Studio\2022\BuildTools\VC\Tools\MSVC\14.44.35207\include\vector(442,7):
      see declaration of 'std::vector'

  (compiling source file '../../../src/AggregateFunctions/aggregate_function_factory.cpp')

C:\Users\tsuma.thomas\Documents\Mnemosyne\src\AggregateFunctions\count.h(27,16): error C2061: syntax error: identifier
'Arena' [C:\Users\tsuma.thomas\Documents\Mnemosyne\build\src\AggregateFunctions\mnemosyne_aggregate_functions.vcxproj]
  (compiling source file '../../../src/AggregateFunctions/aggregate_function_factory.cpp')

C:\Users\tsuma.thomas\Documents\Mnemosyne\src\AggregateFunctions\count.h(29,19): error C2061: syntax error: identifier
'Arena' [C:\Users\tsuma.thomas\Documents\Mnemosyne\build\src\AggregateFunctions\mnemosyne_aggregate_functions.vcxproj]
  (compiling source file '../../../src/AggregateFunctions/aggregate_function_factory.cpp')

C:\Users\tsuma.thomas\Documents\Mnemosyne\src\AggregateFunctions\avg.h(24,30): error C2065: 'Field': undeclared identif
ier [C:\Users\tsuma.thomas\Documents\Mnemosyne\build\src\AggregateFunctions\mnemosyne_aggregate_functions.vcxproj]
  (compiling source file '../../../src/AggregateFunctions/aggregate_function_factory.cpp')

C:\Users\tsuma.thomas\Documents\Mnemosyne\src\AggregateFunctions\avg.h(24,24): error C4430: missing type specifier - in
t assumed. Note: C++ does not support default-int [C:\Users\tsuma.thomas\Documents\Mnemosyne\build\src\AggregateFunctio
ns\mnemosyne_aggregate_functions.vcxproj]
  (compiling source file '../../../src/AggregateFunctions/aggregate_function_factory.cpp')

C:\Users\tsuma.thomas\Documents\Mnemosyne\src\AggregateFunctions\avg.h(24,30): error C2146: syntax error: missing '>' b
efore identifier 'Field' [C:\Users\tsuma.thomas\Documents\Mnemosyne\build\src\AggregateFunctions\mnemosyne_aggregate_fu
nctions.vcxproj]
  (compiling source file '../../../src/AggregateFunctions/aggregate_function_factory.cpp')

C:\Users\tsuma.thomas\Documents\Mnemosyne\src\AggregateFunctions\avg.h(25,14): error C2061: syntax error: identifier 'A
rena' [C:\Users\tsuma.thomas\Documents\Mnemosyne\build\src\AggregateFunctions\mnemosyne_aggregate_functions.vcxproj]
  (compiling source file '../../../src/AggregateFunctions/aggregate_function_factory.cpp')

C:\Users\tsuma.thomas\Documents\Mnemosyne\src\AggregateFunctions\avg.h(28,16): error C2061: syntax error: identifier 'A
rena' [C:\Users\tsuma.thomas\Documents\Mnemosyne\build\src\AggregateFunctions\mnemosyne_aggregate_functions.vcxproj]
  (compiling source file '../../../src/AggregateFunctions/aggregate_function_factory.cpp')

C:\Users\tsuma.thomas\Documents\Mnemosyne\src\AggregateFunctions\avg.h(30,19): error C2061: syntax error: identifier 'A
rena' [C:\Users\tsuma.thomas\Documents\Mnemosyne\build\src\AggregateFunctions\mnemosyne_aggregate_functions.vcxproj]
  (compiling source file '../../../src/AggregateFunctions/aggregate_function_factory.cpp')

C:\Users\tsuma.thomas\Documents\Mnemosyne\src\AggregateFunctions\min_max.h(26,30): error C2065: 'Field': undeclared ide
ntifier [C:\Users\tsuma.thomas\Documents\Mnemosyne\build\src\AggregateFunctions\mnemosyne_aggregate_functions.vcxproj]
C:\Users\tsuma.thomas\Documents\Mnemosyne\src\AggregateFunctions\count.cpp(27,26): error C2663: 'std::vector<_Ty,_Alloc
>::_Unchecked_begin': no overloaded function has valid conversion for 'this' pointer [C:\Users\tsuma.thomas\Documents\M
nemosyne\build\src\AggregateFunctions\mnemosyne_aggregate_functions.vcxproj]
      C:\Program Files (x86)\Microsoft Visual Studio\2022\BuildTools\VC\Tools\MSVC\14.44.35207\include\vector(1896,40):
      could be 'const _Ty *std::vector<_Ty,_Alloc>::_Unchecked_begin(void) noexcept const'
          C:\Users\tsuma.thomas\Documents\Mnemosyne\src\AggregateFunctions\count.cpp(27,26):
          'const _Ty *std::vector<_Ty,_Alloc>::_Unchecked_begin(void) noexcept const': cannot convert 'this' pointer fr
  om 'const std::vector' to 'const std::vector<_Ty,_Alloc> &'
              C:\Users\tsuma.thomas\Documents\Mnemosyne\src\AggregateFunctions\count.cpp(27,26):
              Reason: cannot convert from 'const std::vector' to 'const std::vector<_Ty,_Alloc>'
              C:\Users\tsuma.thomas\Documents\Mnemosyne\src\AggregateFunctions\count.cpp(27,26):
              Conversion requires a second user-defined-conversion operator or constructor
      C:\Program Files (x86)\Microsoft Visual Studio\2022\BuildTools\VC\Tools\MSVC\14.44.35207\include\vector(1892,34):
      or       '_Ty *std::vector<_Ty,_Alloc>::_Unchecked_begin(void) noexcept'
          C:\Users\tsuma.thomas\Documents\Mnemosyne\src\AggregateFunctions\count.cpp(27,26):
          '_Ty *std::vector<_Ty,_Alloc>::_Unchecked_begin(void) noexcept': cannot convert 'this' pointer from 'const st
  d::vector' to 'std::vector<_Ty,_Alloc> &'
              C:\Users\tsuma.thomas\Documents\Mnemosyne\src\AggregateFunctions\count.cpp(27,26):
              Reason: cannot convert from 'const std::vector' to 'std::vector<_Ty,_Alloc>'
              C:\Users\tsuma.thomas\Documents\Mnemosyne\src\AggregateFunctions\count.cpp(27,26):
              Conversion requires a second user-defined-conversion operator or constructor
      C:\Users\tsuma.thomas\Documents\Mnemosyne\src\AggregateFunctions\count.cpp(27,26):
      while trying to match the argument list '()'

  (compiling source file '../../../src/AggregateFunctions/aggregate_function_factory.cpp')

C:\Users\tsuma.thomas\Documents\Mnemosyne\src\AggregateFunctions\count.cpp(27,26): error C2663: 'std::vector<_Ty,_Alloc
>::_Unchecked_end': no overloaded function has valid conversion for 'this' pointer [C:\Users\tsuma.thomas\Documents\Mne
mosyne\build\src\AggregateFunctions\mnemosyne_aggregate_functions.vcxproj]
      C:\Program Files (x86)\Microsoft Visual Studio\2022\BuildTools\VC\Tools\MSVC\14.44.35207\include\vector(1904,40):
      could be 'const _Ty *std::vector<_Ty,_Alloc>::_Unchecked_end(void) noexcept const'
          C:\Users\tsuma.thomas\Documents\Mnemosyne\src\AggregateFunctions\count.cpp(27,26):
          'const _Ty *std::vector<_Ty,_Alloc>::_Unchecked_end(void) noexcept const': cannot convert 'this' pointer from
   'const std::vector' to 'const std::vector<_Ty,_Alloc> &'
              C:\Users\tsuma.thomas\Documents\Mnemosyne\src\AggregateFunctions\count.cpp(27,26):
              Reason: cannot convert from 'const std::vector' to 'const std::vector<_Ty,_Alloc>'
              C:\Users\tsuma.thomas\Documents\Mnemosyne\src\AggregateFunctions\count.cpp(27,26):
              Conversion requires a second user-defined-conversion operator or constructor
      C:\Program Files (x86)\Microsoft Visual Studio\2022\BuildTools\VC\Tools\MSVC\14.44.35207\include\vector(1900,34):
      or       '_Ty *std::vector<_Ty,_Alloc>::_Unchecked_end(void) noexcept'
          C:\Users\tsuma.thomas\Documents\Mnemosyne\src\AggregateFunctions\count.cpp(27,26):
          '_Ty *std::vector<_Ty,_Alloc>::_Unchecked_end(void) noexcept': cannot convert 'this' pointer from 'const std:
  :vector' to 'std::vector<_Ty,_Alloc> &'
              C:\Users\tsuma.thomas\Documents\Mnemosyne\src\AggregateFunctions\count.cpp(27,26):
              Reason: cannot convert from 'const std::vector' to 'std::vector<_Ty,_Alloc>'
              C:\Users\tsuma.thomas\Documents\Mnemosyne\src\AggregateFunctions\count.cpp(27,26):
              Conversion requires a second user-defined-conversion operator or constructor
      C:\Users\tsuma.thomas\Documents\Mnemosyne\src\AggregateFunctions\count.cpp(27,26):
      while trying to match the argument list '()'

C:\Users\tsuma.thomas\Documents\Mnemosyne\src\AggregateFunctions\count.cpp(28,9): error C2668: 'mnesso::aggregate_funct
ions::add': ambiguous call to overloaded function [C:\Users\tsuma.thomas\Documents\Mnemosyne\build\src\AggregateFunctio
ns\mnemosyne_aggregate_functions.vcxproj]
      C:\Users\tsuma.thomas\Documents\Mnemosyne\src\AggregateFunctions\count.cpp(26,18):
      could be 'void mnesso::aggregate_functions::add(const std::vector &)'
      C:\Users\tsuma.thomas\Documents\Mnemosyne\src\AggregateFunctions\count.cpp(20,18):
      or       'void mnesso::aggregate_functions::add(const int)'
      C:\Users\tsuma.thomas\Documents\Mnemosyne\src\AggregateFunctions\count.cpp(28,9):
      while trying to match the argument list '(const _Ty)'

C:\Users\tsuma.thomas\Documents\Mnemosyne\src\AggregateFunctions\min_max.h(26,24): error C4430: missing type specifier
- int assumed. Note: C++ does not support default-int [C:\Users\tsuma.thomas\Documents\Mnemosyne\build\src\AggregateFun
ctions\mnemosyne_aggregate_functions.vcxproj]
C:\Users\tsuma.thomas\Documents\Mnemosyne\src\AggregateFunctions\count.cpp(32,6): error C2653: 'CountState': is not a c
lass or namespace name [C:\Users\tsuma.thomas\Documents\Mnemosyne\build\src\AggregateFunctions\mnemosyne_aggregate_func
tions.vcxproj]
C:\Users\tsuma.thomas\Documents\Mnemosyne\src\AggregateFunctions\count.cpp(32,36): error C3613: missing return type aft
er '->' ('int' assumed) [C:\Users\tsuma.thomas\Documents\Mnemosyne\build\src\AggregateFunctions\mnemosyne_aggregate_fun
ctions.vcxproj]
C:\Users\tsuma.thomas\Documents\Mnemosyne\src\AggregateFunctions\count.cpp(32,36): error C3646: 'Field': unknown overri
de specifier [C:\Users\tsuma.thomas\Documents\Mnemosyne\build\src\AggregateFunctions\mnemosyne_aggregate_functions.vcxp
roj]
C:\Users\tsuma.thomas\Documents\Mnemosyne\src\AggregateFunctions\count.cpp(32,18): error C2270: 'result': modifiers not
 allowed on nonmember functions [C:\Users\tsuma.thomas\Documents\Mnemosyne\build\src\AggregateFunctions\mnemosyne_aggre
gate_functions.vcxproj]
C:\Users\tsuma.thomas\Documents\Mnemosyne\src\AggregateFunctions\count.cpp(33,12): error C2065: 'Field': undeclared ide
ntifier [C:\Users\tsuma.thomas\Documents\Mnemosyne\build\src\AggregateFunctions\mnemosyne_aggregate_functions.vcxproj]
C:\Users\tsuma.thomas\Documents\Mnemosyne\src\AggregateFunctions\count.cpp(33,39): error C2065: 'count_': undeclared id
entifier [C:\Users\tsuma.thomas\Documents\Mnemosyne\build\src\AggregateFunctions\mnemosyne_aggregate_functions.vcxproj]
C:\Users\tsuma.thomas\Documents\Mnemosyne\src\AggregateFunctions\count.cpp(36,6): error C2653: 'CountState': is not a c
lass or namespace name [C:\Users\tsuma.thomas\Documents\Mnemosyne\build\src\AggregateFunctions\mnemosyne_aggregate_func
tions.vcxproj]
C:\Users\tsuma.thomas\Documents\Mnemosyne\src\AggregateFunctions\count.cpp(36,18): error C2270: 'result_string': modifi
ers not allowed on nonmember functions [C:\Users\tsuma.thomas\Documents\Mnemosyne\build\src\AggregateFunctions\mnemosyn
e_aggregate_functions.vcxproj]
C:\Users\tsuma.thomas\Documents\Mnemosyne\src\AggregateFunctions\count.cpp(37,27): error C2065: 'count_': undeclared id
entifier [C:\Users\tsuma.thomas\Documents\Mnemosyne\build\src\AggregateFunctions\mnemosyne_aggregate_functions.vcxproj]
C:\Users\tsuma.thomas\Documents\Mnemosyne\src\AggregateFunctions\count.cpp(40,6): error C2653: 'CountState': is not a c
lass or namespace name [C:\Users\tsuma.thomas\Documents\Mnemosyne\build\src\AggregateFunctions\mnemosyne_aggregate_func
tions.vcxproj]
C:\Users\tsuma.thomas\Documents\Mnemosyne\src\AggregateFunctions\count.cpp(40,18): error C2270: 'has_result': modifiers
 not allowed on nonmember functions [C:\Users\tsuma.thomas\Documents\Mnemosyne\build\src\AggregateFunctions\mnemosyne_a
ggregate_functions.vcxproj]
  (compiling source file '../../../src/AggregateFunctions/aggregate_function_factory.cpp')

C:\Users\tsuma.thomas\Documents\Mnemosyne\src\AggregateFunctions\count.cpp(44,6): error C2653: 'CountState': is not a c
lass or namespace name [C:\Users\tsuma.thomas\Documents\Mnemosyne\build\src\AggregateFunctions\mnemosyne_aggregate_func
tions.vcxproj]
C:\Users\tsuma.thomas\Documents\Mnemosyne\src\AggregateFunctions\count.cpp(44,18): error C2270: 'clone': modifiers not
allowed on nonmember functions [C:\Users\tsuma.thomas\Documents\Mnemosyne\build\src\AggregateFunctions\mnemosyne_aggreg
ate_functions.vcxproj]
C:\Users\tsuma.thomas\Documents\Mnemosyne\src\AggregateFunctions\count.cpp(45,23): error C2061: syntax error: identifie
r 'CountState' [C:\Users\tsuma.thomas\Documents\Mnemosyne\build\src\AggregateFunctions\mnemosyne_aggregate_functions.vc
xproj]
C:\Users\tsuma.thomas\Documents\Mnemosyne\src\AggregateFunctions\count.cpp(45,33): error C2143: syntax error: missing '
;' before '{' [C:\Users\tsuma.thomas\Documents\Mnemosyne\build\src\AggregateFunctions\mnemosyne_aggregate_functions.vcx
proj]
C:\Users\tsuma.thomas\Documents\Mnemosyne\src\AggregateFunctions\count.cpp(46,5): error C3536: 'state': cannot be used
before it is initialized [C:\Users\tsuma.thomas\Documents\Mnemosyne\build\src\AggregateFunctions\mnemosyne_aggregate_fu
nctions.vcxproj]
C:\Users\tsuma.thomas\Documents\Mnemosyne\src\AggregateFunctions\count.cpp(46,21): error C2065: 'count_': undeclared id
entifier [C:\Users\tsuma.thomas\Documents\Mnemosyne\build\src\AggregateFunctions\mnemosyne_aggregate_functions.vcxproj]
C:\Users\tsuma.thomas\Documents\Mnemosyne\src\AggregateFunctions\count.cpp(52,21): error C2039: 'info': is not a member
 of 'mnesso::aggregate_functions::FunctionCount' [C:\Users\tsuma.thomas\Documents\Mnemosyne\build\src\AggregateFunction
s\mnemosyne_aggregate_functions.vcxproj]
      C:\Users\tsuma.thomas\Documents\Mnemosyne\src\AggregateFunctions\count.h(12,7):
      see declaration of 'mnesso::aggregate_functions::FunctionCount'

C:\Users\tsuma.thomas\Documents\Mnemosyne\src\AggregateFunctions\count.cpp(52,37): error C3613: missing return type aft
er '->' ('int' assumed) [C:\Users\tsuma.thomas\Documents\Mnemosyne\build\src\AggregateFunctions\mnemosyne_aggregate_fun
ctions.vcxproj]
C:\Users\tsuma.thomas\Documents\Mnemosyne\src\AggregateFunctions\count.cpp(52,37): error C3646: 'FunctionInfo': unknown
 override specifier [C:\Users\tsuma.thomas\Documents\Mnemosyne\build\src\AggregateFunctions\mnemosyne_aggregate_functio
ns.vcxproj]
C:\Users\tsuma.thomas\Documents\Mnemosyne\src\AggregateFunctions\count.cpp(52,21): error C2270: 'info': modifiers not a
llowed on nonmember functions [C:\Users\tsuma.thomas\Documents\Mnemosyne\build\src\AggregateFunctions\mnemosyne_aggrega
te_functions.vcxproj]
C:\Users\tsuma.thomas\Documents\Mnemosyne\src\AggregateFunctions\count.cpp(56,21): error C2039: 'prepare': is not a mem
ber of 'mnesso::aggregate_functions::FunctionCount' [C:\Users\tsuma.thomas\Documents\Mnemosyne\build\src\AggregateFunct
ions\mnemosyne_aggregate_functions.vcxproj]
      C:\Users\tsuma.thomas\Documents\Mnemosyne\src\AggregateFunctions\count.h(12,7):
      see declaration of 'mnesso::aggregate_functions::FunctionCount'

C:\Users\tsuma.thomas\Documents\Mnemosyne\src\AggregateFunctions\count.cpp(60,21): error C2039: 'can_execute': is not a
 member of 'mnesso::aggregate_functions::FunctionCount' [C:\Users\tsuma.thomas\Documents\Mnemosyne\build\src\AggregateF
unctions\mnemosyne_aggregate_functions.vcxproj]
      C:\Users\tsuma.thomas\Documents\Mnemosyne\src\AggregateFunctions\count.h(12,7):
      see declaration of 'mnesso::aggregate_functions::FunctionCount'

C:\Users\tsuma.thomas\Documents\Mnemosyne\src\AggregateFunctions\count.cpp(60,21): error C2270: 'can_execute': modifier
s not allowed on nonmember functions [C:\Users\tsuma.thomas\Documents\Mnemosyne\build\src\AggregateFunctions\mnemosyne_
aggregate_functions.vcxproj]
C:\Users\tsuma.thomas\Documents\Mnemosyne\src\AggregateFunctions\count.cpp(64,21): error C2039: 'create_state': is not
a member of 'mnesso::aggregate_functions::FunctionCount' [C:\Users\tsuma.thomas\Documents\Mnemosyne\build\src\Aggregate
Functions\mnemosyne_aggregate_functions.vcxproj]
      C:\Users\tsuma.thomas\Documents\Mnemosyne\src\AggregateFunctions\count.h(12,7):
      see declaration of 'mnesso::aggregate_functions::FunctionCount'

C:\Users\tsuma.thomas\Documents\Mnemosyne\src\AggregateFunctions\count.cpp(64,21): error C2270: 'create_state': modifie
rs not allowed on nonmember functions [C:\Users\tsuma.thomas\Documents\Mnemosyne\build\src\AggregateFunctions\mnemosyne
_aggregate_functions.vcxproj]
C:\Users\tsuma.thomas\Documents\Mnemosyne\src\AggregateFunctions\count.cpp(65,16): error C2061: syntax error: identifie
r 'CountState' [C:\Users\tsuma.thomas\Documents\Mnemosyne\build\src\AggregateFunctions\mnemosyne_aggregate_functions.vc
xproj]
C:\Users\tsuma.thomas\Documents\Mnemosyne\src\AggregateFunctions\count.cpp(65,26): error C2143: syntax error: missing '
;' before '{' [C:\Users\tsuma.thomas\Documents\Mnemosyne\build\src\AggregateFunctions\mnemosyne_aggregate_functions.vcx
proj]
C:\Users\tsuma.thomas\Documents\Mnemosyne\src\AggregateFunctions\count.cpp(68,38): error C4430: missing type specifier
- int assumed. Note: C++ does not support default-int [C:\Users\tsuma.thomas\Documents\Mnemosyne\build\src\AggregateFun
ctions\mnemosyne_aggregate_functions.vcxproj]
C:\Users\tsuma.thomas\Documents\Mnemosyne\src\AggregateFunctions\min_max.h(26,30): error C2146: syntax error: missing '
>' before identifier 'Field' [C:\Users\tsuma.thomas\Documents\Mnemosyne\build\src\AggregateFunctions\mnemosyne_aggregat
e_functions.vcxproj]
C:\Users\tsuma.thomas\Documents\Mnemosyne\src\AggregateFunctions\count.cpp(68,49): error C2143: syntax error: missing '
,' before '&' [C:\Users\tsuma.thomas\Documents\Mnemosyne\build\src\AggregateFunctions\mnemosyne_aggregate_functions.vcx
proj]
C:\Users\tsuma.thomas\Documents\Mnemosyne\src\AggregateFunctions\count.cpp(68,21): error C2511: 'void mnesso::aggregate
_functions::FunctionCount::add(void *,const int) const': overloaded member function not found in 'mnesso::aggregate_fun
ctions::FunctionCount' [C:\Users\tsuma.thomas\Documents\Mnemosyne\build\src\AggregateFunctions\mnemosyne_aggregate_func
tions.vcxproj]
      C:\Users\tsuma.thomas\Documents\Mnemosyne\src\AggregateFunctions\count.h(12,7):
      see declaration of 'mnesso::aggregate_functions::FunctionCount'

C:\Users\tsuma.thomas\Documents\Mnemosyne\src\AggregateFunctions\count.cpp(69,17): error C2061: syntax error: identifie
r 'CountState' [C:\Users\tsuma.thomas\Documents\Mnemosyne\build\src\AggregateFunctions\mnemosyne_aggregate_functions.vc
xproj]
C:\Users\tsuma.thomas\Documents\Mnemosyne\src\AggregateFunctions\count.cpp(72,56): error C2065: 'Field': undeclared ide
ntifier [C:\Users\tsuma.thomas\Documents\Mnemosyne\build\src\AggregateFunctions\mnemosyne_aggregate_functions.vcxproj]
C:\Users\tsuma.thomas\Documents\Mnemosyne\src\AggregateFunctions\count.cpp(72,49): error C2923: 'std::vector': 'Field'
is not a valid template type argument for parameter '_Ty' [C:\Users\tsuma.thomas\Documents\Mnemosyne\build\src\Aggregat
eFunctions\mnemosyne_aggregate_functions.vcxproj]
      C:\Users\tsuma.thomas\Documents\Mnemosyne\src\AggregateFunctions\count.cpp(72,56):
      see declaration of 'Field'

C:\Users\tsuma.thomas\Documents\Mnemosyne\src\AggregateFunctions\count.cpp(72,49): error C2976: 'std::vector': too few
template arguments [C:\Users\tsuma.thomas\Documents\Mnemosyne\build\src\AggregateFunctions\mnemosyne_aggregate_function
s.vcxproj]
      C:\Program Files (x86)\Microsoft Visual Studio\2022\BuildTools\VC\Tools\MSVC\14.44.35207\include\vector(442,7):
      see declaration of 'std::vector'

C:\Users\tsuma.thomas\Documents\Mnemosyne\src\AggregateFunctions\count.cpp(72,64): error C2955: 'std::vector': use of c
lass template requires template argument list [C:\Users\tsuma.thomas\Documents\Mnemosyne\build\src\AggregateFunctions\m
nemosyne_aggregate_functions.vcxproj]
      C:\Program Files (x86)\Microsoft Visual Studio\2022\BuildTools\VC\Tools\MSVC\14.44.35207\include\vector(442,7):
      see declaration of 'std::vector'

C:\Users\tsuma.thomas\Documents\Mnemosyne\src\AggregateFunctions\count.cpp(72,21): error C2511: 'void mnesso::aggregate
_functions::FunctionCount::add(void *,const std::vector &) const': overloaded member function not found in 'mnesso::agg
regate_functions::FunctionCount' [C:\Users\tsuma.thomas\Documents\Mnemosyne\build\src\AggregateFunctions\mnemosyne_aggr
egate_functions.vcxproj]
      C:\Users\tsuma.thomas\Documents\Mnemosyne\src\AggregateFunctions\count.h(12,7):
      see declaration of 'mnesso::aggregate_functions::FunctionCount'

C:\Users\tsuma.thomas\Documents\Mnemosyne\src\AggregateFunctions\count.cpp(73,17): error C2061: syntax error: identifie
r 'CountState' [C:\Users\tsuma.thomas\Documents\Mnemosyne\build\src\AggregateFunctions\mnemosyne_aggregate_functions.vc
xproj]
C:\Users\tsuma.thomas\Documents\Mnemosyne\src\AggregateFunctions\count.cpp(76,21): error C2039: 'result': is not a memb
er of 'mnesso::aggregate_functions::FunctionCount' [C:\Users\tsuma.thomas\Documents\Mnemosyne\build\src\AggregateFuncti
ons\mnemosyne_aggregate_functions.vcxproj]
      C:\Users\tsuma.thomas\Documents\Mnemosyne\src\AggregateFunctions\count.h(12,7):
      see declaration of 'mnesso::aggregate_functions::FunctionCount'

C:\Users\tsuma.thomas\Documents\Mnemosyne\src\AggregateFunctions\count.cpp(76,50): error C3613: missing return type aft
er '->' ('int' assumed) [C:\Users\tsuma.thomas\Documents\Mnemosyne\build\src\AggregateFunctions\mnemosyne_aggregate_fun
ctions.vcxproj]
  (compiling source file '../../../src/AggregateFunctions/aggregate_function_factory.cpp')

C:\Users\tsuma.thomas\Documents\Mnemosyne\src\AggregateFunctions\count.cpp(76,50): error C3646: 'Field': unknown overri
de specifier [C:\Users\tsuma.thomas\Documents\Mnemosyne\build\src\AggregateFunctions\mnemosyne_aggregate_functions.vcxp
roj]
C:\Users\tsuma.thomas\Documents\Mnemosyne\src\AggregateFunctions\count.cpp(76,21): error C2270: 'result': modifiers not
 allowed on nonmember functions [C:\Users\tsuma.thomas\Documents\Mnemosyne\build\src\AggregateFunctions\mnemosyne_aggre
gate_functions.vcxproj]
C:\Users\tsuma.thomas\Documents\Mnemosyne\src\AggregateFunctions\count.cpp(77,24): error C2061: syntax error: identifie
r 'CountState' [C:\Users\tsuma.thomas\Documents\Mnemosyne\build\src\AggregateFunctions\mnemosyne_aggregate_functions.vc
xproj]
C:\Users\tsuma.thomas\Documents\Mnemosyne\src\AggregateFunctions\min_max.h(27,14): error C2061: syntax error: identifie
r 'Arena' [C:\Users\tsuma.thomas\Documents\Mnemosyne\build\src\AggregateFunctions\mnemosyne_aggregate_functions.vcxproj
]
  (compiling source file '../../../src/AggregateFunctions/aggregate_function_factory.cpp')

C:\Users\tsuma.thomas\Documents\Mnemosyne\src\AggregateFunctions\min_max.h(30,16): error C2061: syntax error: identifie
r 'Arena' [C:\Users\tsuma.thomas\Documents\Mnemosyne\build\src\AggregateFunctions\mnemosyne_aggregate_functions.vcxproj
]
  (compiling source file '../../../src/AggregateFunctions/aggregate_function_factory.cpp')

C:\Users\tsuma.thomas\Documents\Mnemosyne\src\AggregateFunctions\count.cpp(80,21): error C2039: 'result_string': is not
 a member of 'mnesso::aggregate_functions::FunctionCount' [C:\Users\tsuma.thomas\Documents\Mnemosyne\build\src\Aggregat
eFunctions\mnemosyne_aggregate_functions.vcxproj]
      C:\Users\tsuma.thomas\Documents\Mnemosyne\src\AggregateFunctions\count.h(12,7):
      see declaration of 'mnesso::aggregate_functions::FunctionCount'

C:\Users\tsuma.thomas\Documents\Mnemosyne\src\AggregateFunctions\count.cpp(80,21): error C2270: 'result_string': modifi
ers not allowed on nonmember functions [C:\Users\tsuma.thomas\Documents\Mnemosyne\build\src\AggregateFunctions\mnemosyn
e_aggregate_functions.vcxproj]
C:\Users\tsuma.thomas\Documents\Mnemosyne\src\AggregateFunctions\count.cpp(81,24): error C2061: syntax error: identifie
r 'CountState' [C:\Users\tsuma.thomas\Documents\Mnemosyne\build\src\AggregateFunctions\mnemosyne_aggregate_functions.vc
xproj]
C:\Users\tsuma.thomas\Documents\Mnemosyne\src\AggregateFunctions\count.cpp(84,21): error C2511: 'void mnesso::aggregate
_functions::FunctionCount::merge(void *,void *) const': overloaded member function not found in 'mnesso::aggregate_func
tions::FunctionCount' [C:\Users\tsuma.thomas\Documents\Mnemosyne\build\src\AggregateFunctions\mnemosyne_aggregate_funct
ions.vcxproj]
      C:\Users\tsuma.thomas\Documents\Mnemosyne\src\AggregateFunctions\count.h(12,7):
      see declaration of 'mnesso::aggregate_functions::FunctionCount'

C:\Users\tsuma.thomas\Documents\Mnemosyne\src\AggregateFunctions\count.cpp(85,30): error C2061: syntax error: identifie
r 'CountState' [C:\Users\tsuma.thomas\Documents\Mnemosyne\build\src\AggregateFunctions\mnemosyne_aggregate_functions.vc
xproj]
C:\Users\tsuma.thomas\Documents\Mnemosyne\src\AggregateFunctions\count.cpp(86,29): error C2061: syntax error: identifie
r 'CountState' [C:\Users\tsuma.thomas\Documents\Mnemosyne\build\src\AggregateFunctions\mnemosyne_aggregate_functions.vc
xproj]
C:\Users\tsuma.thomas\Documents\Mnemosyne\src\AggregateFunctions\count.cpp(87,5): error C3536: 'dest': cannot be used b
efore it is initialized [C:\Users\tsuma.thomas\Documents\Mnemosyne\build\src\AggregateFunctions\mnemosyne_aggregate_fun
ctions.vcxproj]
C:\Users\tsuma.thomas\Documents\Mnemosyne\src\AggregateFunctions\count.cpp(87,21): error C3536: 'src': cannot be used b
efore it is initialized [C:\Users\tsuma.thomas\Documents\Mnemosyne\build\src\AggregateFunctions\mnemosyne_aggregate_fun
ctions.vcxproj]
C:\Users\tsuma.thomas\Documents\Mnemosyne\src\AggregateFunctions\count.cpp(90,21): error C2039: 'reset': is not a membe
r of 'mnesso::aggregate_functions::FunctionCount' [C:\Users\tsuma.thomas\Documents\Mnemosyne\build\src\AggregateFunctio
ns\mnemosyne_aggregate_functions.vcxproj]
      C:\Users\tsuma.thomas\Documents\Mnemosyne\src\AggregateFunctions\count.h(12,7):
      see declaration of 'mnesso::aggregate_functions::FunctionCount'

C:\Users\tsuma.thomas\Documents\Mnemosyne\src\AggregateFunctions\min_max.h(32,19): error C2061: syntax error: identifie
r 'Arena' [C:\Users\tsuma.thomas\Documents\Mnemosyne\build\src\AggregateFunctions\mnemosyne_aggregate_functions.vcxproj
]
  (compiling source file '../../../src/AggregateFunctions/aggregate_function_factory.cpp')

C:\Users\tsuma.thomas\Documents\Mnemosyne\src\AggregateFunctions\min_max.h(37,19): error C2065: 'Field': undeclared ide
ntifier [C:\Users\tsuma.thomas\Documents\Mnemosyne\build\src\AggregateFunctions\mnemosyne_aggregate_functions.vcxproj]
  (compiling source file '../../../src/AggregateFunctions/aggregate_function_factory.cpp')

C:\Users\tsuma.thomas\Documents\Mnemosyne\src\AggregateFunctions\min_max.h(37,10): error C2923: 'std::optional': 'Field
' is not a valid template type argument for parameter '_Ty' [C:\Users\tsuma.thomas\Documents\Mnemosyne\build\src\Aggreg
ateFunctions\mnemosyne_aggregate_functions.vcxproj]
  (compiling source file '../../../src/AggregateFunctions/aggregate_function_factory.cpp')
      C:\Users\tsuma.thomas\Documents\Mnemosyne\src\AggregateFunctions\min_max.h(37,19):
      see declaration of 'Field'

C:\Users\tsuma.thomas\Documents\Mnemosyne\src\AggregateFunctions\min_max.h(37,28): error C2955: 'std::optional': use of
 class template requires template argument list [C:\Users\tsuma.thomas\Documents\Mnemosyne\build\src\AggregateFunctions
\mnemosyne_aggregate_functions.vcxproj]
  (compiling source file '../../../src/AggregateFunctions/aggregate_function_factory.cpp')
      C:\Program Files (x86)\Microsoft Visual Studio\2022\BuildTools\VC\Tools\MSVC\14.44.35207\include\optional(227,7):
      see declaration of 'std::optional'

C:\Users\tsuma.thomas\Documents\Mnemosyne\src\AggregateFunctions\min_max.h(52,30): error C2065: 'Field': undeclared ide
ntifier [C:\Users\tsuma.thomas\Documents\Mnemosyne\build\src\AggregateFunctions\mnemosyne_aggregate_functions.vcxproj]
  (compiling source file '../../../src/AggregateFunctions/aggregate_function_factory.cpp')

C:\Users\tsuma.thomas\Documents\Mnemosyne\src\AggregateFunctions\count.cpp(90,21): error C2270: 'reset': modifiers not
allowed on nonmember functions [C:\Users\tsuma.thomas\Documents\Mnemosyne\build\src\AggregateFunctions\mnemosyne_aggreg
ate_functions.vcxproj]
C:\Users\tsuma.thomas\Documents\Mnemosyne\src\AggregateFunctions\count.cpp(91,17): error C2061: syntax error: identifie
r 'CountState' [C:\Users\tsuma.thomas\Documents\Mnemosyne\build\src\AggregateFunctions\mnemosyne_aggregate_functions.vc
xproj]
C:\Users\tsuma.thomas\Documents\Mnemosyne\src\AggregateFunctions\min_max.h(52,24): error C4430: missing type specifier
- int assumed. Note: C++ does not support default-int [C:\Users\tsuma.thomas\Documents\Mnemosyne\build\src\AggregateFun
ctions\mnemosyne_aggregate_functions.vcxproj]
  (compiling source file '../../../src/AggregateFunctions/aggregate_function_factory.cpp')

C:\Users\tsuma.thomas\Documents\Mnemosyne\src\AggregateFunctions\min_max.h(52,30): error C2146: syntax error: missing '
>' before identifier 'Field' [C:\Users\tsuma.thomas\Documents\Mnemosyne\build\src\AggregateFunctions\mnemosyne_aggregat
e_functions.vcxproj]
  (compiling source file '../../../src/AggregateFunctions/aggregate_function_factory.cpp')

C:\Users\tsuma.thomas\Documents\Mnemosyne\src\AggregateFunctions\min_max.h(53,14): error C2061: syntax error: identifie
r 'Arena' [C:\Users\tsuma.thomas\Documents\Mnemosyne\build\src\AggregateFunctions\mnemosyne_aggregate_functions.vcxproj
]
  (compiling source file '../../../src/AggregateFunctions/aggregate_function_factory.cpp')

C:\Users\tsuma.thomas\Documents\Mnemosyne\src\AggregateFunctions\min_max.h(56,16): error C2061: syntax error: identifie
r 'Arena' [C:\Users\tsuma.thomas\Documents\Mnemosyne\build\src\AggregateFunctions\mnemosyne_aggregate_functions.vcxproj
]
C:\Users\tsuma.thomas\Documents\Mnemosyne\src\AggregateFunctions\count.cpp(94,21): error C2039: 'has_result': is not a
member of 'mnesso::aggregate_functions::FunctionCount' [C:\Users\tsuma.thomas\Documents\Mnemosyne\build\src\AggregateFu
nctions\mnemosyne_aggregate_functions.vcxproj]
      C:\Users\tsuma.thomas\Documents\Mnemosyne\src\AggregateFunctions\count.h(12,7):
      see declaration of 'mnesso::aggregate_functions::FunctionCount'

C:\Users\tsuma.thomas\Documents\Mnemosyne\src\AggregateFunctions\count.cpp(94,21): error C2270: 'has_result': modifiers
 not allowed on nonmember functions [C:\Users\tsuma.thomas\Documents\Mnemosyne\build\src\AggregateFunctions\mnemosyne_a
ggregate_functions.vcxproj]
C:\Users\tsuma.thomas\Documents\Mnemosyne\src\AggregateFunctions\count.cpp(95,24): error C2061: syntax error: identifie
r 'CountState' [C:\Users\tsuma.thomas\Documents\Mnemosyne\build\src\AggregateFunctions\mnemosyne_aggregate_functions.vc
xproj]
  (compiling source file '../../../src/AggregateFunctions/aggregate_function_factory.cpp')

C:\Users\tsuma.thomas\Documents\Mnemosyne\src\AggregateFunctions\min_max.h(58,19): error C2061: syntax error: identifie
r 'Arena' [C:\Users\tsuma.thomas\Documents\Mnemosyne\build\src\AggregateFunctions\mnemosyne_aggregate_functions.vcxproj
]
  (compiling source file '../../../src/AggregateFunctions/aggregate_function_factory.cpp')

C:\Users\tsuma.thomas\Documents\Mnemosyne\src\AggregateFunctions\min_max.h(63,19): error C2065: 'Field': undeclared ide
ntifier [C:\Users\tsuma.thomas\Documents\Mnemosyne\build\src\AggregateFunctions\mnemosyne_aggregate_functions.vcxproj]
  (compiling source file '../../../src/AggregateFunctions/aggregate_function_factory.cpp')

C:\Users\tsuma.thomas\Documents\Mnemosyne\src\AggregateFunctions\min_max.h(63,10): error C2923: 'std::optional': 'Field
' is not a valid template type argument for parameter '_Ty' [C:\Users\tsuma.thomas\Documents\Mnemosyne\build\src\Aggreg
ateFunctions\mnemosyne_aggregate_functions.vcxproj]
  (compiling source file '../../../src/AggregateFunctions/aggregate_function_factory.cpp')
      C:\Users\tsuma.thomas\Documents\Mnemosyne\src\AggregateFunctions\min_max.h(63,19):
      see declaration of 'Field'

C:\Users\tsuma.thomas\Documents\Mnemosyne\src\AggregateFunctions\min_max.h(63,28): error C2955: 'std::optional': use of
 class template requires template argument list [C:\Users\tsuma.thomas\Documents\Mnemosyne\build\src\AggregateFunctions
\mnemosyne_aggregate_functions.vcxproj]
  (compiling source file '../../../src/AggregateFunctions/aggregate_function_factory.cpp')
      C:\Program Files (x86)\Microsoft Visual Studio\2022\BuildTools\VC\Tools\MSVC\14.44.35207\include\optional(227,7):
      see declaration of 'std::optional'

C:\Users\tsuma.thomas\Documents\Mnemosyne\src\AggregateFunctions\avg.cpp(12,6): error C2653: 'AvgState': is not a class
 or namespace name [C:\Users\tsuma.thomas\Documents\Mnemosyne\build\src\AggregateFunctions\mnemosyne_aggregate_function
s.vcxproj]
C:\Users\tsuma.thomas\Documents\Mnemosyne\src\AggregateFunctions\avg.cpp(13,5): error C2065: 'sum_': undeclared identif
ier [C:\Users\tsuma.thomas\Documents\Mnemosyne\build\src\AggregateFunctions\mnemosyne_aggregate_functions.vcxproj]
C:\Users\tsuma.thomas\Documents\Mnemosyne\src\AggregateFunctions\avg.cpp(14,5): error C2065: 'count_': undeclared ident
ifier [C:\Users\tsuma.thomas\Documents\Mnemosyne\build\src\AggregateFunctions\mnemosyne_aggregate_functions.vcxproj]
C:\Users\tsuma.thomas\Documents\Mnemosyne\src\AggregateFunctions\avg.cpp(15,5): error C2065: 'has_value_': undeclared i
dentifier [C:\Users\tsuma.thomas\Documents\Mnemosyne\build\src\AggregateFunctions\mnemosyne_aggregate_functions.vcxproj
]
C:\Users\tsuma.thomas\Documents\Mnemosyne\src\AggregateFunctions\avg.cpp(18,6): error C2653: 'AvgState': is not a class
 or namespace name [C:\Users\tsuma.thomas\Documents\Mnemosyne\build\src\AggregateFunctions\mnemosyne_aggregate_function
s.vcxproj]
C:\Users\tsuma.thomas\Documents\Mnemosyne\src\AggregateFunctions\avg.cpp(19,5): error C2065: 'sum_': undeclared identif
ier [C:\Users\tsuma.thomas\Documents\Mnemosyne\build\src\AggregateFunctions\mnemosyne_aggregate_functions.vcxproj]
C:\Users\tsuma.thomas\Documents\Mnemosyne\src\AggregateFunctions\avg.cpp(20,5): error C2065: 'count_': undeclared ident
ifier [C:\Users\tsuma.thomas\Documents\Mnemosyne\build\src\AggregateFunctions\mnemosyne_aggregate_functions.vcxproj]
C:\Users\tsuma.thomas\Documents\Mnemosyne\src\AggregateFunctions\avg.cpp(21,5): error C2065: 'has_value_': undeclared i
dentifier [C:\Users\tsuma.thomas\Documents\Mnemosyne\build\src\AggregateFunctions\mnemosyne_aggregate_functions.vcxproj
]
C:\Users\tsuma.thomas\Documents\Mnemosyne\src\AggregateFunctions\avg.cpp(24,6): error C2653: 'AvgState': is not a class
 or namespace name [C:\Users\tsuma.thomas\Documents\Mnemosyne\build\src\AggregateFunctions\mnemosyne_aggregate_function
s.vcxproj]
C:\Users\tsuma.thomas\Documents\Mnemosyne\src\AggregateFunctions\avg.cpp(24,20): error C4430: missing type specifier -
int assumed. Note: C++ does not support default-int [C:\Users\tsuma.thomas\Documents\Mnemosyne\build\src\AggregateFunct
ions\mnemosyne_aggregate_functions.vcxproj]
C:\Users\tsuma.thomas\Documents\Mnemosyne\src\AggregateFunctions\avg.cpp(24,31): error C2143: syntax error: missing ','
 before '&' [C:\Users\tsuma.thomas\Documents\Mnemosyne\build\src\AggregateFunctions\mnemosyne_aggregate_functions.vcxpr
oj]
C:\Users\tsuma.thomas\Documents\Mnemosyne\src\AggregateFunctions\avg.cpp(25,16): error C2065: 'field': undeclared ident
ifier [C:\Users\tsuma.thomas\Documents\Mnemosyne\build\src\AggregateFunctions\mnemosyne_aggregate_functions.vcxproj]
C:\Users\tsuma.thomas\Documents\Mnemosyne\src\AggregateFunctions\avg.cpp(26,9): error C3536: 'num': cannot be used befo
re it is initialized [C:\Users\tsuma.thomas\Documents\Mnemosyne\build\src\AggregateFunctions\mnemosyne_aggregate_functi
ons.vcxproj]
C:\Users\tsuma.thomas\Documents\Mnemosyne\src\AggregateFunctions\avg.cpp(27,9): error C2065: 'sum_': undeclared identif
ier [C:\Users\tsuma.thomas\Documents\Mnemosyne\build\src\AggregateFunctions\mnemosyne_aggregate_functions.vcxproj]
C:\Users\tsuma.thomas\Documents\Mnemosyne\src\AggregateFunctions\avg.cpp(27,17): error C2100: you cannot dereference an
 operand of type '<error type>' [C:\Users\tsuma.thomas\Documents\Mnemosyne\build\src\AggregateFunctions\mnemosyne_aggre
gate_functions.vcxproj]
C:\Users\tsuma.thomas\Documents\Mnemosyne\src\AggregateFunctions\avg.cpp(28,9): error C2065: 'count_': undeclared ident
ifier [C:\Users\tsuma.thomas\Documents\Mnemosyne\build\src\AggregateFunctions\mnemosyne_aggregate_functions.vcxproj]
C:\Users\tsuma.thomas\Documents\Mnemosyne\src\AggregateFunctions\avg.cpp(29,9): error C2065: 'has_value_': undeclared i
dentifier [C:\Users\tsuma.thomas\Documents\Mnemosyne\build\src\AggregateFunctions\mnemosyne_aggregate_functions.vcxproj
]
C:\Users\tsuma.thomas\Documents\Mnemosyne\src\AggregateFunctions\avg.cpp(33,6): error C2653: 'AvgState': is not a class
 or namespace name [C:\Users\tsuma.thomas\Documents\Mnemosyne\build\src\AggregateFunctions\mnemosyne_aggregate_function
s.vcxproj]
C:\Users\tsuma.thomas\Documents\Mnemosyne\src\AggregateFunctions\avg.cpp(33,38): error C2065: 'Field': undeclared ident
ifier [C:\Users\tsuma.thomas\Documents\Mnemosyne\build\src\AggregateFunctions\mnemosyne_aggregate_functions.vcxproj]
C:\Users\tsuma.thomas\Documents\Mnemosyne\src\AggregateFunctions\avg.cpp(33,31): error C2923: 'std::vector': 'Field' is
 not a valid template type argument for parameter '_Ty' [C:\Users\tsuma.thomas\Documents\Mnemosyne\build\src\AggregateF
unctions\mnemosyne_aggregate_functions.vcxproj]
      C:\Users\tsuma.thomas\Documents\Mnemosyne\src\AggregateFunctions\avg.cpp(33,38):
      see declaration of 'Field'

C:\Users\tsuma.thomas\Documents\Mnemosyne\src\AggregateFunctions\avg.cpp(33,31): error C2976: 'std::vector': too few te
mplate arguments [C:\Users\tsuma.thomas\Documents\Mnemosyne\build\src\AggregateFunctions\mnemosyne_aggregate_functions.
vcxproj]
      C:\Program Files (x86)\Microsoft Visual Studio\2022\BuildTools\VC\Tools\MSVC\14.44.35207\include\vector(442,7):
      see declaration of 'std::vector'

C:\Users\tsuma.thomas\Documents\Mnemosyne\src\AggregateFunctions\avg.cpp(33,46): error C2955: 'std::vector': use of cla
ss template requires template argument list [C:\Users\tsuma.thomas\Documents\Mnemosyne\build\src\AggregateFunctions\mne
mosyne_aggregate_functions.vcxproj]
      C:\Program Files (x86)\Microsoft Visual Studio\2022\BuildTools\VC\Tools\MSVC\14.44.35207\include\vector(442,7):
      see declaration of 'std::vector'

C:\Users\tsuma.thomas\Documents\Mnemosyne\src\AggregateFunctions\avg.cpp(34,26): error C2663: 'std::vector<_Ty,_Alloc>:
:_Unchecked_begin': no overloaded function has valid conversion for 'this' pointer [C:\Users\tsuma.thomas\Documents\Mne
mosyne\build\src\AggregateFunctions\mnemosyne_aggregate_functions.vcxproj]
      C:\Program Files (x86)\Microsoft Visual Studio\2022\BuildTools\VC\Tools\MSVC\14.44.35207\include\vector(1896,40):
      could be 'const _Ty *std::vector<_Ty,_Alloc>::_Unchecked_begin(void) noexcept const'
          C:\Users\tsuma.thomas\Documents\Mnemosyne\src\AggregateFunctions\avg.cpp(34,26):
          'const _Ty *std::vector<_Ty,_Alloc>::_Unchecked_begin(void) noexcept const': cannot convert 'this' pointer fr
  om 'const std::vector' to 'const std::vector<_Ty,_Alloc> &'
              C:\Users\tsuma.thomas\Documents\Mnemosyne\src\AggregateFunctions\avg.cpp(34,26):
              Reason: cannot convert from 'const std::vector' to 'const std::vector<_Ty,_Alloc>'
              C:\Users\tsuma.thomas\Documents\Mnemosyne\src\AggregateFunctions\avg.cpp(34,26):
              Conversion requires a second user-defined-conversion operator or constructor
      C:\Program Files (x86)\Microsoft Visual Studio\2022\BuildTools\VC\Tools\MSVC\14.44.35207\include\vector(1892,34):
      or       '_Ty *std::vector<_Ty,_Alloc>::_Unchecked_begin(void) noexcept'
          C:\Users\tsuma.thomas\Documents\Mnemosyne\src\AggregateFunctions\avg.cpp(34,26):
          '_Ty *std::vector<_Ty,_Alloc>::_Unchecked_begin(void) noexcept': cannot convert 'this' pointer from 'const st
  d::vector' to 'std::vector<_Ty,_Alloc> &'
              C:\Users\tsuma.thomas\Documents\Mnemosyne\src\AggregateFunctions\avg.cpp(34,26):
              Reason: cannot convert from 'const std::vector' to 'std::vector<_Ty,_Alloc>'
              C:\Users\tsuma.thomas\Documents\Mnemosyne\src\AggregateFunctions\avg.cpp(34,26):
              Conversion requires a second user-defined-conversion operator or constructor
      C:\Users\tsuma.thomas\Documents\Mnemosyne\src\AggregateFunctions\avg.cpp(34,26):
      while trying to match the argument list '()'

C:\Users\tsuma.thomas\Documents\Mnemosyne\src\AggregateFunctions\avg.cpp(34,26): error C2663: 'std::vector<_Ty,_Alloc>:
:_Unchecked_end': no overloaded function has valid conversion for 'this' pointer [C:\Users\tsuma.thomas\Documents\Mnemo
syne\build\src\AggregateFunctions\mnemosyne_aggregate_functions.vcxproj]
      C:\Program Files (x86)\Microsoft Visual Studio\2022\BuildTools\VC\Tools\MSVC\14.44.35207\include\vector(1904,40):
      could be 'const _Ty *std::vector<_Ty,_Alloc>::_Unchecked_end(void) noexcept const'
          C:\Users\tsuma.thomas\Documents\Mnemosyne\src\AggregateFunctions\avg.cpp(34,26):
          'const _Ty *std::vector<_Ty,_Alloc>::_Unchecked_end(void) noexcept const': cannot convert 'this' pointer from
   'const std::vector' to 'const std::vector<_Ty,_Alloc> &'
              C:\Users\tsuma.thomas\Documents\Mnemosyne\src\AggregateFunctions\avg.cpp(34,26):
              Reason: cannot convert from 'const std::vector' to 'const std::vector<_Ty,_Alloc>'
              C:\Users\tsuma.thomas\Documents\Mnemosyne\src\AggregateFunctions\avg.cpp(34,26):
              Conversion requires a second user-defined-conversion operator or constructor
      C:\Program Files (x86)\Microsoft Visual Studio\2022\BuildTools\VC\Tools\MSVC\14.44.35207\include\vector(1900,34):
      or       '_Ty *std::vector<_Ty,_Alloc>::_Unchecked_end(void) noexcept'
          C:\Users\tsuma.thomas\Documents\Mnemosyne\src\AggregateFunctions\avg.cpp(34,26):
          '_Ty *std::vector<_Ty,_Alloc>::_Unchecked_end(void) noexcept': cannot convert 'this' pointer from 'const std:
  :vector' to 'std::vector<_Ty,_Alloc> &'
              C:\Users\tsuma.thomas\Documents\Mnemosyne\src\AggregateFunctions\avg.cpp(34,26):
              Reason: cannot convert from 'const std::vector' to 'std::vector<_Ty,_Alloc>'
              C:\Users\tsuma.thomas\Documents\Mnemosyne\src\AggregateFunctions\avg.cpp(34,26):
              Conversion requires a second user-defined-conversion operator or constructor
      C:\Users\tsuma.thomas\Documents\Mnemosyne\src\AggregateFunctions\avg.cpp(34,26):
      while trying to match the argument list '()'

C:\Users\tsuma.thomas\Documents\Mnemosyne\src\AggregateFunctions\avg.cpp(35,9): error C2668: 'mnesso::aggregate_functio
ns::add': ambiguous call to overloaded function [C:\Users\tsuma.thomas\Documents\Mnemosyne\build\src\AggregateFunctions
\mnemosyne_aggregate_functions.vcxproj]
      C:\Users\tsuma.thomas\Documents\Mnemosyne\src\AggregateFunctions\avg.cpp(33,16):
      could be 'void mnesso::aggregate_functions::add(const std::vector &)'
      C:\Users\tsuma.thomas\Documents\Mnemosyne\src\AggregateFunctions\avg.cpp(24,16):
      or       'void mnesso::aggregate_functions::add(const int)'
      C:\Users\tsuma.thomas\Documents\Mnemosyne\src\AggregateFunctions\avg.cpp(35,9):
      while trying to match the argument list '(const _Ty)'

C:\Users\tsuma.thomas\Documents\Mnemosyne\src\AggregateFunctions\avg.cpp(39,6): error C2653: 'AvgState': is not a class
 or namespace name [C:\Users\tsuma.thomas\Documents\Mnemosyne\build\src\AggregateFunctions\mnemosyne_aggregate_function
s.vcxproj]
C:\Users\tsuma.thomas\Documents\Mnemosyne\src\AggregateFunctions\avg.cpp(39,34): error C3613: missing return type after
 '->' ('int' assumed) [C:\Users\tsuma.thomas\Documents\Mnemosyne\build\src\AggregateFunctions\mnemosyne_aggregate_funct
ions.vcxproj]
C:\Users\tsuma.thomas\Documents\Mnemosyne\src\AggregateFunctions\avg.cpp(39,34): error C3646: 'Field': unknown override
 specifier [C:\Users\tsuma.thomas\Documents\Mnemosyne\build\src\AggregateFunctions\mnemosyne_aggregate_functions.vcxpro
j]
C:\Users\tsuma.thomas\Documents\Mnemosyne\src\AggregateFunctions\avg.cpp(39,16): error C2270: 'result': modifiers not a
llowed on nonmember functions [C:\Users\tsuma.thomas\Documents\Mnemosyne\build\src\AggregateFunctions\mnemosyne_aggrega
te_functions.vcxproj]
C:\Users\tsuma.thomas\Documents\Mnemosyne\src\AggregateFunctions\avg.cpp(40,10): error C2065: 'has_value_': undeclared
identifier [C:\Users\tsuma.thomas\Documents\Mnemosyne\build\src\AggregateFunctions\mnemosyne_aggregate_functions.vcxpro
j]
C:\Users\tsuma.thomas\Documents\Mnemosyne\src\AggregateFunctions\avg.cpp(40,29): error C2065: 'Field': undeclared ident
ifier [C:\Users\tsuma.thomas\Documents\Mnemosyne\build\src\AggregateFunctions\mnemosyne_aggregate_functions.vcxproj]
C:\Users\tsuma.thomas\Documents\Mnemosyne\src\AggregateFunctions\avg.cpp(41,12): error C2065: 'Field': undeclared ident
ifier [C:\Users\tsuma.thomas\Documents\Mnemosyne\build\src\AggregateFunctions\mnemosyne_aggregate_functions.vcxproj]
C:\Users\tsuma.thomas\Documents\Mnemosyne\src\AggregateFunctions\avg.cpp(41,18): error C2065: 'sum_': undeclared identi
fier [C:\Users\tsuma.thomas\Documents\Mnemosyne\build\src\AggregateFunctions\mnemosyne_aggregate_functions.vcxproj]
C:\Users\tsuma.thomas\Documents\Mnemosyne\src\AggregateFunctions\avg.cpp(41,45): error C2065: 'count_': undeclared iden
tifier [C:\Users\tsuma.thomas\Documents\Mnemosyne\build\src\AggregateFunctions\mnemosyne_aggregate_functions.vcxproj]
C:\Users\tsuma.thomas\Documents\Mnemosyne\src\AggregateFunctions\avg.cpp(44,6): error C2653: 'AvgState': is not a class
 or namespace name [C:\Users\tsuma.thomas\Documents\Mnemosyne\build\src\AggregateFunctions\mnemosyne_aggregate_function
s.vcxproj]
C:\Users\tsuma.thomas\Documents\Mnemosyne\src\AggregateFunctions\avg.cpp(44,16): error C2270: 'result_string': modifier
s not allowed on nonmember functions [C:\Users\tsuma.thomas\Documents\Mnemosyne\build\src\AggregateFunctions\mnemosyne_
aggregate_functions.vcxproj]
C:\Users\tsuma.thomas\Documents\Mnemosyne\src\AggregateFunctions\avg.cpp(45,10): error C2065: 'has_value_': undeclared
identifier [C:\Users\tsuma.thomas\Documents\Mnemosyne\build\src\AggregateFunctions\mnemosyne_aggregate_functions.vcxpro
j]
C:\Users\tsuma.thomas\Documents\Mnemosyne\src\AggregateFunctions\avg.cpp(46,18): error C2065: 'sum_': undeclared identi
fier [C:\Users\tsuma.thomas\Documents\Mnemosyne\build\src\AggregateFunctions\mnemosyne_aggregate_functions.vcxproj]
C:\Users\tsuma.thomas\Documents\Mnemosyne\src\AggregateFunctions\avg.cpp(46,45): error C2065: 'count_': undeclared iden
tifier [C:\Users\tsuma.thomas\Documents\Mnemosyne\build\src\AggregateFunctions\mnemosyne_aggregate_functions.vcxproj]
C:\Users\tsuma.thomas\Documents\Mnemosyne\src\AggregateFunctions\aggregate_function_factory.cpp(16,32): error C2556: 'm
nesso::aggregate_functions::AggregateFunctionFactory &mnesso::aggregate_functions::AggregateFunctionFactory::instance(v
oid)': overloaded function differs only by return type from 'auto &mnesso::aggregate_functions::AggregateFunctionFactor
y::instance(void)' [C:\Users\tsuma.thomas\Documents\Mnemosyne\build\src\AggregateFunctions\mnemosyne_aggregate_function
s.vcxproj]
      C:\Users\tsuma.thomas\Documents\Mnemosyne\src\AggregateFunctions\aggregate_function_factory.h(17,18):
      see declaration of 'mnesso::aggregate_functions::AggregateFunctionFactory::instance'

C:\Users\tsuma.thomas\Documents\Mnemosyne\src\AggregateFunctions\aggregate_function_factory.cpp(16,32): error C2371: 'm
nesso::aggregate_functions::AggregateFunctionFactory::instance': redefinition; different basic types [C:\Users\tsuma.th
omas\Documents\Mnemosyne\build\src\AggregateFunctions\mnemosyne_aggregate_functions.vcxproj]
      C:\Users\tsuma.thomas\Documents\Mnemosyne\src\AggregateFunctions\aggregate_function_factory.h(17,18):
      see declaration of 'mnesso::aggregate_functions::AggregateFunctionFactory::instance'

C:\Users\tsuma.thomas\Documents\Mnemosyne\src\AggregateFunctions\aggregate_function_factory.cpp(22,65): error C3861: 'I
AggregateFunctionPtr': identifier not found [C:\Users\tsuma.thomas\Documents\Mnemosyne\build\src\AggregateFunctions\mne
mosyne_aggregate_functions.vcxproj]
C:\Users\tsuma.thomas\Documents\Mnemosyne\src\AggregateFunctions\aggregate_function_factory.cpp(22,56): error C2923: 's
td::function': 'IAggregateFunctionPtr' is not a valid template type argument for parameter '_Fty' [C:\Users\tsuma.thoma
s\Documents\Mnemosyne\build\src\AggregateFunctions\mnemosyne_aggregate_functions.vcxproj]
      C:\Users\tsuma.thomas\Documents\Mnemosyne\src\AggregateFunctions\aggregate_function_factory.cpp(22,65):
      see declaration of 'IAggregateFunctionPtr'

C:\Users\tsuma.thomas\Documents\Mnemosyne\src\AggregateFunctions\avg.cpp(52,6): error C2653: 'AvgState': is not a class
 or namespace name [C:\Users\tsuma.thomas\Documents\Mnemosyne\build\src\AggregateFunctions\mnemosyne_aggregate_function
s.vcxproj]
C:\Users\tsuma.thomas\Documents\Mnemosyne\src\AggregateFunctions\avg.cpp(52,16): error C2270: 'has_result': modifiers n
ot allowed on nonmember functions [C:\Users\tsuma.thomas\Documents\Mnemosyne\build\src\AggregateFunctions\mnemosyne_agg
regate_functions.vcxproj]
C:\Users\tsuma.thomas\Documents\Mnemosyne\src\AggregateFunctions\avg.cpp(53,12): error C2065: 'has_value_': undeclared
identifier [C:\Users\tsuma.thomas\Documents\Mnemosyne\build\src\AggregateFunctions\mnemosyne_aggregate_functions.vcxpro
j]
C:\Users\tsuma.thomas\Documents\Mnemosyne\src\AggregateFunctions\avg.cpp(56,6): error C2653: 'AvgState': is not a class
 or namespace name [C:\Users\tsuma.thomas\Documents\Mnemosyne\build\src\AggregateFunctions\mnemosyne_aggregate_function
s.vcxproj]
C:\Users\tsuma.thomas\Documents\Mnemosyne\src\AggregateFunctions\avg.cpp(56,16): error C2270: 'clone': modifiers not al
lowed on nonmember functions [C:\Users\tsuma.thomas\Documents\Mnemosyne\build\src\AggregateFunctions\mnemosyne_aggregat
e_functions.vcxproj]
C:\Users\tsuma.thomas\Documents\Mnemosyne\src\AggregateFunctions\avg.cpp(57,23): error C2061: syntax error: identifier
'AvgState' [C:\Users\tsuma.thomas\Documents\Mnemosyne\build\src\AggregateFunctions\mnemosyne_aggregate_functions.vcxpro
j]
C:\Users\tsuma.thomas\Documents\Mnemosyne\src\AggregateFunctions\avg.cpp(57,31): error C2143: syntax error: missing ';'
 before '{' [C:\Users\tsuma.thomas\Documents\Mnemosyne\build\src\AggregateFunctions\mnemosyne_aggregate_functions.vcxpr
oj]
C:\Users\tsuma.thomas\Documents\Mnemosyne\src\AggregateFunctions\avg.cpp(58,5): error C3536: 'state': cannot be used be
fore it is initialized [C:\Users\tsuma.thomas\Documents\Mnemosyne\build\src\AggregateFunctions\mnemosyne_aggregate_func
tions.vcxproj]
C:\Users\tsuma.thomas\Documents\Mnemosyne\src\AggregateFunctions\avg.cpp(58,19): error C2065: 'sum_': undeclared identi
fier [C:\Users\tsuma.thomas\Documents\Mnemosyne\build\src\AggregateFunctions\mnemosyne_aggregate_functions.vcxproj]
C:\Users\tsuma.thomas\Documents\Mnemosyne\src\AggregateFunctions\avg.cpp(59,21): error C2065: 'count_': undeclared iden
tifier [C:\Users\tsuma.thomas\Documents\Mnemosyne\build\src\AggregateFunctions\mnemosyne_aggregate_functions.vcxproj]
C:\Users\tsuma.thomas\Documents\Mnemosyne\src\AggregateFunctions\aggregate_function_factory.cpp(22,90): error C2955: 's
td::function': use of class template requires template argument list [C:\Users\tsuma.thomas\Documents\Mnemosyne\build\s
rc\AggregateFunctions\mnemosyne_aggregate_functions.vcxproj]
      C:\Program Files (x86)\Microsoft Visual Studio\2022\BuildTools\VC\Tools\MSVC\14.44.35207\include\functional(1089,
  7):
      see declaration of 'std::function'

C:\Users\tsuma.thomas\Documents\Mnemosyne\src\AggregateFunctions\aggregate_function_factory.cpp(21,32): error C2511: 'v
oid mnesso::aggregate_functions::AggregateFunctionFactory::register_function(std::string,std::function)': overloaded me
mber function not found in 'mnesso::aggregate_functions::AggregateFunctionFactory' [C:\Users\tsuma.thomas\Documents\Mne
mosyne\build\src\AggregateFunctions\mnemosyne_aggregate_functions.vcxproj]
      C:\Users\tsuma.thomas\Documents\Mnemosyne\src\AggregateFunctions\aggregate_function_factory.h(15,7):
      see declaration of 'mnesso::aggregate_functions::AggregateFunctionFactory'

C:\Users\tsuma.thomas\Documents\Mnemosyne\src\AggregateFunctions\aggregate_function_factory.cpp(23,30): error C2677: bi
nary '[': no global operator found which takes type 'std::basic_string<char,std::char_traits<char>,std::allocator<char>
>' (or there is no acceptable conversion) [C:\Users\tsuma.thomas\Documents\Mnemosyne\build\src\AggregateFunctions\mnemo
syne_aggregate_functions.vcxproj]
C:\Users\tsuma.thomas\Documents\Mnemosyne\src\AggregateFunctions\aggregate_function_factory.cpp(23,39): error C2672: 's
td::move': no matching overloaded function found [C:\Users\tsuma.thomas\Documents\Mnemosyne\build\src\AggregateFunction
s\mnemosyne_aggregate_functions.vcxproj]
      C:\Program Files (x86)\Microsoft Visual Studio\2022\BuildTools\VC\Tools\MSVC\14.44.35207\include\xutility(5172,9)
  :
      could be '_FwdIt2 std::move(_ExPo &&,_FwdIt1,_FwdIt1,_FwdIt2) noexcept'
          C:\Users\tsuma.thomas\Documents\Mnemosyne\src\AggregateFunctions\aggregate_function_factory.cpp(23,39):
          '_FwdIt2 std::move(_ExPo &&,_FwdIt1,_FwdIt1,_FwdIt2) noexcept': expects 4 arguments - 1 provided
      C:\Program Files (x86)\Microsoft Visual Studio\2022\BuildTools\VC\Tools\MSVC\14.44.35207\include\xutility(5160,21
  ):
      or       '_OutIt std::move(_InIt,_InIt,_OutIt)'
          C:\Users\tsuma.thomas\Documents\Mnemosyne\src\AggregateFunctions\aggregate_function_factory.cpp(23,39):
          '_OutIt std::move(_InIt,_InIt,_OutIt)': expects 3 arguments - 1 provided
      C:\Program Files (x86)\Microsoft Visual Studio\2022\BuildTools\VC\Tools\MSVC\14.44.35207\include\type_traits(1512
  ,64):
      or       'remove_reference<_Ty>::type &&std::move(_Ty &&) noexcept'
          C:\Users\tsuma.thomas\Documents\Mnemosyne\src\AggregateFunctions\aggregate_function_factory.cpp(23,39):
          Failed to specialize function template 'remove_reference<_Ty>::type &&std::move(_Ty &&) noexcept'
              C:\Users\tsuma.thomas\Documents\Mnemosyne\src\AggregateFunctions\aggregate_function_factory.cpp(23,39):
              With the following template arguments:
                  C:\Users\tsuma.thomas\Documents\Mnemosyne\src\AggregateFunctions\aggregate_function_factory.cpp(23,39
  ):
                  '_Ty=std::function &'
              C:\Program Files (x86)\Microsoft Visual Studio\2022\BuildTools\VC\Tools\MSVC\14.44.35207\include\xtr1comm
  on(235,78):
              'std::function': use of class template requires template argument list
              C:\Program Files (x86)\Microsoft Visual Studio\2022\BuildTools\VC\Tools\MSVC\14.44.35207\include\function
  al(1089,7):
              see declaration of 'std::function'

C:\Users\tsuma.thomas\Documents\Mnemosyne\src\AggregateFunctions\aggregate_function_factory.cpp(26,62): error C3613: mi
ssing return type after '->' ('int' assumed) [C:\Users\tsuma.thomas\Documents\Mnemosyne\build\src\AggregateFunctions\mn
emosyne_aggregate_functions.vcxproj]
C:\Users\tsuma.thomas\Documents\Mnemosyne\src\AggregateFunctions\aggregate_function_factory.cpp(26,62): error C3646: 'I
AggregateFunctionPtr': unknown override specifier [C:\Users\tsuma.thomas\Documents\Mnemosyne\build\src\AggregateFunctio
ns\mnemosyne_aggregate_functions.vcxproj]
C:\Users\tsuma.thomas\Documents\Mnemosyne\src\AggregateFunctions\aggregate_function_factory.cpp(26,32): error C2511: '<
error type> mnesso::aggregate_functions::AggregateFunctionFactory::get(std::string_view)': overloaded member function n
ot found in 'mnesso::aggregate_functions::AggregateFunctionFactory' [C:\Users\tsuma.thomas\Documents\Mnemosyne\build\sr
c\AggregateFunctions\mnemosyne_aggregate_functions.vcxproj]
      C:\Users\tsuma.thomas\Documents\Mnemosyne\src\AggregateFunctions\aggregate_function_factory.h(15,7):
      see declaration of 'mnesso::aggregate_functions::AggregateFunctionFactory'

C:\Users\tsuma.thomas\Documents\Mnemosyne\src\AggregateFunctions\aggregate_function_factory.cpp(28,9): error C3536: 'it
': cannot be used before it is initialized [C:\Users\tsuma.thomas\Documents\Mnemosyne\build\src\AggregateFunctions\mnem
osyne_aggregate_functions.vcxproj]
C:\Users\tsuma.thomas\Documents\Mnemosyne\src\AggregateFunctions\aggregate_function_factory.cpp(60,12): error C2440: 'r
eturn': cannot convert from 'mnesso::aggregate_functions::AggregateFunctionFactory &(__cdecl &)(void)' to 'mnesso::aggr
egate_functions::AggregateFunctionFactory &' [C:\Users\tsuma.thomas\Documents\Mnemosyne\build\src\AggregateFunctions\mn
emosyne_aggregate_functions.vcxproj]
C:\Users\tsuma.thomas\Documents\Mnemosyne\src\AggregateFunctions\aggregate_function_factory.cpp(63,1): error C4430: mis
sing type specifier - int assumed. Note: C++ does not support default-int [C:\Users\tsuma.thomas\Documents\Mnemosyne\bu
ild\src\AggregateFunctions\mnemosyne_aggregate_functions.vcxproj]
C:\Users\tsuma.thomas\Documents\Mnemosyne\src\AggregateFunctions\aggregate_function_factory.cpp(63,23): error C2146: sy
ntax error: missing ';' before identifier 'get_aggregate_function' [C:\Users\tsuma.thomas\Documents\Mnemosyne\build\src
\AggregateFunctions\mnemosyne_aggregate_functions.vcxproj]
C:\Users\tsuma.thomas\Documents\Mnemosyne\src\AggregateFunctions\aggregate_function_factory.cpp(63,69): error C2143: sy
ntax error: missing ';' before '{' [C:\Users\tsuma.thomas\Documents\Mnemosyne\build\src\AggregateFunctions\mnemosyne_ag
gregate_functions.vcxproj]
C:\Users\tsuma.thomas\Documents\Mnemosyne\src\AggregateFunctions\avg.cpp(60,25): error C2065: 'has_value_': undeclared
identifier [C:\Users\tsuma.thomas\Documents\Mnemosyne\build\src\AggregateFunctions\mnemosyne_aggregate_functions.vcxpro
j]
C:\Users\tsuma.thomas\Documents\Mnemosyne\src\AggregateFunctions\aggregate_function_factory.cpp(63,69): error C2447: '{
': missing function header (old-style formal list?) [C:\Users\tsuma.thomas\Documents\Mnemosyne\build\src\AggregateFunct
ions\mnemosyne_aggregate_functions.vcxproj]
C:\Users\tsuma.thomas\Documents\Mnemosyne\src\AggregateFunctions\avg.cpp(66,19): error C2039: 'info': is not a member o
f 'mnesso::aggregate_functions::FunctionAvg' [C:\Users\tsuma.thomas\Documents\Mnemosyne\build\src\AggregateFunctions\mn
emosyne_aggregate_functions.vcxproj]
      C:\Users\tsuma.thomas\Documents\Mnemosyne\src\AggregateFunctions\avg.h(13,7):
      see declaration of 'mnesso::aggregate_functions::FunctionAvg'

C:\Users\tsuma.thomas\Documents\Mnemosyne\src\AggregateFunctions\avg.cpp(66,35): error C3613: missing return type after
 '->' ('int' assumed) [C:\Users\tsuma.thomas\Documents\Mnemosyne\build\src\AggregateFunctions\mnemosyne_aggregate_funct
ions.vcxproj]
C:\Users\tsuma.thomas\Documents\Mnemosyne\src\AggregateFunctions\avg.cpp(66,35): error C3646: 'FunctionInfo': unknown o
verride specifier [C:\Users\tsuma.thomas\Documents\Mnemosyne\build\src\AggregateFunctions\mnemosyne_aggregate_functions
.vcxproj]
C:\Users\tsuma.thomas\Documents\Mnemosyne\src\AggregateFunctions\avg.cpp(66,19): error C2270: 'info': modifiers not all
owed on nonmember functions [C:\Users\tsuma.thomas\Documents\Mnemosyne\build\src\AggregateFunctions\mnemosyne_aggregate
_functions.vcxproj]
C:\Users\tsuma.thomas\Documents\Mnemosyne\src\AggregateFunctions\avg.cpp(70,19): error C2039: 'prepare': is not a membe
r of 'mnesso::aggregate_functions::FunctionAvg' [C:\Users\tsuma.thomas\Documents\Mnemosyne\build\src\AggregateFunctions
\mnemosyne_aggregate_functions.vcxproj]
      C:\Users\tsuma.thomas\Documents\Mnemosyne\src\AggregateFunctions\avg.h(13,7):
      see declaration of 'mnesso::aggregate_functions::FunctionAvg'

C:\Users\tsuma.thomas\Documents\Mnemosyne\src\AggregateFunctions\sum.cpp(14,6): error C2653: 'SumState': is not a class
 or namespace name [C:\Users\tsuma.thomas\Documents\Mnemosyne\build\src\AggregateFunctions\mnemosyne_aggregate_function
s.vcxproj]
C:\Users\tsuma.thomas\Documents\Mnemosyne\src\AggregateFunctions\sum.cpp(15,5): error C2065: 'value_': undeclared ident
ifier [C:\Users\tsuma.thomas\Documents\Mnemosyne\build\src\AggregateFunctions\mnemosyne_aggregate_functions.vcxproj]
C:\Users\tsuma.thomas\Documents\Mnemosyne\src\AggregateFunctions\sum.cpp(16,5): error C2065: 'count_': undeclared ident
ifier [C:\Users\tsuma.thomas\Documents\Mnemosyne\build\src\AggregateFunctions\mnemosyne_aggregate_functions.vcxproj]
C:\Users\tsuma.thomas\Documents\Mnemosyne\src\AggregateFunctions\sum.cpp(17,5): error C2065: 'has_value_': undeclared i
dentifier [C:\Users\tsuma.thomas\Documents\Mnemosyne\build\src\AggregateFunctions\mnemosyne_aggregate_functions.vcxproj
]
C:\Users\tsuma.thomas\Documents\Mnemosyne\src\AggregateFunctions\sum.cpp(20,6): error C2653: 'SumState': is not a class
 or namespace name [C:\Users\tsuma.thomas\Documents\Mnemosyne\build\src\AggregateFunctions\mnemosyne_aggregate_function
s.vcxproj]
C:\Users\tsuma.thomas\Documents\Mnemosyne\src\AggregateFunctions\sum.cpp(21,5): error C2065: 'value_': undeclared ident
ifier [C:\Users\tsuma.thomas\Documents\Mnemosyne\build\src\AggregateFunctions\mnemosyne_aggregate_functions.vcxproj]
C:\Users\tsuma.thomas\Documents\Mnemosyne\src\AggregateFunctions\sum.cpp(22,5): error C2065: 'count_': undeclared ident
ifier [C:\Users\tsuma.thomas\Documents\Mnemosyne\build\src\AggregateFunctions\mnemosyne_aggregate_functions.vcxproj]
C:\Users\tsuma.thomas\Documents\Mnemosyne\src\AggregateFunctions\sum.cpp(23,5): error C2065: 'has_value_': undeclared i
dentifier [C:\Users\tsuma.thomas\Documents\Mnemosyne\build\src\AggregateFunctions\mnemosyne_aggregate_functions.vcxproj
]
C:\Users\tsuma.thomas\Documents\Mnemosyne\src\AggregateFunctions\sum.cpp(26,6): error C2653: 'SumState': is not a class
 or namespace name [C:\Users\tsuma.thomas\Documents\Mnemosyne\build\src\AggregateFunctions\mnemosyne_aggregate_function
s.vcxproj]
C:\Users\tsuma.thomas\Documents\Mnemosyne\src\AggregateFunctions\sum.cpp(26,20): error C4430: missing type specifier -
int assumed. Note: C++ does not support default-int [C:\Users\tsuma.thomas\Documents\Mnemosyne\build\src\AggregateFunct
ions\mnemosyne_aggregate_functions.vcxproj]
C:\Users\tsuma.thomas\Documents\Mnemosyne\src\AggregateFunctions\sum.cpp(26,31): error C2143: syntax error: missing ','
 before '&' [C:\Users\tsuma.thomas\Documents\Mnemosyne\build\src\AggregateFunctions\mnemosyne_aggregate_functions.vcxpr
oj]
C:\Users\tsuma.thomas\Documents\Mnemosyne\src\AggregateFunctions\sum.cpp(27,16): error C2065: 'field': undeclared ident
ifier [C:\Users\tsuma.thomas\Documents\Mnemosyne\build\src\AggregateFunctions\mnemosyne_aggregate_functions.vcxproj]
C:\Users\tsuma.thomas\Documents\Mnemosyne\src\AggregateFunctions\avg.cpp(74,19): error C2039: 'can_execute': is not a m
ember of 'mnesso::aggregate_functions::FunctionAvg' [C:\Users\tsuma.thomas\Documents\Mnemosyne\build\src\AggregateFunct
ions\mnemosyne_aggregate_functions.vcxproj]
C:\Users\tsuma.thomas\Documents\Mnemosyne\src\AggregateFunctions\sum.cpp(28,9): error C3536: 'num': cannot be used befo
re it is initialized [C:\Users\tsuma.thomas\Documents\Mnemosyne\build\src\AggregateFunctions\mnemosyne_aggregate_functi
ons.vcxproj]
C:\Users\tsuma.thomas\Documents\Mnemosyne\src\AggregateFunctions\min_max.cpp(14,6): error C2653: 'MinState': is not a c
lass or namespace name [C:\Users\tsuma.thomas\Documents\Mnemosyne\build\src\AggregateFunctions\mnemosyne_aggregate_func
tions.vcxproj]
C:\Users\tsuma.thomas\Documents\Mnemosyne\src\AggregateFunctions\min_max.cpp(15,5): error C2065: 'has_value_': undeclar
ed identifier [C:\Users\tsuma.thomas\Documents\Mnemosyne\build\src\AggregateFunctions\mnemosyne_aggregate_functions.vcx
proj]
      C:\Users\tsuma.thomas\Documents\Mnemosyne\src\AggregateFunctions\avg.h(13,7):
      see declaration of 'mnesso::aggregate_functions::FunctionAvg'

C:\Users\tsuma.thomas\Documents\Mnemosyne\src\AggregateFunctions\min_max.cpp(18,6): error C2653: 'MinState': is not a c
lass or namespace name [C:\Users\tsuma.thomas\Documents\Mnemosyne\build\src\AggregateFunctions\mnemosyne_aggregate_func
tions.vcxproj]
C:\Users\tsuma.thomas\Documents\Mnemosyne\src\AggregateFunctions\min_max.cpp(19,5): error C2065: 'has_value_': undeclar
ed identifier [C:\Users\tsuma.thomas\Documents\Mnemosyne\build\src\AggregateFunctions\mnemosyne_aggregate_functions.vcx
proj]
C:\Users\tsuma.thomas\Documents\Mnemosyne\src\AggregateFunctions\min_max.cpp(22,6): error C2653: 'MinState': is not a c
lass or namespace name [C:\Users\tsuma.thomas\Documents\Mnemosyne\build\src\AggregateFunctions\mnemosyne_aggregate_func
tions.vcxproj]
C:\Users\tsuma.thomas\Documents\Mnemosyne\src\AggregateFunctions\min_max.cpp(22,20): error C4430: missing type specifie
r - int assumed. Note: C++ does not support default-int [C:\Users\tsuma.thomas\Documents\Mnemosyne\build\src\AggregateF
unctions\mnemosyne_aggregate_functions.vcxproj]
C:\Users\tsuma.thomas\Documents\Mnemosyne\src\AggregateFunctions\min_max.cpp(22,31): error C2143: syntax error: missing
 ',' before '&' [C:\Users\tsuma.thomas\Documents\Mnemosyne\build\src\AggregateFunctions\mnemosyne_aggregate_functions.v
cxproj]
C:\Users\tsuma.thomas\Documents\Mnemosyne\src\AggregateFunctions\min_max.cpp(23,9): error C2065: 'field': undeclared id
entifier [C:\Users\tsuma.thomas\Documents\Mnemosyne\build\src\AggregateFunctions\mnemosyne_aggregate_functions.vcxproj]
C:\Users\tsuma.thomas\Documents\Mnemosyne\src\AggregateFunctions\min_max.cpp(24,16): error C2065: 'field': undeclared i
dentifier [C:\Users\tsuma.thomas\Documents\Mnemosyne\build\src\AggregateFunctions\mnemosyne_aggregate_functions.vcxproj
]
C:\Users\tsuma.thomas\Documents\Mnemosyne\src\AggregateFunctions\min_max.cpp(25,9): error C3536: 'num': cannot be used
before it is initialized [C:\Users\tsuma.thomas\Documents\Mnemosyne\build\src\AggregateFunctions\mnemosyne_aggregate_fu
nctions.vcxproj]
C:\Users\tsuma.thomas\Documents\Mnemosyne\src\AggregateFunctions\min_max.cpp(26,14): error C2065: 'has_value_': undecla
red identifier [C:\Users\tsuma.thomas\Documents\Mnemosyne\build\src\AggregateFunctions\mnemosyne_aggregate_functions.vc
xproj]
C:\Users\tsuma.thomas\Documents\Mnemosyne\src\AggregateFunctions\sum.cpp(29,9): error C2065: 'value_': undeclared ident
ifier [C:\Users\tsuma.thomas\Documents\Mnemosyne\build\src\AggregateFunctions\mnemosyne_aggregate_functions.vcxproj]
C:\Users\tsuma.thomas\Documents\Mnemosyne\src\AggregateFunctions\sum.cpp(29,19): error C2100: you cannot dereference an
 operand of type '<error type>' [C:\Users\tsuma.thomas\Documents\Mnemosyne\build\src\AggregateFunctions\mnemosyne_aggre
gate_functions.vcxproj]
C:\Users\tsuma.thomas\Documents\Mnemosyne\src\AggregateFunctions\sum.cpp(30,9): error C2065: 'count_': undeclared ident
ifier [C:\Users\tsuma.thomas\Documents\Mnemosyne\build\src\AggregateFunctions\mnemosyne_aggregate_functions.vcxproj]
C:\Users\tsuma.thomas\Documents\Mnemosyne\src\AggregateFunctions\sum.cpp(31,9): error C2065: 'has_value_': undeclared i
dentifier [C:\Users\tsuma.thomas\Documents\Mnemosyne\build\src\AggregateFunctions\mnemosyne_aggregate_functions.vcxproj
]
C:\Users\tsuma.thomas\Documents\Mnemosyne\src\AggregateFunctions\sum.cpp(35,6): error C2653: 'SumState': is not a class
 or namespace name [C:\Users\tsuma.thomas\Documents\Mnemosyne\build\src\AggregateFunctions\mnemosyne_aggregate_function
s.vcxproj]
C:\Users\tsuma.thomas\Documents\Mnemosyne\src\AggregateFunctions\sum.cpp(35,38): error C2065: 'Field': undeclared ident
ifier [C:\Users\tsuma.thomas\Documents\Mnemosyne\build\src\AggregateFunctions\mnemosyne_aggregate_functions.vcxproj]
C:\Users\tsuma.thomas\Documents\Mnemosyne\src\AggregateFunctions\sum.cpp(35,31): error C2923: 'std::vector': 'Field' is
 not a valid template type argument for parameter '_Ty' [C:\Users\tsuma.thomas\Documents\Mnemosyne\build\src\AggregateF
unctions\mnemosyne_aggregate_functions.vcxproj]
      C:\Users\tsuma.thomas\Documents\Mnemosyne\src\AggregateFunctions\sum.cpp(35,38):
      see declaration of 'Field'

C:\Users\tsuma.thomas\Documents\Mnemosyne\src\AggregateFunctions\sum.cpp(35,31): error C2976: 'std::vector': too few te
mplate arguments [C:\Users\tsuma.thomas\Documents\Mnemosyne\build\src\AggregateFunctions\mnemosyne_aggregate_functions.
vcxproj]
      C:\Program Files (x86)\Microsoft Visual Studio\2022\BuildTools\VC\Tools\MSVC\14.44.35207\include\vector(442,7):
      see declaration of 'std::vector'

C:\Users\tsuma.thomas\Documents\Mnemosyne\src\AggregateFunctions\avg.cpp(74,19): error C2270: 'can_execute': modifiers
not allowed on nonmember functions [C:\Users\tsuma.thomas\Documents\Mnemosyne\build\src\AggregateFunctions\mnemosyne_ag
gregate_functions.vcxproj]
C:\Users\tsuma.thomas\Documents\Mnemosyne\src\AggregateFunctions\avg.cpp(81,19): error C2039: 'create_state': is not a
member of 'mnesso::aggregate_functions::FunctionAvg' [C:\Users\tsuma.thomas\Documents\Mnemosyne\build\src\AggregateFunc
tions\mnemosyne_aggregate_functions.vcxproj]
C:\Users\tsuma.thomas\Documents\Mnemosyne\src\AggregateFunctions\min_max.cpp(26,28): error C2100: you cannot dereferenc
e an operand of type '<error type>' [C:\Users\tsuma.thomas\Documents\Mnemosyne\build\src\AggregateFunctions\mnemosyne_a
ggregate_functions.vcxproj]
C:\Users\tsuma.thomas\Documents\Mnemosyne\src\AggregateFunctions\min_max.cpp(26,35): error C2065: 'value_': undeclared
identifier [C:\Users\tsuma.thomas\Documents\Mnemosyne\build\src\AggregateFunctions\mnemosyne_aggregate_functions.vcxpro
j]
C:\Users\tsuma.thomas\Documents\Mnemosyne\src\AggregateFunctions\min_max.cpp(27,13): error C2065: 'value_': undeclared
identifier [C:\Users\tsuma.thomas\Documents\Mnemosyne\build\src\AggregateFunctions\mnemosyne_aggregate_functions.vcxpro
j]
C:\Users\tsuma.thomas\Documents\Mnemosyne\src\AggregateFunctions\min_max.cpp(27,22): error C2100: you cannot dereferenc
e an operand of type '<error type>' [C:\Users\tsuma.thomas\Documents\Mnemosyne\build\src\AggregateFunctions\mnemosyne_a
ggregate_functions.vcxproj]
C:\Users\tsuma.thomas\Documents\Mnemosyne\src\AggregateFunctions\min_max.cpp(28,13): error C2065: 'has_value_': undecla
red identifier [C:\Users\tsuma.thomas\Documents\Mnemosyne\build\src\AggregateFunctions\mnemosyne_aggregate_functions.vc
xproj]
      C:\Users\tsuma.thomas\Documents\Mnemosyne\src\AggregateFunctions\avg.h(13,7):
      see declaration of 'mnesso::aggregate_functions::FunctionAvg'

C:\Users\tsuma.thomas\Documents\Mnemosyne\src\AggregateFunctions\avg.cpp(81,19): error C2270: 'create_state': modifiers
 not allowed on nonmember functions [C:\Users\tsuma.thomas\Documents\Mnemosyne\build\src\AggregateFunctions\mnemosyne_a
ggregate_functions.vcxproj]
C:\Users\tsuma.thomas\Documents\Mnemosyne\src\AggregateFunctions\avg.cpp(82,16): error C2061: syntax error: identifier
'AvgState' [C:\Users\tsuma.thomas\Documents\Mnemosyne\build\src\AggregateFunctions\mnemosyne_aggregate_functions.vcxpro
j]
C:\Users\tsuma.thomas\Documents\Mnemosyne\src\AggregateFunctions\avg.cpp(82,24): error C2143: syntax error: missing ';'
 before '{' [C:\Users\tsuma.thomas\Documents\Mnemosyne\build\src\AggregateFunctions\mnemosyne_aggregate_functions.vcxpr
oj]
C:\Users\tsuma.thomas\Documents\Mnemosyne\src\AggregateFunctions\avg.cpp(85,36): error C4430: missing type specifier -
int assumed. Note: C++ does not support default-int [C:\Users\tsuma.thomas\Documents\Mnemosyne\build\src\AggregateFunct
ions\mnemosyne_aggregate_functions.vcxproj]
C:\Users\tsuma.thomas\Documents\Mnemosyne\src\AggregateFunctions\avg.cpp(85,47): error C2143: syntax error: missing ','
 before '&' [C:\Users\tsuma.thomas\Documents\Mnemosyne\build\src\AggregateFunctions\mnemosyne_aggregate_functions.vcxpr
oj]
C:\Users\tsuma.thomas\Documents\Mnemosyne\src\AggregateFunctions\sum.cpp(35,46): error C2955: 'std::vector': use of cla
ss template requires template argument list [C:\Users\tsuma.thomas\Documents\Mnemosyne\build\src\AggregateFunctions\mne
mosyne_aggregate_functions.vcxproj]
      C:\Program Files (x86)\Microsoft Visual Studio\2022\BuildTools\VC\Tools\MSVC\14.44.35207\include\vector(442,7):
      see declaration of 'std::vector'

C:\Users\tsuma.thomas\Documents\Mnemosyne\src\AggregateFunctions\sum.cpp(36,26): error C2663: 'std::vector<_Ty,_Alloc>:
:_Unchecked_begin': no overloaded function has valid conversion for 'this' pointer [C:\Users\tsuma.thomas\Documents\Mne
mosyne\build\src\AggregateFunctions\mnemosyne_aggregate_functions.vcxproj]
      C:\Program Files (x86)\Microsoft Visual Studio\2022\BuildTools\VC\Tools\MSVC\14.44.35207\include\vector(1896,40):
      could be 'const _Ty *std::vector<_Ty,_Alloc>::_Unchecked_begin(void) noexcept const'
          C:\Users\tsuma.thomas\Documents\Mnemosyne\src\AggregateFunctions\sum.cpp(36,26):
          'const _Ty *std::vector<_Ty,_Alloc>::_Unchecked_begin(void) noexcept const': cannot convert 'this' pointer fr
  om 'const std::vector' to 'const std::vector<_Ty,_Alloc> &'
              C:\Users\tsuma.thomas\Documents\Mnemosyne\src\AggregateFunctions\sum.cpp(36,26):
              Reason: cannot convert from 'const std::vector' to 'const std::vector<_Ty,_Alloc>'
              C:\Users\tsuma.thomas\Documents\Mnemosyne\src\AggregateFunctions\sum.cpp(36,26):
              Conversion requires a second user-defined-conversion operator or constructor
      C:\Program Files (x86)\Microsoft Visual Studio\2022\BuildTools\VC\Tools\MSVC\14.44.35207\include\vector(1892,34):
      or       '_Ty *std::vector<_Ty,_Alloc>::_Unchecked_begin(void) noexcept'
          C:\Users\tsuma.thomas\Documents\Mnemosyne\src\AggregateFunctions\sum.cpp(36,26):
          '_Ty *std::vector<_Ty,_Alloc>::_Unchecked_begin(void) noexcept': cannot convert 'this' pointer from 'const st
  d::vector' to 'std::vector<_Ty,_Alloc> &'
              C:\Users\tsuma.thomas\Documents\Mnemosyne\src\AggregateFunctions\sum.cpp(36,26):
              Reason: cannot convert from 'const std::vector' to 'std::vector<_Ty,_Alloc>'
              C:\Users\tsuma.thomas\Documents\Mnemosyne\src\AggregateFunctions\sum.cpp(36,26):
              Conversion requires a second user-defined-conversion operator or constructor
      C:\Users\tsuma.thomas\Documents\Mnemosyne\src\AggregateFunctions\sum.cpp(36,26):
      while trying to match the argument list '()'

C:\Users\tsuma.thomas\Documents\Mnemosyne\src\AggregateFunctions\sum.cpp(36,26): error C2663: 'std::vector<_Ty,_Alloc>:
:_Unchecked_end': no overloaded function has valid conversion for 'this' pointer [C:\Users\tsuma.thomas\Documents\Mnemo
syne\build\src\AggregateFunctions\mnemosyne_aggregate_functions.vcxproj]
      C:\Program Files (x86)\Microsoft Visual Studio\2022\BuildTools\VC\Tools\MSVC\14.44.35207\include\vector(1904,40):
      could be 'const _Ty *std::vector<_Ty,_Alloc>::_Unchecked_end(void) noexcept const'
          C:\Users\tsuma.thomas\Documents\Mnemosyne\src\AggregateFunctions\sum.cpp(36,26):
          'const _Ty *std::vector<_Ty,_Alloc>::_Unchecked_end(void) noexcept const': cannot convert 'this' pointer from
   'const std::vector' to 'const std::vector<_Ty,_Alloc> &'
              C:\Users\tsuma.thomas\Documents\Mnemosyne\src\AggregateFunctions\sum.cpp(36,26):
              Reason: cannot convert from 'const std::vector' to 'const std::vector<_Ty,_Alloc>'
              C:\Users\tsuma.thomas\Documents\Mnemosyne\src\AggregateFunctions\sum.cpp(36,26):
              Conversion requires a second user-defined-conversion operator or constructor
      C:\Program Files (x86)\Microsoft Visual Studio\2022\BuildTools\VC\Tools\MSVC\14.44.35207\include\vector(1900,34):
      or       '_Ty *std::vector<_Ty,_Alloc>::_Unchecked_end(void) noexcept'
          C:\Users\tsuma.thomas\Documents\Mnemosyne\src\AggregateFunctions\sum.cpp(36,26):
          '_Ty *std::vector<_Ty,_Alloc>::_Unchecked_end(void) noexcept': cannot convert 'this' pointer from 'const std:
  :vector' to 'std::vector<_Ty,_Alloc> &'
              C:\Users\tsuma.thomas\Documents\Mnemosyne\src\AggregateFunctions\sum.cpp(36,26):
              Reason: cannot convert from 'const std::vector' to 'std::vector<_Ty,_Alloc>'
              C:\Users\tsuma.thomas\Documents\Mnemosyne\src\AggregateFunctions\sum.cpp(36,26):
              Conversion requires a second user-defined-conversion operator or constructor
      C:\Users\tsuma.thomas\Documents\Mnemosyne\src\AggregateFunctions\sum.cpp(36,26):
      while trying to match the argument list '()'

C:\Users\tsuma.thomas\Documents\Mnemosyne\src\AggregateFunctions\avg.cpp(85,19): error C2511: 'void mnesso::aggregate_f
unctions::FunctionAvg::add(void *,const int) const': overloaded member function not found in 'mnesso::aggregate_functio
ns::FunctionAvg' [C:\Users\tsuma.thomas\Documents\Mnemosyne\build\src\AggregateFunctions\mnemosyne_aggregate_functions.
vcxproj]
C:\Users\tsuma.thomas\Documents\Mnemosyne\src\AggregateFunctions\min_max.cpp(31,20): error C2065: 'field': undeclared i
dentifier [C:\Users\tsuma.thomas\Documents\Mnemosyne\build\src\AggregateFunctions\mnemosyne_aggregate_functions.vcxproj
]
      C:\Users\tsuma.thomas\Documents\Mnemosyne\src\AggregateFunctions\avg.h(13,7):
      see declaration of 'mnesso::aggregate_functions::FunctionAvg'

C:\Users\tsuma.thomas\Documents\Mnemosyne\src\AggregateFunctions\avg.cpp(86,17): error C2061: syntax error: identifier
'AvgState' [C:\Users\tsuma.thomas\Documents\Mnemosyne\build\src\AggregateFunctions\mnemosyne_aggregate_functions.vcxpro
j]
C:\Users\tsuma.thomas\Documents\Mnemosyne\src\AggregateFunctions\sum.cpp(37,9): error C2668: 'mnesso::aggregate_functio
ns::add': ambiguous call to overloaded function [C:\Users\tsuma.thomas\Documents\Mnemosyne\build\src\AggregateFunctions
\mnemosyne_aggregate_functions.vcxproj]
      C:\Users\tsuma.thomas\Documents\Mnemosyne\src\AggregateFunctions\sum.cpp(35,16):
      could be 'void mnesso::aggregate_functions::add(const std::vector &)'
      C:\Users\tsuma.thomas\Documents\Mnemosyne\src\AggregateFunctions\sum.cpp(26,16):
      or       'void mnesso::aggregate_functions::add(const int)'
      C:\Users\tsuma.thomas\Documents\Mnemosyne\src\AggregateFunctions\sum.cpp(37,9):
      while trying to match the argument list '(const _Ty)'

C:\Users\tsuma.thomas\Documents\Mnemosyne\src\AggregateFunctions\sum.cpp(41,6): error C2653: 'SumState': is not a class
 or namespace name [C:\Users\tsuma.thomas\Documents\Mnemosyne\build\src\AggregateFunctions\mnemosyne_aggregate_function
s.vcxproj]
C:\Users\tsuma.thomas\Documents\Mnemosyne\src\AggregateFunctions\min_max.cpp(32,13): error C3536: 'str': cannot be used
 before it is initialized [C:\Users\tsuma.thomas\Documents\Mnemosyne\build\src\AggregateFunctions\mnemosyne_aggregate_f
unctions.vcxproj]
C:\Users\tsuma.thomas\Documents\Mnemosyne\src\AggregateFunctions\min_max.cpp(33,18): error C2065: 'has_value_': undecla
red identifier [C:\Users\tsuma.thomas\Documents\Mnemosyne\build\src\AggregateFunctions\mnemosyne_aggregate_functions.vc
xproj]
C:\Users\tsuma.thomas\Documents\Mnemosyne\src\AggregateFunctions\min_max.cpp(33,32): error C2100: you cannot dereferenc
e an operand of type '<error type>' [C:\Users\tsuma.thomas\Documents\Mnemosyne\build\src\AggregateFunctions\mnemosyne_a
ggregate_functions.vcxproj]
C:\Users\tsuma.thomas\Documents\Mnemosyne\src\AggregateFunctions\avg.cpp(89,54): error C2065: 'Field': undeclared ident
ifier [C:\Users\tsuma.thomas\Documents\Mnemosyne\build\src\AggregateFunctions\mnemosyne_aggregate_functions.vcxproj]
C:\Users\tsuma.thomas\Documents\Mnemosyne\src\AggregateFunctions\min_max.cpp(33,39): error C2065: 'str_value_': undecla
red identifier [C:\Users\tsuma.thomas\Documents\Mnemosyne\build\src\AggregateFunctions\mnemosyne_aggregate_functions.vc
xproj]
C:\Users\tsuma.thomas\Documents\Mnemosyne\src\AggregateFunctions\min_max.cpp(34,17): error C2065: 'str_value_': undecla
red identifier [C:\Users\tsuma.thomas\Documents\Mnemosyne\build\src\AggregateFunctions\mnemosyne_aggregate_functions.vc
xproj]
C:\Users\tsuma.thomas\Documents\Mnemosyne\src\AggregateFunctions\min_max.cpp(34,30): error C2100: you cannot dereferenc
e an operand of type '<error type>' [C:\Users\tsuma.thomas\Documents\Mnemosyne\build\src\AggregateFunctions\mnemosyne_a
ggregate_functions.vcxproj]
C:\Users\tsuma.thomas\Documents\Mnemosyne\src\AggregateFunctions\avg.cpp(89,47): error C2923: 'std::vector': 'Field' is
 not a valid template type argument for parameter '_Ty' [C:\Users\tsuma.thomas\Documents\Mnemosyne\build\src\AggregateF
unctions\mnemosyne_aggregate_functions.vcxproj]
C:\Users\tsuma.thomas\Documents\Mnemosyne\src\AggregateFunctions\sum.cpp(41,34): error C3613: missing return type after
 '->' ('int' assumed) [C:\Users\tsuma.thomas\Documents\Mnemosyne\build\src\AggregateFunctions\mnemosyne_aggregate_funct
ions.vcxproj]
C:\Users\tsuma.thomas\Documents\Mnemosyne\src\AggregateFunctions\sum.cpp(41,34): error C3646: 'Field': unknown override
 specifier [C:\Users\tsuma.thomas\Documents\Mnemosyne\build\src\AggregateFunctions\mnemosyne_aggregate_functions.vcxpro
j]
      C:\Users\tsuma.thomas\Documents\Mnemosyne\src\AggregateFunctions\avg.cpp(89,54):
      see declaration of 'Field'

C:\Users\tsuma.thomas\Documents\Mnemosyne\src\AggregateFunctions\sum.cpp(41,16): error C2270: 'result': modifiers not a
llowed on nonmember functions [C:\Users\tsuma.thomas\Documents\Mnemosyne\build\src\AggregateFunctions\mnemosyne_aggrega
te_functions.vcxproj]
C:\Users\tsuma.thomas\Documents\Mnemosyne\src\AggregateFunctions\sum.cpp(42,10): error C2065: 'has_value_': undeclared
identifier [C:\Users\tsuma.thomas\Documents\Mnemosyne\build\src\AggregateFunctions\mnemosyne_aggregate_functions.vcxpro
j]
C:\Users\tsuma.thomas\Documents\Mnemosyne\src\AggregateFunctions\sum.cpp(42,29): error C2065: 'Field': undeclared ident
ifier [C:\Users\tsuma.thomas\Documents\Mnemosyne\build\src\AggregateFunctions\mnemosyne_aggregate_functions.vcxproj]
C:\Users\tsuma.thomas\Documents\Mnemosyne\src\AggregateFunctions\sum.cpp(43,12): error C2065: 'Field': undeclared ident
ifier [C:\Users\tsuma.thomas\Documents\Mnemosyne\build\src\AggregateFunctions\mnemosyne_aggregate_functions.vcxproj]
C:\Users\tsuma.thomas\Documents\Mnemosyne\src\AggregateFunctions\sum.cpp(43,18): error C2065: 'value_': undeclared iden
tifier [C:\Users\tsuma.thomas\Documents\Mnemosyne\build\src\AggregateFunctions\mnemosyne_aggregate_functions.vcxproj]
C:\Users\tsuma.thomas\Documents\Mnemosyne\src\AggregateFunctions\sum.cpp(46,6): error C2653: 'SumState': is not a class
 or namespace name [C:\Users\tsuma.thomas\Documents\Mnemosyne\build\src\AggregateFunctions\mnemosyne_aggregate_function
s.vcxproj]
C:\Users\tsuma.thomas\Documents\Mnemosyne\src\AggregateFunctions\min_max.cpp(35,17): error C2065: 'has_value_': undecla
red identifier [C:\Users\tsuma.thomas\Documents\Mnemosyne\build\src\AggregateFunctions\mnemosyne_aggregate_functions.vc
xproj]
C:\Users\tsuma.thomas\Documents\Mnemosyne\src\AggregateFunctions\sum.cpp(46,16): error C2270: 'result_string': modifier
s not allowed on nonmember functions [C:\Users\tsuma.thomas\Documents\Mnemosyne\build\src\AggregateFunctions\mnemosyne_
aggregate_functions.vcxproj]
C:\Users\tsuma.thomas\Documents\Mnemosyne\src\AggregateFunctions\sum.cpp(47,10): error C2065: 'has_value_': undeclared
identifier [C:\Users\tsuma.thomas\Documents\Mnemosyne\build\src\AggregateFunctions\mnemosyne_aggregate_functions.vcxpro
j]
C:\Users\tsuma.thomas\Documents\Mnemosyne\src\AggregateFunctions\min_max.cpp(41,6): error C2653: 'MinState': is not a c
lass or namespace name [C:\Users\tsuma.thomas\Documents\Mnemosyne\build\src\AggregateFunctions\mnemosyne_aggregate_func
tions.vcxproj]
C:\Users\tsuma.thomas\Documents\Mnemosyne\src\AggregateFunctions\min_max.cpp(41,38): error C2065: 'Field': undeclared i
dentifier [C:\Users\tsuma.thomas\Documents\Mnemosyne\build\src\AggregateFunctions\mnemosyne_aggregate_functions.vcxproj
]
C:\Users\tsuma.thomas\Documents\Mnemosyne\src\AggregateFunctions\min_max.cpp(41,31): error C2923: 'std::vector': 'Field
' is not a valid template type argument for parameter '_Ty' [C:\Users\tsuma.thomas\Documents\Mnemosyne\build\src\Aggreg
ateFunctions\mnemosyne_aggregate_functions.vcxproj]
      C:\Users\tsuma.thomas\Documents\Mnemosyne\src\AggregateFunctions\min_max.cpp(41,38):
      see declaration of 'Field'

C:\Users\tsuma.thomas\Documents\Mnemosyne\src\AggregateFunctions\sum.cpp(49,45): error C2065: 'value_': undeclared iden
tifier [C:\Users\tsuma.thomas\Documents\Mnemosyne\build\src\AggregateFunctions\mnemosyne_aggregate_functions.vcxproj]
C:\Users\tsuma.thomas\Documents\Mnemosyne\src\AggregateFunctions\avg.cpp(89,47): error C2976: 'std::vector': too few te
mplate arguments [C:\Users\tsuma.thomas\Documents\Mnemosyne\build\src\AggregateFunctions\mnemosyne_aggregate_functions.
vcxproj]
      C:\Program Files (x86)\Microsoft Visual Studio\2022\BuildTools\VC\Tools\MSVC\14.44.35207\include\vector(442,7):
      see declaration of 'std::vector'

C:\Users\tsuma.thomas\Documents\Mnemosyne\src\AggregateFunctions\avg.cpp(89,62): error C2955: 'std::vector': use of cla
ss template requires template argument list [C:\Users\tsuma.thomas\Documents\Mnemosyne\build\src\AggregateFunctions\mne
mosyne_aggregate_functions.vcxproj]
      C:\Program Files (x86)\Microsoft Visual Studio\2022\BuildTools\VC\Tools\MSVC\14.44.35207\include\vector(442,7):
      see declaration of 'std::vector'

C:\Users\tsuma.thomas\Documents\Mnemosyne\src\AggregateFunctions\sum.cpp(53,6): error C2653: 'SumState': is not a class
 or namespace name [C:\Users\tsuma.thomas\Documents\Mnemosyne\build\src\AggregateFunctions\mnemosyne_aggregate_function
s.vcxproj]
C:\Users\tsuma.thomas\Documents\Mnemosyne\src\AggregateFunctions\avg.cpp(89,19): error C2511: 'void mnesso::aggregate_f
unctions::FunctionAvg::add(void *,const std::vector &) const': overloaded member function not found in 'mnesso::aggrega
te_functions::FunctionAvg' [C:\Users\tsuma.thomas\Documents\Mnemosyne\build\src\AggregateFunctions\mnemosyne_aggregate_
functions.vcxproj]
C:\Users\tsuma.thomas\Documents\Mnemosyne\src\AggregateFunctions\min_max.cpp(41,31): error C2976: 'std::vector': too fe
w template arguments [C:\Users\tsuma.thomas\Documents\Mnemosyne\build\src\AggregateFunctions\mnemosyne_aggregate_functi
ons.vcxproj]
      C:\Users\tsuma.thomas\Documents\Mnemosyne\src\AggregateFunctions\avg.h(13,7):
      see declaration of 'mnesso::aggregate_functions::FunctionAvg'

C:\Users\tsuma.thomas\Documents\Mnemosyne\src\AggregateFunctions\avg.cpp(90,17): error C2061: syntax error: identifier
'AvgState' [C:\Users\tsuma.thomas\Documents\Mnemosyne\build\src\AggregateFunctions\mnemosyne_aggregate_functions.vcxpro
j]
C:\Users\tsuma.thomas\Documents\Mnemosyne\src\AggregateFunctions\avg.cpp(93,19): error C2039: 'result': is not a member
 of 'mnesso::aggregate_functions::FunctionAvg' [C:\Users\tsuma.thomas\Documents\Mnemosyne\build\src\AggregateFunctions\
mnemosyne_aggregate_functions.vcxproj]
      C:\Users\tsuma.thomas\Documents\Mnemosyne\src\AggregateFunctions\avg.h(13,7):
      see declaration of 'mnesso::aggregate_functions::FunctionAvg'

C:\Users\tsuma.thomas\Documents\Mnemosyne\src\AggregateFunctions\avg.cpp(93,48): error C3613: missing return type after
 '->' ('int' assumed) [C:\Users\tsuma.thomas\Documents\Mnemosyne\build\src\AggregateFunctions\mnemosyne_aggregate_funct
ions.vcxproj]
C:\Users\tsuma.thomas\Documents\Mnemosyne\src\AggregateFunctions\avg.cpp(93,48): error C3646: 'Field': unknown override
 specifier [C:\Users\tsuma.thomas\Documents\Mnemosyne\build\src\AggregateFunctions\mnemosyne_aggregate_functions.vcxpro
j]
C:\Users\tsuma.thomas\Documents\Mnemosyne\src\AggregateFunctions\avg.cpp(93,19): error C2270: 'result': modifiers not a
llowed on nonmember functions [C:\Users\tsuma.thomas\Documents\Mnemosyne\build\src\AggregateFunctions\mnemosyne_aggrega
te_functions.vcxproj]
C:\Users\tsuma.thomas\Documents\Mnemosyne\src\AggregateFunctions\avg.cpp(94,24): error C2061: syntax error: identifier
'AvgState' [C:\Users\tsuma.thomas\Documents\Mnemosyne\build\src\AggregateFunctions\mnemosyne_aggregate_functions.vcxpro
j]
C:\Users\tsuma.thomas\Documents\Mnemosyne\src\AggregateFunctions\avg.cpp(97,19): error C2039: 'result_string': is not a
 member of 'mnesso::aggregate_functions::FunctionAvg' [C:\Users\tsuma.thomas\Documents\Mnemosyne\build\src\AggregateFun
ctions\mnemosyne_aggregate_functions.vcxproj]
      C:\Users\tsuma.thomas\Documents\Mnemosyne\src\AggregateFunctions\avg.h(13,7):
      see declaration of 'mnesso::aggregate_functions::FunctionAvg'

C:\Users\tsuma.thomas\Documents\Mnemosyne\src\AggregateFunctions\avg.cpp(97,19): error C2270: 'result_string': modifier
s not allowed on nonmember functions [C:\Users\tsuma.thomas\Documents\Mnemosyne\build\src\AggregateFunctions\mnemosyne_
aggregate_functions.vcxproj]
C:\Users\tsuma.thomas\Documents\Mnemosyne\src\AggregateFunctions\sum.cpp(53,16): error C2270: 'has_result': modifiers n
ot allowed on nonmember functions [C:\Users\tsuma.thomas\Documents\Mnemosyne\build\src\AggregateFunctions\mnemosyne_agg
regate_functions.vcxproj]
C:\Users\tsuma.thomas\Documents\Mnemosyne\src\AggregateFunctions\sum.cpp(54,12): error C2065: 'has_value_': undeclared
identifier [C:\Users\tsuma.thomas\Documents\Mnemosyne\build\src\AggregateFunctions\mnemosyne_aggregate_functions.vcxpro
j]
C:\Users\tsuma.thomas\Documents\Mnemosyne\src\AggregateFunctions\sum.cpp(57,6): error C2653: 'SumState': is not a class
 or namespace name [C:\Users\tsuma.thomas\Documents\Mnemosyne\build\src\AggregateFunctions\mnemosyne_aggregate_function
s.vcxproj]
C:\Users\tsuma.thomas\Documents\Mnemosyne\src\AggregateFunctions\avg.cpp(98,24): error C2061: syntax error: identifier
'AvgState' [C:\Users\tsuma.thomas\Documents\Mnemosyne\build\src\AggregateFunctions\mnemosyne_aggregate_functions.vcxpro
j]
C:\Users\tsuma.thomas\Documents\Mnemosyne\src\AggregateFunctions\avg.cpp(101,19): error C2511: 'void mnesso::aggregate_
functions::FunctionAvg::merge(void *,void *) const': overloaded member function not found in 'mnesso::aggregate_functio
ns::FunctionAvg' [C:\Users\tsuma.thomas\Documents\Mnemosyne\build\src\AggregateFunctions\mnemosyne_aggregate_functions.
vcxproj]
      C:\Users\tsuma.thomas\Documents\Mnemosyne\src\AggregateFunctions\avg.h(13,7):
      see declaration of 'mnesso::aggregate_functions::FunctionAvg'

      C:\Program Files (x86)\Microsoft Visual Studio\2022\BuildTools\VC\Tools\MSVC\14.44.35207\include\vector(442,7):
      see declaration of 'std::vector'

C:\Users\tsuma.thomas\Documents\Mnemosyne\src\AggregateFunctions\avg.cpp(102,30): error C2061: syntax error: identifier
 'AvgState' [C:\Users\tsuma.thomas\Documents\Mnemosyne\build\src\AggregateFunctions\mnemosyne_aggregate_functions.vcxpr
oj]
C:\Users\tsuma.thomas\Documents\Mnemosyne\src\AggregateFunctions\avg.cpp(103,29): error C2061: syntax error: identifier
 'AvgState' [C:\Users\tsuma.thomas\Documents\Mnemosyne\build\src\AggregateFunctions\mnemosyne_aggregate_functions.vcxpr
oj]
C:\Users\tsuma.thomas\Documents\Mnemosyne\src\AggregateFunctions\sum.cpp(57,16): error C2270: 'clone': modifiers not al
lowed on nonmember functions [C:\Users\tsuma.thomas\Documents\Mnemosyne\build\src\AggregateFunctions\mnemosyne_aggregat
e_functions.vcxproj]
C:\Users\tsuma.thomas\Documents\Mnemosyne\src\AggregateFunctions\sum.cpp(58,23): error C2061: syntax error: identifier
'SumState' [C:\Users\tsuma.thomas\Documents\Mnemosyne\build\src\AggregateFunctions\mnemosyne_aggregate_functions.vcxpro
j]
C:\Users\tsuma.thomas\Documents\Mnemosyne\src\AggregateFunctions\sum.cpp(58,31): error C2143: syntax error: missing ';'
 before '{' [C:\Users\tsuma.thomas\Documents\Mnemosyne\build\src\AggregateFunctions\mnemosyne_aggregate_functions.vcxpr
oj]
C:\Users\tsuma.thomas\Documents\Mnemosyne\src\AggregateFunctions\avg.cpp(104,5): error C3536: 'dest': cannot be used be
fore it is initialized [C:\Users\tsuma.thomas\Documents\Mnemosyne\build\src\AggregateFunctions\mnemosyne_aggregate_func
tions.vcxproj]
C:\Users\tsuma.thomas\Documents\Mnemosyne\src\AggregateFunctions\avg.cpp(104,5): error C1003: error count exceeds 100;
stopping compilation [C:\Users\tsuma.thomas\Documents\Mnemosyne\build\src\AggregateFunctions\mnemosyne_aggregate_functi
ons.vcxproj]
C:\Users\tsuma.thomas\Documents\Mnemosyne\src\AggregateFunctions\min_max.cpp(41,46): error C2955: 'std::vector': use of
 class template requires template argument list [C:\Users\tsuma.thomas\Documents\Mnemosyne\build\src\AggregateFunctions
\mnemosyne_aggregate_functions.vcxproj]
      C:\Program Files (x86)\Microsoft Visual Studio\2022\BuildTools\VC\Tools\MSVC\14.44.35207\include\vector(442,7):
      see declaration of 'std::vector'

C:\Users\tsuma.thomas\Documents\Mnemosyne\src\AggregateFunctions\min_max.cpp(42,26): error C2663: 'std::vector<_Ty,_All
oc>::_Unchecked_begin': no overloaded function has valid conversion for 'this' pointer [C:\Users\tsuma.thomas\Documents
\Mnemosyne\build\src\AggregateFunctions\mnemosyne_aggregate_functions.vcxproj]
      C:\Program Files (x86)\Microsoft Visual Studio\2022\BuildTools\VC\Tools\MSVC\14.44.35207\include\vector(1896,40):
      could be 'const _Ty *std::vector<_Ty,_Alloc>::_Unchecked_begin(void) noexcept const'
          C:\Users\tsuma.thomas\Documents\Mnemosyne\src\AggregateFunctions\min_max.cpp(42,26):
          'const _Ty *std::vector<_Ty,_Alloc>::_Unchecked_begin(void) noexcept const': cannot convert 'this' pointer fr
  om 'const std::vector' to 'const std::vector<_Ty,_Alloc> &'
              C:\Users\tsuma.thomas\Documents\Mnemosyne\src\AggregateFunctions\min_max.cpp(42,26):
              Reason: cannot convert from 'const std::vector' to 'const std::vector<_Ty,_Alloc>'
              C:\Users\tsuma.thomas\Documents\Mnemosyne\src\AggregateFunctions\min_max.cpp(42,26):
              Conversion requires a second user-defined-conversion operator or constructor
      C:\Program Files (x86)\Microsoft Visual Studio\2022\BuildTools\VC\Tools\MSVC\14.44.35207\include\vector(1892,34):
      or       '_Ty *std::vector<_Ty,_Alloc>::_Unchecked_begin(void) noexcept'
          C:\Users\tsuma.thomas\Documents\Mnemosyne\src\AggregateFunctions\min_max.cpp(42,26):
          '_Ty *std::vector<_Ty,_Alloc>::_Unchecked_begin(void) noexcept': cannot convert 'this' pointer from 'const st
  d::vector' to 'std::vector<_Ty,_Alloc> &'
              C:\Users\tsuma.thomas\Documents\Mnemosyne\src\AggregateFunctions\min_max.cpp(42,26):
              Reason: cannot convert from 'const std::vector' to 'std::vector<_Ty,_Alloc>'
              C:\Users\tsuma.thomas\Documents\Mnemosyne\src\AggregateFunctions\min_max.cpp(42,26):
              Conversion requires a second user-defined-conversion operator or constructor
      C:\Users\tsuma.thomas\Documents\Mnemosyne\src\AggregateFunctions\min_max.cpp(42,26):
      while trying to match the argument list '()'

C:\Users\tsuma.thomas\Documents\Mnemosyne\src\AggregateFunctions\min_max.cpp(42,26): error C2663: 'std::vector<_Ty,_All
oc>::_Unchecked_end': no overloaded function has valid conversion for 'this' pointer [C:\Users\tsuma.thomas\Documents\M
nemosyne\build\src\AggregateFunctions\mnemosyne_aggregate_functions.vcxproj]
      C:\Program Files (x86)\Microsoft Visual Studio\2022\BuildTools\VC\Tools\MSVC\14.44.35207\include\vector(1904,40):
      could be 'const _Ty *std::vector<_Ty,_Alloc>::_Unchecked_end(void) noexcept const'
          C:\Users\tsuma.thomas\Documents\Mnemosyne\src\AggregateFunctions\min_max.cpp(42,26):
          'const _Ty *std::vector<_Ty,_Alloc>::_Unchecked_end(void) noexcept const': cannot convert 'this' pointer from
   'const std::vector' to 'const std::vector<_Ty,_Alloc> &'
              C:\Users\tsuma.thomas\Documents\Mnemosyne\src\AggregateFunctions\min_max.cpp(42,26):
              Reason: cannot convert from 'const std::vector' to 'const std::vector<_Ty,_Alloc>'
              C:\Users\tsuma.thomas\Documents\Mnemosyne\src\AggregateFunctions\min_max.cpp(42,26):
              Conversion requires a second user-defined-conversion operator or constructor
      C:\Program Files (x86)\Microsoft Visual Studio\2022\BuildTools\VC\Tools\MSVC\14.44.35207\include\vector(1900,34):
      or       '_Ty *std::vector<_Ty,_Alloc>::_Unchecked_end(void) noexcept'
          C:\Users\tsuma.thomas\Documents\Mnemosyne\src\AggregateFunctions\min_max.cpp(42,26):
          '_Ty *std::vector<_Ty,_Alloc>::_Unchecked_end(void) noexcept': cannot convert 'this' pointer from 'const std:
  :vector' to 'std::vector<_Ty,_Alloc> &'
              C:\Users\tsuma.thomas\Documents\Mnemosyne\src\AggregateFunctions\min_max.cpp(42,26):
              Reason: cannot convert from 'const std::vector' to 'std::vector<_Ty,_Alloc>'
              C:\Users\tsuma.thomas\Documents\Mnemosyne\src\AggregateFunctions\min_max.cpp(42,26):
              Conversion requires a second user-defined-conversion operator or constructor
      C:\Users\tsuma.thomas\Documents\Mnemosyne\src\AggregateFunctions\min_max.cpp(42,26):
      while trying to match the argument list '()'

C:\Users\tsuma.thomas\Documents\Mnemosyne\src\AggregateFunctions\sum.cpp(59,5): error C3536: 'state': cannot be used be
fore it is initialized [C:\Users\tsuma.thomas\Documents\Mnemosyne\build\src\AggregateFunctions\mnemosyne_aggregate_func
tions.vcxproj]
C:\Users\tsuma.thomas\Documents\Mnemosyne\src\AggregateFunctions\sum.cpp(59,21): error C2065: 'value_': undeclared iden
tifier [C:\Users\tsuma.thomas\Documents\Mnemosyne\build\src\AggregateFunctions\mnemosyne_aggregate_functions.vcxproj]
C:\Users\tsuma.thomas\Documents\Mnemosyne\src\AggregateFunctions\sum.cpp(60,21): error C2065: 'count_': undeclared iden
tifier [C:\Users\tsuma.thomas\Documents\Mnemosyne\build\src\AggregateFunctions\mnemosyne_aggregate_functions.vcxproj]
C:\Users\tsuma.thomas\Documents\Mnemosyne\src\AggregateFunctions\sum.cpp(61,25): error C2065: 'has_value_': undeclared
identifier [C:\Users\tsuma.thomas\Documents\Mnemosyne\build\src\AggregateFunctions\mnemosyne_aggregate_functions.vcxpro
j]
C:\Users\tsuma.thomas\Documents\Mnemosyne\src\AggregateFunctions\sum.cpp(67,19): error C2039: 'info': is not a member o
f 'mnesso::aggregate_functions::FunctionSum' [C:\Users\tsuma.thomas\Documents\Mnemosyne\build\src\AggregateFunctions\mn
emosyne_aggregate_functions.vcxproj]
      C:\Users\tsuma.thomas\Documents\Mnemosyne\src\AggregateFunctions\sum.h(13,7):
      see declaration of 'mnesso::aggregate_functions::FunctionSum'

C:\Users\tsuma.thomas\Documents\Mnemosyne\src\AggregateFunctions\sum.cpp(67,35): error C3613: missing return type after
 '->' ('int' assumed) [C:\Users\tsuma.thomas\Documents\Mnemosyne\build\src\AggregateFunctions\mnemosyne_aggregate_funct
ions.vcxproj]
C:\Users\tsuma.thomas\Documents\Mnemosyne\src\AggregateFunctions\sum.cpp(67,35): error C3646: 'FunctionInfo': unknown o
verride specifier [C:\Users\tsuma.thomas\Documents\Mnemosyne\build\src\AggregateFunctions\mnemosyne_aggregate_functions
.vcxproj]
C:\Users\tsuma.thomas\Documents\Mnemosyne\src\AggregateFunctions\sum.cpp(67,19): error C2270: 'info': modifiers not all
owed on nonmember functions [C:\Users\tsuma.thomas\Documents\Mnemosyne\build\src\AggregateFunctions\mnemosyne_aggregate
_functions.vcxproj]
C:\Users\tsuma.thomas\Documents\Mnemosyne\src\AggregateFunctions\min_max.cpp(43,9): error C2668: 'mnesso::aggregate_fun
ctions::add': ambiguous call to overloaded function [C:\Users\tsuma.thomas\Documents\Mnemosyne\build\src\AggregateFunct
ions\mnemosyne_aggregate_functions.vcxproj]
      C:\Users\tsuma.thomas\Documents\Mnemosyne\src\AggregateFunctions\min_max.cpp(41,16):
      could be 'void mnesso::aggregate_functions::add(const std::vector &)'
      C:\Users\tsuma.thomas\Documents\Mnemosyne\src\AggregateFunctions\min_max.cpp(22,16):
      or       'void mnesso::aggregate_functions::add(const int)'
      C:\Users\tsuma.thomas\Documents\Mnemosyne\src\AggregateFunctions\min_max.cpp(43,9):
      while trying to match the argument list '(const _Ty)'

C:\Users\tsuma.thomas\Documents\Mnemosyne\src\AggregateFunctions\min_max.cpp(47,6): error C2653: 'MinState': is not a c
lass or namespace name [C:\Users\tsuma.thomas\Documents\Mnemosyne\build\src\AggregateFunctions\mnemosyne_aggregate_func
tions.vcxproj]
C:\Users\tsuma.thomas\Documents\Mnemosyne\src\AggregateFunctions\min_max.cpp(47,34): error C3613: missing return type a
fter '->' ('int' assumed) [C:\Users\tsuma.thomas\Documents\Mnemosyne\build\src\AggregateFunctions\mnemosyne_aggregate_f
unctions.vcxproj]
C:\Users\tsuma.thomas\Documents\Mnemosyne\src\AggregateFunctions\min_max.cpp(47,34): error C3646: 'Field': unknown over
ride specifier [C:\Users\tsuma.thomas\Documents\Mnemosyne\build\src\AggregateFunctions\mnemosyne_aggregate_functions.vc
xproj]
C:\Users\tsuma.thomas\Documents\Mnemosyne\src\AggregateFunctions\min_max.cpp(47,16): error C2270: 'result': modifiers n
ot allowed on nonmember functions [C:\Users\tsuma.thomas\Documents\Mnemosyne\build\src\AggregateFunctions\mnemosyne_agg
regate_functions.vcxproj]
C:\Users\tsuma.thomas\Documents\Mnemosyne\src\AggregateFunctions\min_max.cpp(48,10): error C2065: 'has_value_': undecla
red identifier [C:\Users\tsuma.thomas\Documents\Mnemosyne\build\src\AggregateFunctions\mnemosyne_aggregate_functions.vc
xproj]
C:\Users\tsuma.thomas\Documents\Mnemosyne\src\AggregateFunctions\min_max.cpp(48,29): error C2065: 'Field': undeclared i
dentifier [C:\Users\tsuma.thomas\Documents\Mnemosyne\build\src\AggregateFunctions\mnemosyne_aggregate_functions.vcxproj
]
C:\Users\tsuma.thomas\Documents\Mnemosyne\src\AggregateFunctions\min_max.cpp(49,12): error C2065: 'Field': undeclared i
dentifier [C:\Users\tsuma.thomas\Documents\Mnemosyne\build\src\AggregateFunctions\mnemosyne_aggregate_functions.vcxproj
]
C:\Users\tsuma.thomas\Documents\Mnemosyne\src\AggregateFunctions\min_max.cpp(49,18): error C2065: 'value_': undeclared
identifier [C:\Users\tsuma.thomas\Documents\Mnemosyne\build\src\AggregateFunctions\mnemosyne_aggregate_functions.vcxpro
j]
C:\Users\tsuma.thomas\Documents\Mnemosyne\src\AggregateFunctions\sum.cpp(71,19): error C2039: 'prepare': is not a membe
r of 'mnesso::aggregate_functions::FunctionSum' [C:\Users\tsuma.thomas\Documents\Mnemosyne\build\src\AggregateFunctions
\mnemosyne_aggregate_functions.vcxproj]
      C:\Users\tsuma.thomas\Documents\Mnemosyne\src\AggregateFunctions\sum.h(13,7):
      see declaration of 'mnesso::aggregate_functions::FunctionSum'

C:\Users\tsuma.thomas\Documents\Mnemosyne\src\AggregateFunctions\sum.cpp(75,19): error C2039: 'can_execute': is not a m
ember of 'mnesso::aggregate_functions::FunctionSum' [C:\Users\tsuma.thomas\Documents\Mnemosyne\build\src\AggregateFunct
ions\mnemosyne_aggregate_functions.vcxproj]
      C:\Users\tsuma.thomas\Documents\Mnemosyne\src\AggregateFunctions\sum.h(13,7):
      see declaration of 'mnesso::aggregate_functions::FunctionSum'

C:\Users\tsuma.thomas\Documents\Mnemosyne\src\AggregateFunctions\sum.cpp(75,19): error C2270: 'can_execute': modifiers
not allowed on nonmember functions [C:\Users\tsuma.thomas\Documents\Mnemosyne\build\src\AggregateFunctions\mnemosyne_ag
gregate_functions.vcxproj]
C:\Users\tsuma.thomas\Documents\Mnemosyne\src\AggregateFunctions\sum.cpp(82,19): error C2039: 'create_state': is not a
member of 'mnesso::aggregate_functions::FunctionSum' [C:\Users\tsuma.thomas\Documents\Mnemosyne\build\src\AggregateFunc
tions\mnemosyne_aggregate_functions.vcxproj]
      C:\Users\tsuma.thomas\Documents\Mnemosyne\src\AggregateFunctions\sum.h(13,7):
      see declaration of 'mnesso::aggregate_functions::FunctionSum'

C:\Users\tsuma.thomas\Documents\Mnemosyne\src\AggregateFunctions\sum.cpp(82,19): error C2270: 'create_state': modifiers
 not allowed on nonmember functions [C:\Users\tsuma.thomas\Documents\Mnemosyne\build\src\AggregateFunctions\mnemosyne_a
ggregate_functions.vcxproj]
C:\Users\tsuma.thomas\Documents\Mnemosyne\src\AggregateFunctions\sum.cpp(83,16): error C2061: syntax error: identifier
'SumState' [C:\Users\tsuma.thomas\Documents\Mnemosyne\build\src\AggregateFunctions\mnemosyne_aggregate_functions.vcxpro
j]
C:\Users\tsuma.thomas\Documents\Mnemosyne\src\AggregateFunctions\sum.cpp(83,24): error C2143: syntax error: missing ';'
 before '{' [C:\Users\tsuma.thomas\Documents\Mnemosyne\build\src\AggregateFunctions\mnemosyne_aggregate_functions.vcxpr
oj]
C:\Users\tsuma.thomas\Documents\Mnemosyne\src\AggregateFunctions\sum.cpp(86,36): error C4430: missing type specifier -
int assumed. Note: C++ does not support default-int [C:\Users\tsuma.thomas\Documents\Mnemosyne\build\src\AggregateFunct
ions\mnemosyne_aggregate_functions.vcxproj]
C:\Users\tsuma.thomas\Documents\Mnemosyne\src\AggregateFunctions\sum.cpp(86,47): error C2143: syntax error: missing ','
 before '&' [C:\Users\tsuma.thomas\Documents\Mnemosyne\build\src\AggregateFunctions\mnemosyne_aggregate_functions.vcxpr
oj]
C:\Users\tsuma.thomas\Documents\Mnemosyne\src\AggregateFunctions\sum.cpp(86,19): error C2511: 'void mnesso::aggregate_f
unctions::FunctionSum::add(void *,const int) const': overloaded member function not found in 'mnesso::aggregate_functio
ns::FunctionSum' [C:\Users\tsuma.thomas\Documents\Mnemosyne\build\src\AggregateFunctions\mnemosyne_aggregate_functions.
vcxproj]
      C:\Users\tsuma.thomas\Documents\Mnemosyne\src\AggregateFunctions\sum.h(13,7):
      see declaration of 'mnesso::aggregate_functions::FunctionSum'

C:\Users\tsuma.thomas\Documents\Mnemosyne\src\AggregateFunctions\sum.cpp(87,17): error C2061: syntax error: identifier
'SumState' [C:\Users\tsuma.thomas\Documents\Mnemosyne\build\src\AggregateFunctions\mnemosyne_aggregate_functions.vcxpro
j]
C:\Users\tsuma.thomas\Documents\Mnemosyne\src\AggregateFunctions\sum.cpp(90,54): error C2065: 'Field': undeclared ident
ifier [C:\Users\tsuma.thomas\Documents\Mnemosyne\build\src\AggregateFunctions\mnemosyne_aggregate_functions.vcxproj]
C:\Users\tsuma.thomas\Documents\Mnemosyne\src\AggregateFunctions\sum.cpp(90,47): error C2923: 'std::vector': 'Field' is
 not a valid template type argument for parameter '_Ty' [C:\Users\tsuma.thomas\Documents\Mnemosyne\build\src\AggregateF
unctions\mnemosyne_aggregate_functions.vcxproj]
      C:\Users\tsuma.thomas\Documents\Mnemosyne\src\AggregateFunctions\sum.cpp(90,54):
      see declaration of 'Field'

C:\Users\tsuma.thomas\Documents\Mnemosyne\src\AggregateFunctions\min_max.cpp(52,6): error C2653: 'MinState': is not a c
lass or namespace name [C:\Users\tsuma.thomas\Documents\Mnemosyne\build\src\AggregateFunctions\mnemosyne_aggregate_func
tions.vcxproj]
C:\Users\tsuma.thomas\Documents\Mnemosyne\src\AggregateFunctions\min_max.cpp(52,16): error C2270: 'result_string': modi
fiers not allowed on nonmember functions [C:\Users\tsuma.thomas\Documents\Mnemosyne\build\src\AggregateFunctions\mnemos
yne_aggregate_functions.vcxproj]
C:\Users\tsuma.thomas\Documents\Mnemosyne\src\AggregateFunctions\min_max.cpp(53,10): error C2065: 'has_value_': undecla
red identifier [C:\Users\tsuma.thomas\Documents\Mnemosyne\build\src\AggregateFunctions\mnemosyne_aggregate_functions.vc
xproj]
C:\Users\tsuma.thomas\Documents\Mnemosyne\src\AggregateFunctions\min_max.cpp(55,45): error C2065: 'value_': undeclared
identifier [C:\Users\tsuma.thomas\Documents\Mnemosyne\build\src\AggregateFunctions\mnemosyne_aggregate_functions.vcxpro
j]
C:\Users\tsuma.thomas\Documents\Mnemosyne\src\AggregateFunctions\min_max.cpp(59,6): error C2653: 'MinState': is not a c
lass or namespace name [C:\Users\tsuma.thomas\Documents\Mnemosyne\build\src\AggregateFunctions\mnemosyne_aggregate_func
tions.vcxproj]
C:\Users\tsuma.thomas\Documents\Mnemosyne\src\AggregateFunctions\min_max.cpp(59,16): error C2270: 'has_result': modifie
rs not allowed on nonmember functions [C:\Users\tsuma.thomas\Documents\Mnemosyne\build\src\AggregateFunctions\mnemosyne
_aggregate_functions.vcxproj]
C:\Users\tsuma.thomas\Documents\Mnemosyne\src\AggregateFunctions\min_max.cpp(60,12): error C2065: 'has_value_': undecla
red identifier [C:\Users\tsuma.thomas\Documents\Mnemosyne\build\src\AggregateFunctions\mnemosyne_aggregate_functions.vc
xproj]
C:\Users\tsuma.thomas\Documents\Mnemosyne\src\AggregateFunctions\min_max.cpp(63,6): error C2653: 'MinState': is not a c
lass or namespace name [C:\Users\tsuma.thomas\Documents\Mnemosyne\build\src\AggregateFunctions\mnemosyne_aggregate_func
tions.vcxproj]
C:\Users\tsuma.thomas\Documents\Mnemosyne\src\AggregateFunctions\min_max.cpp(63,16): error C2270: 'clone': modifiers no
t allowed on nonmember functions [C:\Users\tsuma.thomas\Documents\Mnemosyne\build\src\AggregateFunctions\mnemosyne_aggr
egate_functions.vcxproj]
C:\Users\tsuma.thomas\Documents\Mnemosyne\src\AggregateFunctions\min_max.cpp(64,23): error C2061: syntax error: identif
ier 'MinState' [C:\Users\tsuma.thomas\Documents\Mnemosyne\build\src\AggregateFunctions\mnemosyne_aggregate_functions.vc
xproj]
C:\Users\tsuma.thomas\Documents\Mnemosyne\src\AggregateFunctions\min_max.cpp(64,31): error C2143: syntax error: missing
 ';' before '{' [C:\Users\tsuma.thomas\Documents\Mnemosyne\build\src\AggregateFunctions\mnemosyne_aggregate_functions.v
cxproj]
C:\Users\tsuma.thomas\Documents\Mnemosyne\src\AggregateFunctions\min_max.cpp(65,5): error C3536: 'state': cannot be use
d before it is initialized [C:\Users\tsuma.thomas\Documents\Mnemosyne\build\src\AggregateFunctions\mnemosyne_aggregate_
functions.vcxproj]
C:\Users\tsuma.thomas\Documents\Mnemosyne\src\AggregateFunctions\min_max.cpp(65,21): error C2065: 'value_': undeclared
identifier [C:\Users\tsuma.thomas\Documents\Mnemosyne\build\src\AggregateFunctions\mnemosyne_aggregate_functions.vcxpro
j]
C:\Users\tsuma.thomas\Documents\Mnemosyne\src\AggregateFunctions\min_max.cpp(66,25): error C2065: 'has_value_': undecla
red identifier [C:\Users\tsuma.thomas\Documents\Mnemosyne\build\src\AggregateFunctions\mnemosyne_aggregate_functions.vc
xproj]
C:\Users\tsuma.thomas\Documents\Mnemosyne\src\AggregateFunctions\min_max.cpp(67,25): error C2065: 'str_value_': undecla
red identifier [C:\Users\tsuma.thomas\Documents\Mnemosyne\build\src\AggregateFunctions\mnemosyne_aggregate_functions.vc
xproj]
C:\Users\tsuma.thomas\Documents\Mnemosyne\src\AggregateFunctions\min_max.cpp(73,19): error C2039: 'info': is not a memb
er of 'mnesso::aggregate_functions::FunctionMin' [C:\Users\tsuma.thomas\Documents\Mnemosyne\build\src\AggregateFunction
s\mnemosyne_aggregate_functions.vcxproj]
      C:\Users\tsuma.thomas\Documents\Mnemosyne\src\AggregateFunctions\min_max.h(15,7):
      see declaration of 'mnesso::aggregate_functions::FunctionMin'

C:\Users\tsuma.thomas\Documents\Mnemosyne\src\AggregateFunctions\min_max.cpp(73,35): error C3613: missing return type a
fter '->' ('int' assumed) [C:\Users\tsuma.thomas\Documents\Mnemosyne\build\src\AggregateFunctions\mnemosyne_aggregate_f
unctions.vcxproj]
C:\Users\tsuma.thomas\Documents\Mnemosyne\src\AggregateFunctions\min_max.cpp(73,35): error C3646: 'FunctionInfo': unkno
wn override specifier [C:\Users\tsuma.thomas\Documents\Mnemosyne\build\src\AggregateFunctions\mnemosyne_aggregate_funct
ions.vcxproj]
C:\Users\tsuma.thomas\Documents\Mnemosyne\src\AggregateFunctions\min_max.cpp(73,19): error C2270: 'info': modifiers not
 allowed on nonmember functions [C:\Users\tsuma.thomas\Documents\Mnemosyne\build\src\AggregateFunctions\mnemosyne_aggre
gate_functions.vcxproj]
C:\Users\tsuma.thomas\Documents\Mnemosyne\src\AggregateFunctions\min_max.cpp(77,19): error C2039: 'prepare': is not a m
ember of 'mnesso::aggregate_functions::FunctionMin' [C:\Users\tsuma.thomas\Documents\Mnemosyne\build\src\AggregateFunct
ions\mnemosyne_aggregate_functions.vcxproj]
      C:\Users\tsuma.thomas\Documents\Mnemosyne\src\AggregateFunctions\min_max.h(15,7):
      see declaration of 'mnesso::aggregate_functions::FunctionMin'

C:\Users\tsuma.thomas\Documents\Mnemosyne\src\AggregateFunctions\min_max.cpp(81,19): error C2039: 'can_execute': is not
 a member of 'mnesso::aggregate_functions::FunctionMin' [C:\Users\tsuma.thomas\Documents\Mnemosyne\build\src\AggregateF
unctions\mnemosyne_aggregate_functions.vcxproj]
      C:\Users\tsuma.thomas\Documents\Mnemosyne\src\AggregateFunctions\min_max.h(15,7):
      see declaration of 'mnesso::aggregate_functions::FunctionMin'

C:\Users\tsuma.thomas\Documents\Mnemosyne\src\AggregateFunctions\min_max.cpp(81,19): error C2270: 'can_execute': modifi
ers not allowed on nonmember functions [C:\Users\tsuma.thomas\Documents\Mnemosyne\build\src\AggregateFunctions\mnemosyn
e_aggregate_functions.vcxproj]
C:\Users\tsuma.thomas\Documents\Mnemosyne\src\AggregateFunctions\min_max.cpp(85,19): error C2039: 'create_state': is no
t a member of 'mnesso::aggregate_functions::FunctionMin' [C:\Users\tsuma.thomas\Documents\Mnemosyne\build\src\Aggregate
Functions\mnemosyne_aggregate_functions.vcxproj]
      C:\Users\tsuma.thomas\Documents\Mnemosyne\src\AggregateFunctions\min_max.h(15,7):
      see declaration of 'mnesso::aggregate_functions::FunctionMin'

C:\Users\tsuma.thomas\Documents\Mnemosyne\src\AggregateFunctions\min_max.cpp(85,19): error C2270: 'create_state': modif
iers not allowed on nonmember functions [C:\Users\tsuma.thomas\Documents\Mnemosyne\build\src\AggregateFunctions\mnemosy
ne_aggregate_functions.vcxproj]
C:\Users\tsuma.thomas\Documents\Mnemosyne\src\AggregateFunctions\min_max.cpp(86,16): error C2061: syntax error: identif
ier 'MinState' [C:\Users\tsuma.thomas\Documents\Mnemosyne\build\src\AggregateFunctions\mnemosyne_aggregate_functions.vc
xproj]
C:\Users\tsuma.thomas\Documents\Mnemosyne\src\AggregateFunctions\min_max.cpp(86,24): error C2143: syntax error: missing
 ';' before '{' [C:\Users\tsuma.thomas\Documents\Mnemosyne\build\src\AggregateFunctions\mnemosyne_aggregate_functions.v
cxproj]
C:\Users\tsuma.thomas\Documents\Mnemosyne\src\AggregateFunctions\min_max.cpp(89,36): error C4430: missing type specifie
r - int assumed. Note: C++ does not support default-int [C:\Users\tsuma.thomas\Documents\Mnemosyne\build\src\AggregateF
unctions\mnemosyne_aggregate_functions.vcxproj]
C:\Users\tsuma.thomas\Documents\Mnemosyne\src\AggregateFunctions\min_max.cpp(89,47): error C2143: syntax error: missing
 ',' before '&' [C:\Users\tsuma.thomas\Documents\Mnemosyne\build\src\AggregateFunctions\mnemosyne_aggregate_functions.v
cxproj]
C:\Users\tsuma.thomas\Documents\Mnemosyne\src\AggregateFunctions\sum.cpp(90,47): error C2976: 'std::vector': too few te
mplate arguments [C:\Users\tsuma.thomas\Documents\Mnemosyne\build\src\AggregateFunctions\mnemosyne_aggregate_functions.
vcxproj]
      C:\Program Files (x86)\Microsoft Visual Studio\2022\BuildTools\VC\Tools\MSVC\14.44.35207\include\vector(442,7):
      see declaration of 'std::vector'

C:\Users\tsuma.thomas\Documents\Mnemosyne\src\AggregateFunctions\sum.cpp(90,62): error C2955: 'std::vector': use of cla
ss template requires template argument list [C:\Users\tsuma.thomas\Documents\Mnemosyne\build\src\AggregateFunctions\mne
mosyne_aggregate_functions.vcxproj]
C:\Users\tsuma.thomas\Documents\Mnemosyne\src\AggregateFunctions\min_max.cpp(89,19): error C2511: 'void mnesso::aggrega
te_functions::FunctionMin::add(void *,const int) const': overloaded member function not found in 'mnesso::aggregate_fun
ctions::FunctionMin' [C:\Users\tsuma.thomas\Documents\Mnemosyne\build\src\AggregateFunctions\mnemosyne_aggregate_functi
ons.vcxproj]
      C:\Users\tsuma.thomas\Documents\Mnemosyne\src\AggregateFunctions\min_max.h(15,7):
      see declaration of 'mnesso::aggregate_functions::FunctionMin'

C:\Users\tsuma.thomas\Documents\Mnemosyne\src\AggregateFunctions\min_max.cpp(90,17): error C2061: syntax error: identif
ier 'MinState' [C:\Users\tsuma.thomas\Documents\Mnemosyne\build\src\AggregateFunctions\mnemosyne_aggregate_functions.vc
xproj]
C:\Users\tsuma.thomas\Documents\Mnemosyne\src\AggregateFunctions\min_max.cpp(93,54): error C2065: 'Field': undeclared i
dentifier [C:\Users\tsuma.thomas\Documents\Mnemosyne\build\src\AggregateFunctions\mnemosyne_aggregate_functions.vcxproj
]
C:\Users\tsuma.thomas\Documents\Mnemosyne\src\AggregateFunctions\min_max.cpp(93,54): error C1003: error count exceeds 1
00; stopping compilation [C:\Users\tsuma.thomas\Documents\Mnemosyne\build\src\AggregateFunctions\mnemosyne_aggregate_fu
nctions.vcxproj]
      C:\Program Files (x86)\Microsoft Visual Studio\2022\BuildTools\VC\Tools\MSVC\14.44.35207\include\vector(442,7):
      see declaration of 'std::vector'

C:\Users\tsuma.thomas\Documents\Mnemosyne\src\AggregateFunctions\sum.cpp(90,19): error C2511: 'void mnesso::aggregate_f
unctions::FunctionSum::add(void *,const std::vector &) const': overloaded member function not found in 'mnesso::aggrega
te_functions::FunctionSum' [C:\Users\tsuma.thomas\Documents\Mnemosyne\build\src\AggregateFunctions\mnemosyne_aggregate_
functions.vcxproj]
      C:\Users\tsuma.thomas\Documents\Mnemosyne\src\AggregateFunctions\sum.h(13,7):
      see declaration of 'mnesso::aggregate_functions::FunctionSum'

C:\Users\tsuma.thomas\Documents\Mnemosyne\src\AggregateFunctions\sum.cpp(91,17): error C2061: syntax error: identifier
'SumState' [C:\Users\tsuma.thomas\Documents\Mnemosyne\build\src\AggregateFunctions\mnemosyne_aggregate_functions.vcxpro
j]
C:\Users\tsuma.thomas\Documents\Mnemosyne\src\AggregateFunctions\sum.cpp(94,19): error C2039: 'result': is not a member
 of 'mnesso::aggregate_functions::FunctionSum' [C:\Users\tsuma.thomas\Documents\Mnemosyne\build\src\AggregateFunctions\
mnemosyne_aggregate_functions.vcxproj]
      C:\Users\tsuma.thomas\Documents\Mnemosyne\src\AggregateFunctions\sum.h(13,7):
      see declaration of 'mnesso::aggregate_functions::FunctionSum'

C:\Users\tsuma.thomas\Documents\Mnemosyne\src\AggregateFunctions\sum.cpp(94,48): error C3613: missing return type after
 '->' ('int' assumed) [C:\Users\tsuma.thomas\Documents\Mnemosyne\build\src\AggregateFunctions\mnemosyne_aggregate_funct
ions.vcxproj]
C:\Users\tsuma.thomas\Documents\Mnemosyne\src\AggregateFunctions\sum.cpp(94,48): error C3646: 'Field': unknown override
 specifier [C:\Users\tsuma.thomas\Documents\Mnemosyne\build\src\AggregateFunctions\mnemosyne_aggregate_functions.vcxpro
j]
C:\Users\tsuma.thomas\Documents\Mnemosyne\src\AggregateFunctions\sum.cpp(94,19): error C2270: 'result': modifiers not a
llowed on nonmember functions [C:\Users\tsuma.thomas\Documents\Mnemosyne\build\src\AggregateFunctions\mnemosyne_aggrega
te_functions.vcxproj]
C:\Users\tsuma.thomas\Documents\Mnemosyne\src\AggregateFunctions\sum.cpp(95,24): error C2061: syntax error: identifier
'SumState' [C:\Users\tsuma.thomas\Documents\Mnemosyne\build\src\AggregateFunctions\mnemosyne_aggregate_functions.vcxpro
j]
C:\Users\tsuma.thomas\Documents\Mnemosyne\src\AggregateFunctions\sum.cpp(98,19): error C2039: 'result_string': is not a
 member of 'mnesso::aggregate_functions::FunctionSum' [C:\Users\tsuma.thomas\Documents\Mnemosyne\build\src\AggregateFun
ctions\mnemosyne_aggregate_functions.vcxproj]
      C:\Users\tsuma.thomas\Documents\Mnemosyne\src\AggregateFunctions\sum.h(13,7):
      see declaration of 'mnesso::aggregate_functions::FunctionSum'

C:\Users\tsuma.thomas\Documents\Mnemosyne\src\AggregateFunctions\sum.cpp(98,19): error C2270: 'result_string': modifier
s not allowed on nonmember functions [C:\Users\tsuma.thomas\Documents\Mnemosyne\build\src\AggregateFunctions\mnemosyne_
aggregate_functions.vcxproj]
C:\Users\tsuma.thomas\Documents\Mnemosyne\src\AggregateFunctions\sum.cpp(99,24): error C2061: syntax error: identifier
'SumState' [C:\Users\tsuma.thomas\Documents\Mnemosyne\build\src\AggregateFunctions\mnemosyne_aggregate_functions.vcxpro
j]
C:\Users\tsuma.thomas\Documents\Mnemosyne\src\AggregateFunctions\sum.cpp(102,19): error C2511: 'void mnesso::aggregate_
functions::FunctionSum::merge(void *,void *) const': overloaded member function not found in 'mnesso::aggregate_functio
ns::FunctionSum' [C:\Users\tsuma.thomas\Documents\Mnemosyne\build\src\AggregateFunctions\mnemosyne_aggregate_functions.
vcxproj]
      C:\Users\tsuma.thomas\Documents\Mnemosyne\src\AggregateFunctions\sum.h(13,7):
      see declaration of 'mnesso::aggregate_functions::FunctionSum'

C:\Users\tsuma.thomas\Documents\Mnemosyne\src\AggregateFunctions\sum.cpp(103,30): error C2061: syntax error: identifier
 'SumState' [C:\Users\tsuma.thomas\Documents\Mnemosyne\build\src\AggregateFunctions\mnemosyne_aggregate_functions.vcxpr
oj]
C:\Users\tsuma.thomas\Documents\Mnemosyne\src\AggregateFunctions\sum.cpp(104,29): error C2061: syntax error: identifier
 'SumState' [C:\Users\tsuma.thomas\Documents\Mnemosyne\build\src\AggregateFunctions\mnemosyne_aggregate_functions.vcxpr
oj]
C:\Users\tsuma.thomas\Documents\Mnemosyne\src\AggregateFunctions\sum.cpp(105,5): error C3536: 'dest': cannot be used be
fore it is initialized [C:\Users\tsuma.thomas\Documents\Mnemosyne\build\src\AggregateFunctions\mnemosyne_aggregate_func
tions.vcxproj]
C:\Users\tsuma.thomas\Documents\Mnemosyne\src\AggregateFunctions\sum.cpp(105,21): error C3536: 'src': cannot be used be
fore it is initialized [C:\Users\tsuma.thomas\Documents\Mnemosyne\build\src\AggregateFunctions\mnemosyne_aggregate_func
tions.vcxproj]
C:\Users\tsuma.thomas\Documents\Mnemosyne\src\AggregateFunctions\sum.cpp(110,19): error C2039: 'reset': is not a member
 of 'mnesso::aggregate_functions::FunctionSum' [C:\Users\tsuma.thomas\Documents\Mnemosyne\build\src\AggregateFunctions\
mnemosyne_aggregate_functions.vcxproj]
      C:\Users\tsuma.thomas\Documents\Mnemosyne\src\AggregateFunctions\sum.h(13,7):
      see declaration of 'mnesso::aggregate_functions::FunctionSum'

C:\Users\tsuma.thomas\Documents\Mnemosyne\src\AggregateFunctions\sum.cpp(110,19): error C1003: error count exceeds 100;
 stopping compilation [C:\Users\tsuma.thomas\Documents\Mnemosyne\build\src\AggregateFunctions\mnemosyne_aggregate_funct
ions.vcxproj]
  Scanning sources for module dependencies...
  mnemosyne_disks.vcxproj -> C:\Users\tsuma.thomas\Documents\Mnemosyne\build\src\Disks\Release\mnemosyne_disks.lib
  Scanning sources for module dependencies...
  mnemosyne_storages.vcxproj -> C:\Users\tsuma.thomas\Documents\Mnemosyne\build\src\Storages\Release\mnemosyne_storages
  .lib
  Scanning sources for module dependencies...
  mnemosyne_databases.vcxproj -> C:\Users\tsuma.thomas\Documents\Mnemosyne\build\src\Databases\Release\mnemosyne_databa
  ses.lib
  Building Custom Rule C:/Users/tsuma.thomas/Documents/Mnemosyne/src/Loggers/CMakeLists.txt
  Scanning sources for module dependencies...
  logger.cpp
  Compiling...
  logger.cpp
  mnemosyne_loggers.vcxproj -> C:\Users\tsuma.thomas\Documents\Mnemosyne\build\src\Loggers\Release\mnemosyne_loggers.li
  b
  Building Custom Rule C:/Users/tsuma.thomas/Documents/Mnemosyne/src/Parsers/CMakeLists.txt
  Scanning sources for module dependencies...
  parser.cpp
  lexer.cpp
  format.cpp
C:\Users\tsuma.thomas\Documents\Mnemosyne\src\Parsers\format.cpp(4,10): error C1083: Cannot open include file: 'Parsers
/format.h': No such file or directory [C:\Users\tsuma.thomas\Documents\Mnemosyne\build\src\Parsers\mnemosyne_parsers.vc
xproj]
C:\Users\tsuma.thomas\Documents\Mnemosyne\src\Parsers\format.cpp(4,10): fatal  error C1083: Cannot open include file: '
Parsers/format.h': No such file or directory [C:\Users\tsuma.thomas\Documents\Mnemosyne\build\src\Parsers\mnemosyne_par
sers.vcxproj]
C:\Program Files (x86)\Microsoft Visual Studio\2022\BuildTools\MSBuild\Microsoft\VC\v170\Microsoft.CppCommon.targets(53
2,5): warning MSB8074: Cannot read Module Dependencies file mnemosyne_parsers.dir\Release\format.cpp.module.json: Expec
ting element 'root' from namespace ''.. Encountered 'None'  with name '', namespace ''.  The build order might be incor
rect. [C:\Users\tsuma.thomas\Documents\Mnemosyne\build\src\Parsers\mnemosyne_parsers.vcxproj]
  Compiling...
  lexer.cpp
  parser.cpp
  format.cpp
C:\Users\tsuma.thomas\Documents\Mnemosyne\src\Parsers\format.cpp(4,10): error C1083: Cannot open include file: 'Parsers
/format.h': No such file or directory [C:\Users\tsuma.thomas\Documents\Mnemosyne\build\src\Parsers\mnemosyne_parsers.vc
xproj]
C:\Users\tsuma.thomas\Documents\Mnemosyne\src\Parsers\lexer.h(20,27): error C2143: syntax error: missing '}' before 'co
nstant' [C:\Users\tsuma.thomas\Documents\Mnemosyne\build\src\Parsers\mnemosyne_parsers.vcxproj]
  (compiling source file '../../../src/Parsers/lexer.cpp')

C:\Users\tsuma.thomas\Documents\Mnemosyne\src\Parsers\lexer.h(20,27): error C2059: syntax error: 'constant' [C:\Users\t
suma.thomas\Documents\Mnemosyne\build\src\Parsers\mnemosyne_parsers.vcxproj]
  (compiling source file '../../../src/Parsers/lexer.cpp')

C:\Users\tsuma.thomas\Documents\Mnemosyne\src\Parsers\lexer.h(39,1): error C2143: syntax error: missing ';' before '}'
[C:\Users\tsuma.thomas\Documents\Mnemosyne\build\src\Parsers\mnemosyne_parsers.vcxproj]
  (compiling source file '../../../src/Parsers/lexer.cpp')

C:\Users\tsuma.thomas\Documents\Mnemosyne\src\Parsers\lexer.h(50,15): error C3646: 'type': unknown override specifier [
C:\Users\tsuma.thomas\Documents\Mnemosyne\build\src\Parsers\mnemosyne_parsers.vcxproj]
  (compiling source file '../../../src/Parsers/lexer.cpp')

C:\Users\tsuma.thomas\Documents\Mnemosyne\src\Parsers\lexer.h(50,5): error C4430: missing type specifier - int assumed.
 Note: C++ does not support default-int [C:\Users\tsuma.thomas\Documents\Mnemosyne\build\src\Parsers\mnemosyne_parsers.
vcxproj]
  (compiling source file '../../../src/Parsers/lexer.cpp')

C:\Users\tsuma.thomas\Documents\Mnemosyne\src\Parsers\lexer.h(54,27): error C2061: syntax error: identifier 'TokenType'
 [C:\Users\tsuma.thomas\Documents\Mnemosyne\build\src\Parsers\mnemosyne_parsers.vcxproj]
  (compiling source file '../../../src/Parsers/lexer.cpp')

C:\Users\tsuma.thomas\Documents\Mnemosyne\src\Parsers\lexer.h(54,63): error C2065: 'type': undeclared identifier [C:\Us
ers\tsuma.thomas\Documents\Mnemosyne\build\src\Parsers\mnemosyne_parsers.vcxproj]
  (compiling source file '../../../src/Parsers/lexer.cpp')

C:\Users\tsuma.thomas\Documents\Mnemosyne\src\Parsers\lexer.h(54,71): error C2065: 't': undeclared identifier [C:\Users
\tsuma.thomas\Documents\Mnemosyne\build\src\Parsers\mnemosyne_parsers.vcxproj]
  (compiling source file '../../../src/Parsers/lexer.cpp')

C:\Users\tsuma.thomas\Documents\Mnemosyne\src\Parsers\lexer.h(56,21): error C2039: 'format': is not a member of 'std' [
C:\Users\tsuma.thomas\Documents\Mnemosyne\build\src\Parsers\mnemosyne_parsers.vcxproj]
  (compiling source file '../../../src/Parsers/lexer.cpp')
      C:\Program Files (x86)\Microsoft Visual Studio\2022\BuildTools\VC\Tools\MSVC\14.44.35207\include\vector(29,1):
      see declaration of 'std'

C:\Users\tsuma.thomas\Documents\Mnemosyne\src\Parsers\lexer.h(57,45): error C2065: 'type': undeclared identifier [C:\Us
ers\tsuma.thomas\Documents\Mnemosyne\build\src\Parsers\mnemosyne_parsers.vcxproj]
  (compiling source file '../../../src/Parsers/lexer.cpp')

C:\Users\tsuma.thomas\Documents\Mnemosyne\src\Parsers\lexer.h(56,21): error C3861: 'format': identifier not found [C:\U
sers\tsuma.thomas\Documents\Mnemosyne\build\src\Parsers\mnemosyne_parsers.vcxproj]
  (compiling source file '../../../src/Parsers/lexer.cpp')

C:\Users\tsuma.thomas\Documents\Mnemosyne\src\Parsers\lexer.h(85,21): error C2061: syntax error: identifier 'TokenType'
 [C:\Users\tsuma.thomas\Documents\Mnemosyne\build\src\Parsers\mnemosyne_parsers.vcxproj]
  (compiling source file '../../../src/Parsers/lexer.cpp')

C:\Users\tsuma.thomas\Documents\Mnemosyne\src\Parsers\lexer.h(94,1): error C2059: syntax error: '}' [C:\Users\tsuma.tho
mas\Documents\Mnemosyne\build\src\Parsers\mnemosyne_parsers.vcxproj]
  (compiling source file '../../../src/Parsers/lexer.cpp')

C:\Users\tsuma.thomas\Documents\Mnemosyne\src\Parsers\lexer.h(94,1): error C2143: syntax error: missing ';' before '}'
[C:\Users\tsuma.thomas\Documents\Mnemosyne\build\src\Parsers\mnemosyne_parsers.vcxproj]
  (compiling source file '../../../src/Parsers/lexer.cpp')

C:\Program Files (x86)\Microsoft Visual Studio\2022\BuildTools\VC\Tools\MSVC\14.44.35207\include\stdexcept(19,1): error
 C2143: syntax error: missing ';' before '{' [C:\Users\tsuma.thomas\Documents\Mnemosyne\build\src\Parsers\mnemosyne_par
sers.vcxproj]
  (compiling source file '../../../src/Parsers/lexer.cpp')

C:\Program Files (x86)\Microsoft Visual Studio\2022\BuildTools\VC\Tools\MSVC\14.44.35207\include\stdexcept(19,1): error
 C2447: '{': missing function header (old-style formal list?) [C:\Users\tsuma.thomas\Documents\Mnemosyne\build\src\Pars
ers\mnemosyne_parsers.vcxproj]
  (compiling source file '../../../src/Parsers/lexer.cpp')

C:\Users\tsuma.thomas\Documents\Mnemosyne\src\Common\exceptions.h(11,31): error C2039: 'runtime_error': is not a member
 of 'std' [C:\Users\tsuma.thomas\Documents\Mnemosyne\build\src\Parsers\mnemosyne_parsers.vcxproj]
  (compiling source file '../../../src/Parsers/lexer.cpp')
      C:\Program Files (x86)\Microsoft Visual Studio\2022\BuildTools\VC\Tools\MSVC\14.44.35207\include\source_location(
  27,1):
      see declaration of 'std'

C:\Users\tsuma.thomas\Documents\Mnemosyne\src\Common\exceptions.h(11,31): error C2504: 'runtime_error': base class unde
fined [C:\Users\tsuma.thomas\Documents\Mnemosyne\build\src\Parsers\mnemosyne_parsers.vcxproj]
  (compiling source file '../../../src/Parsers/lexer.cpp')

C:\Users\tsuma.thomas\Documents\Mnemosyne\src\Common\exceptions.h(15,31): error C3668: 'mnesso::common::Exception::what
': method with override specifier 'override' did not override any base class methods [C:\Users\tsuma.thomas\Documents\M
nemosyne\build\src\Parsers\mnemosyne_parsers.vcxproj]
  (compiling source file '../../../src/Parsers/lexer.cpp')

C:\Users\tsuma.thomas\Documents\Mnemosyne\src\Parsers\lexer.cpp(13,8): error C2511: 'Lexer::Lexer(std::string)': overlo
aded member function not found in 'Lexer' [C:\Users\tsuma.thomas\Documents\Mnemosyne\build\src\Parsers\mnemosyne_parser
s.vcxproj]
      C:\Users\tsuma.thomas\Documents\Mnemosyne\src\Parsers\lexer.h(63,7):
      see declaration of 'Lexer'

C:\Users\tsuma.thomas\Documents\Mnemosyne\src\Parsers\lexer.cpp(13,8): error C2888: 'void Lexer::{ctor}(std::string)':
symbol cannot be defined within namespace 'parsers' [C:\Users\tsuma.thomas\Documents\Mnemosyne\build\src\Parsers\mnemos
yne_parsers.vcxproj]
C:\Users\tsuma.thomas\Documents\Mnemosyne\src\Parsers\lexer.cpp(13,69): error C2550: 'Lexer::{ctor}': constructor initi
alizer lists are only allowed on constructor definitions [C:\Users\tsuma.thomas\Documents\Mnemosyne\build\src\Parsers\m
nemosyne_parsers.vcxproj]
C:\Users\tsuma.thomas\Documents\Mnemosyne\src\Parsers\lexer.cpp(15,14): error C2039: 'next_token': is not a member of '
Lexer' [C:\Users\tsuma.thomas\Documents\Mnemosyne\build\src\Parsers\mnemosyne_parsers.vcxproj]
      C:\Users\tsuma.thomas\Documents\Mnemosyne\src\Parsers\lexer.h(63,7):
      see declaration of 'Lexer'

C:\Users\tsuma.thomas\Documents\Mnemosyne\src\Parsers\lexer.cpp(16,5): error C3861: 'skip_whitespace': identifier not f
ound [C:\Users\tsuma.thomas\Documents\Mnemosyne\build\src\Parsers\mnemosyne_parsers.vcxproj]
C:\Users\tsuma.thomas\Documents\Mnemosyne\src\Parsers\lexer.cpp(17,9): error C2065: 'pos_': undeclared identifier [C:\U
sers\tsuma.thomas\Documents\Mnemosyne\build\src\Parsers\mnemosyne_parsers.vcxproj]
C:\Users\tsuma.thomas\Documents\Mnemosyne\src\Parsers\lexer.cpp(17,17): error C2065: 'query_': undeclared identifier [C
:\Users\tsuma.thomas\Documents\Mnemosyne\build\src\Parsers\mnemosyne_parsers.vcxproj]
C:\Users\tsuma.thomas\Documents\Mnemosyne\src\Parsers\lexer.cpp(18,33): error C2838: 'EndOfQuery': illegal qualified na
me in member declaration [C:\Users\tsuma.thomas\Documents\Mnemosyne\build\src\Parsers\mnemosyne_parsers.vcxproj]
C:\Users\tsuma.thomas\Documents\Mnemosyne\src\Parsers\lexer.cpp(18,33): error C2065: 'EndOfQuery': undeclared identifie
r [C:\Users\tsuma.thomas\Documents\Mnemosyne\build\src\Parsers\mnemosyne_parsers.vcxproj]
C:\Users\tsuma.thomas\Documents\Mnemosyne\src\Parsers\lexer.cpp(18,49): error C2065: 'pos_': undeclared identifier [C:\
Users\tsuma.thomas\Documents\Mnemosyne\build\src\Parsers\mnemosyne_parsers.vcxproj]
C:\Users\tsuma.thomas\Documents\Mnemosyne\src\Parsers\lexer.cpp(21,14): error C2065: 'query_': undeclared identifier [C
:\Users\tsuma.thomas\Documents\Mnemosyne\build\src\Parsers\mnemosyne_parsers.vcxproj]
C:\Users\tsuma.thomas\Documents\Mnemosyne\src\Parsers\lexer.cpp(21,21): error C2065: 'pos_': undeclared identifier [C:\
Users\tsuma.thomas\Documents\Mnemosyne\build\src\Parsers\mnemosyne_parsers.vcxproj]
C:\Users\tsuma.thomas\Documents\Mnemosyne\src\Parsers\lexer.cpp(25,51): error C2838: 'LParen': illegal qualified name i
n member declaration [C:\Users\tsuma.thomas\Documents\Mnemosyne\build\src\Parsers\mnemosyne_parsers.vcxproj]
C:\Users\tsuma.thomas\Documents\Mnemosyne\src\Parsers\lexer.cpp(25,51): error C2065: 'LParen': undeclared identifier [C
:\Users\tsuma.thomas\Documents\Mnemosyne\build\src\Parsers\mnemosyne_parsers.vcxproj]
C:\Users\tsuma.thomas\Documents\Mnemosyne\src\Parsers\lexer.cpp(25,26): error C3861: 'advance_token': identifier not fo
und [C:\Users\tsuma.thomas\Documents\Mnemosyne\build\src\Parsers\mnemosyne_parsers.vcxproj]
C:\Users\tsuma.thomas\Documents\Mnemosyne\src\Parsers\lexer.cpp(26,51): error C2838: 'RParen': illegal qualified name i
n member declaration [C:\Users\tsuma.thomas\Documents\Mnemosyne\build\src\Parsers\mnemosyne_parsers.vcxproj]
C:\Users\tsuma.thomas\Documents\Mnemosyne\src\Parsers\lexer.cpp(26,51): error C2065: 'RParen': undeclared identifier [C
:\Users\tsuma.thomas\Documents\Mnemosyne\build\src\Parsers\mnemosyne_parsers.vcxproj]
C:\Users\tsuma.thomas\Documents\Mnemosyne\src\Parsers\lexer.cpp(26,26): error C3861: 'advance_token': identifier not fo
und [C:\Users\tsuma.thomas\Documents\Mnemosyne\build\src\Parsers\mnemosyne_parsers.vcxproj]
C:\Users\tsuma.thomas\Documents\Mnemosyne\src\Parsers\lexer.cpp(27,51): error C2838: 'Comma': illegal qualified name in
 member declaration [C:\Users\tsuma.thomas\Documents\Mnemosyne\build\src\Parsers\mnemosyne_parsers.vcxproj]
C:\Users\tsuma.thomas\Documents\Mnemosyne\src\Parsers\lexer.cpp(27,51): error C2065: 'Comma': undeclared identifier [C:
\Users\tsuma.thomas\Documents\Mnemosyne\build\src\Parsers\mnemosyne_parsers.vcxproj]
C:\Users\tsuma.thomas\Documents\Mnemosyne\src\Parsers\lexer.cpp(27,26): error C3861: 'advance_token': identifier not fo
und [C:\Users\tsuma.thomas\Documents\Mnemosyne\build\src\Parsers\mnemosyne_parsers.vcxproj]
C:\Users\tsuma.thomas\Documents\Mnemosyne\src\Parsers\lexer.cpp(28,51): error C2838: 'SemiColon': illegal qualified nam
e in member declaration [C:\Users\tsuma.thomas\Documents\Mnemosyne\build\src\Parsers\mnemosyne_parsers.vcxproj]
C:\Users\tsuma.thomas\Documents\Mnemosyne\src\Parsers\lexer.cpp(28,51): error C2065: 'SemiColon': undeclared identifier
 [C:\Users\tsuma.thomas\Documents\Mnemosyne\build\src\Parsers\mnemosyne_parsers.vcxproj]
C:\Users\tsuma.thomas\Documents\Mnemosyne\src\Parsers\lexer.cpp(28,26): error C3861: 'advance_token': identifier not fo
und [C:\Users\tsuma.thomas\Documents\Mnemosyne\build\src\Parsers\mnemosyne_parsers.vcxproj]
C:\Users\tsuma.thomas\Documents\Mnemosyne\src\Parsers\lexer.cpp(29,51): error C2838: 'Star': illegal qualified name in
member declaration [C:\Users\tsuma.thomas\Documents\Mnemosyne\build\src\Parsers\mnemosyne_parsers.vcxproj]
C:\Users\tsuma.thomas\Documents\Mnemosyne\src\Parsers\lexer.cpp(29,51): error C2065: 'Star': undeclared identifier [C:\
Users\tsuma.thomas\Documents\Mnemosyne\build\src\Parsers\mnemosyne_parsers.vcxproj]
C:\Users\tsuma.thomas\Documents\Mnemosyne\src\Parsers\lexer.cpp(29,26): error C3861: 'advance_token': identifier not fo
und [C:\Users\tsuma.thomas\Documents\Mnemosyne\build\src\Parsers\mnemosyne_parsers.vcxproj]
C:\Users\tsuma.thomas\Documents\Mnemosyne\src\Parsers\lexer.cpp(30,51): error C2838: 'Plus': illegal qualified name in
member declaration [C:\Users\tsuma.thomas\Documents\Mnemosyne\build\src\Parsers\mnemosyne_parsers.vcxproj]
C:\Users\tsuma.thomas\Documents\Mnemosyne\src\Parsers\lexer.cpp(30,51): error C2065: 'Plus': undeclared identifier [C:\
Users\tsuma.thomas\Documents\Mnemosyne\build\src\Parsers\mnemosyne_parsers.vcxproj]
C:\Users\tsuma.thomas\Documents\Mnemosyne\src\Parsers\lexer.cpp(30,26): error C3861: 'advance_token': identifier not fo
und [C:\Users\tsuma.thomas\Documents\Mnemosyne\build\src\Parsers\mnemosyne_parsers.vcxproj]
C:\Users\tsuma.thomas\Documents\Mnemosyne\src\Parsers\lexer.cpp(31,51): error C2838: 'Percent': illegal qualified name
in member declaration [C:\Users\tsuma.thomas\Documents\Mnemosyne\build\src\Parsers\mnemosyne_parsers.vcxproj]
C:\Users\tsuma.thomas\Documents\Mnemosyne\src\Parsers\lexer.cpp(31,51): error C2065: 'Percent': undeclared identifier [
C:\Users\tsuma.thomas\Documents\Mnemosyne\build\src\Parsers\mnemosyne_parsers.vcxproj]
C:\Users\tsuma.thomas\Documents\Mnemosyne\src\Parsers\lexer.cpp(31,26): error C3861: 'advance_token': identifier not fo
und [C:\Users\tsuma.thomas\Documents\Mnemosyne\build\src\Parsers\mnemosyne_parsers.vcxproj]
C:\Users\tsuma.thomas\Documents\Mnemosyne\src\Parsers\lexer.cpp(36,23): error C2065: 'pos_': undeclared identifier [C:\
Users\tsuma.thomas\Documents\Mnemosyne\build\src\Parsers\mnemosyne_parsers.vcxproj]
C:\Users\tsuma.thomas\Documents\Mnemosyne\src\Parsers\lexer.cpp(37,20): error C2065: 'query_': undeclared identifier [C
:\Users\tsuma.thomas\Documents\Mnemosyne\build\src\Parsers\mnemosyne_parsers.vcxproj]
C:\Users\tsuma.thomas\Documents\Mnemosyne\src\Parsers\lexer.cpp(37,37): error C2065: 'query_': undeclared identifier [C
:\Users\tsuma.thomas\Documents\Mnemosyne\build\src\Parsers\mnemosyne_parsers.vcxproj]
C:\Users\tsuma.thomas\Documents\Mnemosyne\src\Parsers\lexer.cpp(38,13): error C3861: 'advance_pos': identifier not foun
d [C:\Users\tsuma.thomas\Documents\Mnemosyne\build\src\Parsers\mnemosyne_parsers.vcxproj]
C:\Users\tsuma.thomas\Documents\Mnemosyne\src\Parsers\lexer.cpp(39,37): error C2838: 'Arrow': illegal qualified name in
 member declaration [C:\Users\tsuma.thomas\Documents\Mnemosyne\build\src\Parsers\mnemosyne_parsers.vcxproj]
C:\Users\tsuma.thomas\Documents\Mnemosyne\src\Parsers\lexer.cpp(39,37): error C2065: 'Arrow': undeclared identifier [C:
\Users\tsuma.thomas\Documents\Mnemosyne\build\src\Parsers\mnemosyne_parsers.vcxproj]
C:\Users\tsuma.thomas\Documents\Mnemosyne\src\Parsers\lexer.cpp(39,50): error C2065: 'pos_': undeclared identifier [C:\
Users\tsuma.thomas\Documents\Mnemosyne\build\src\Parsers\mnemosyne_parsers.vcxproj]
C:\Users\tsuma.thomas\Documents\Mnemosyne\src\Parsers\lexer.cpp(41,41): error C2838: 'Minus': illegal qualified name in
 member declaration [C:\Users\tsuma.thomas\Documents\Mnemosyne\build\src\Parsers\mnemosyne_parsers.vcxproj]
C:\Users\tsuma.thomas\Documents\Mnemosyne\src\Parsers\lexer.cpp(41,41): error C2065: 'Minus': undeclared identifier [C:
\Users\tsuma.thomas\Documents\Mnemosyne\build\src\Parsers\mnemosyne_parsers.vcxproj]
C:\Users\tsuma.thomas\Documents\Mnemosyne\src\Parsers\lexer.cpp(41,16): error C3861: 'advance_token': identifier not fo
und [C:\Users\tsuma.thomas\Documents\Mnemosyne\build\src\Parsers\mnemosyne_parsers.vcxproj]
C:\Users\tsuma.thomas\Documents\Mnemosyne\src\Parsers\lexer.cpp(47,13): error C2065: 'pos_': undeclared identifier [C:\
Users\tsuma.thomas\Documents\Mnemosyne\build\src\Parsers\mnemosyne_parsers.vcxproj]
C:\Users\tsuma.thomas\Documents\Mnemosyne\src\Parsers\lexer.cpp(47,24): error C2065: 'query_': undeclared identifier [C
:\Users\tsuma.thomas\Documents\Mnemosyne\build\src\Parsers\mnemosyne_parsers.vcxproj]
C:\Users\tsuma.thomas\Documents\Mnemosyne\src\Parsers\lexer.cpp(47,41): error C2065: 'query_': undeclared identifier [C
:\Users\tsuma.thomas\Documents\Mnemosyne\build\src\Parsers\mnemosyne_parsers.vcxproj]
C:\Users\tsuma.thomas\Documents\Mnemosyne\src\Parsers\lexer.cpp(47,48): error C2065: 'pos_': undeclared identifier [C:\
Users\tsuma.thomas\Documents\Mnemosyne\build\src\Parsers\mnemosyne_parsers.vcxproj]
C:\Users\tsuma.thomas\Documents\Mnemosyne\src\Parsers\lexer.cpp(47,56): error C7733: the built-in subscript operator ex
pects a single expression [C:\Users\tsuma.thomas\Documents\Mnemosyne\build\src\Parsers\mnemosyne_parsers.vcxproj]
C:\Users\tsuma.thomas\Documents\Mnemosyne\src\Parsers\lexer.cpp(48,13): error C3861: 'skip_line_comment': identifier no
t found [C:\Users\tsuma.thomas\Documents\Mnemosyne\build\src\Parsers\mnemosyne_parsers.vcxproj]
C:\Users\tsuma.thomas\Documents\Mnemosyne\src\Parsers\lexer.cpp(52,13): error C2065: 'pos_': undeclared identifier [C:\
Users\tsuma.thomas\Documents\Mnemosyne\build\src\Parsers\mnemosyne_parsers.vcxproj]
C:\Users\tsuma.thomas\Documents\Mnemosyne\src\Parsers\lexer.cpp(52,24): error C2065: 'query_': undeclared identifier [C
:\Users\tsuma.thomas\Documents\Mnemosyne\build\src\Parsers\mnemosyne_parsers.vcxproj]
C:\Users\tsuma.thomas\Documents\Mnemosyne\src\Parsers\lexer.cpp(52,41): error C2065: 'query_': undeclared identifier [C
:\Users\tsuma.thomas\Documents\Mnemosyne\build\src\Parsers\mnemosyne_parsers.vcxproj]
C:\Users\tsuma.thomas\Documents\Mnemosyne\src\Parsers\lexer.cpp(52,48): error C2065: 'pos_': undeclared identifier [C:\
Users\tsuma.thomas\Documents\Mnemosyne\build\src\Parsers\mnemosyne_parsers.vcxproj]
C:\Users\tsuma.thomas\Documents\Mnemosyne\src\Parsers\lexer.cpp(52,56): error C7733: the built-in subscript operator ex
pects a single expression [C:\Users\tsuma.thomas\Documents\Mnemosyne\build\src\Parsers\mnemosyne_parsers.vcxproj]
C:\Users\tsuma.thomas\Documents\Mnemosyne\src\Parsers\lexer.cpp(53,13): error C3861: 'skip_block_comment': identifier n
ot found [C:\Users\tsuma.thomas\Documents\Mnemosyne\build\src\Parsers\mnemosyne_parsers.vcxproj]
C:\Users\tsuma.thomas\Documents\Mnemosyne\src\Parsers\lexer.cpp(56,41): error C2838: 'Slash': illegal qualified name in
 member declaration [C:\Users\tsuma.thomas\Documents\Mnemosyne\build\src\Parsers\mnemosyne_parsers.vcxproj]
C:\Users\tsuma.thomas\Documents\Mnemosyne\src\Parsers\lexer.cpp(56,41): error C2065: 'Slash': undeclared identifier [C:
\Users\tsuma.thomas\Documents\Mnemosyne\build\src\Parsers\mnemosyne_parsers.vcxproj]
C:\Users\tsuma.thomas\Documents\Mnemosyne\src\Parsers\lexer.cpp(56,16): error C3861: 'advance_token': identifier not fo
und [C:\Users\tsuma.thomas\Documents\Mnemosyne\build\src\Parsers\mnemosyne_parsers.vcxproj]
C:\Users\tsuma.thomas\Documents\Mnemosyne\src\Parsers\lexer.cpp(61,41): error C2838: 'Equal': illegal qualified name in
 member declaration [C:\Users\tsuma.thomas\Documents\Mnemosyne\build\src\Parsers\mnemosyne_parsers.vcxproj]
C:\Users\tsuma.thomas\Documents\Mnemosyne\src\Parsers\lexer.cpp(61,41): error C2065: 'Equal': undeclared identifier [C:
\Users\tsuma.thomas\Documents\Mnemosyne\build\src\Parsers\mnemosyne_parsers.vcxproj]
C:\Users\tsuma.thomas\Documents\Mnemosyne\src\Parsers\lexer.cpp(61,16): error C3861: 'advance_token': identifier not fo
und [C:\Users\tsuma.thomas\Documents\Mnemosyne\build\src\Parsers\mnemosyne_parsers.vcxproj]
C:\Users\tsuma.thomas\Documents\Mnemosyne\src\Parsers\lexer.cpp(64,13): error C2065: 'pos_': undeclared identifier [C:\
Users\tsuma.thomas\Documents\Mnemosyne\build\src\Parsers\mnemosyne_parsers.vcxproj]
C:\Users\tsuma.thomas\Documents\Mnemosyne\src\Parsers\lexer.cpp(64,24): error C2065: 'query_': undeclared identifier [C
:\Users\tsuma.thomas\Documents\Mnemosyne\build\src\Parsers\mnemosyne_parsers.vcxproj]
C:\Users\tsuma.thomas\Documents\Mnemosyne\src\Parsers\lexer.cpp(64,41): error C2065: 'query_': undeclared identifier [C
:\Users\tsuma.thomas\Documents\Mnemosyne\build\src\Parsers\mnemosyne_parsers.vcxproj]
C:\Users\tsuma.thomas\Documents\Mnemosyne\src\Parsers\lexer.cpp(64,48): error C2065: 'pos_': undeclared identifier [C:\
Users\tsuma.thomas\Documents\Mnemosyne\build\src\Parsers\mnemosyne_parsers.vcxproj]
C:\Users\tsuma.thomas\Documents\Mnemosyne\src\Parsers\lexer.cpp(64,56): error C7733: the built-in subscript operator ex
pects a single expression [C:\Users\tsuma.thomas\Documents\Mnemosyne\build\src\Parsers\mnemosyne_parsers.vcxproj]
C:\Users\tsuma.thomas\Documents\Mnemosyne\src\Parsers\lexer.cpp(65,13): error C3861: 'advance_pos': identifier not foun
d [C:\Users\tsuma.thomas\Documents\Mnemosyne\build\src\Parsers\mnemosyne_parsers.vcxproj]
C:\Users\tsuma.thomas\Documents\Mnemosyne\src\Parsers\lexer.cpp(66,37): error C2838: 'NotEqual': illegal qualified name
 in member declaration [C:\Users\tsuma.thomas\Documents\Mnemosyne\build\src\Parsers\mnemosyne_parsers.vcxproj]
C:\Users\tsuma.thomas\Documents\Mnemosyne\src\Parsers\lexer.cpp(66,37): error C2065: 'NotEqual': undeclared identifier
[C:\Users\tsuma.thomas\Documents\Mnemosyne\build\src\Parsers\mnemosyne_parsers.vcxproj]
C:\Users\tsuma.thomas\Documents\Mnemosyne\src\Parsers\lexer.cpp(66,53): error C2065: 'pos_': undeclared identifier [C:\
Users\tsuma.thomas\Documents\Mnemosyne\build\src\Parsers\mnemosyne_parsers.vcxproj]
C:\Users\tsuma.thomas\Documents\Mnemosyne\src\Parsers\lexer.cpp(68,41): error C2838: 'Exclamation': illegal qualified n
ame in member declaration [C:\Users\tsuma.thomas\Documents\Mnemosyne\build\src\Parsers\mnemosyne_parsers.vcxproj]
C:\Users\tsuma.thomas\Documents\Mnemosyne\src\Parsers\lexer.cpp(68,41): error C2065: 'Exclamation': undeclared identifi
er [C:\Users\tsuma.thomas\Documents\Mnemosyne\build\src\Parsers\mnemosyne_parsers.vcxproj]
C:\Users\tsuma.thomas\Documents\Mnemosyne\src\Parsers\lexer.cpp(68,16): error C3861: 'advance_token': identifier not fo
und [C:\Users\tsuma.thomas\Documents\Mnemosyne\build\src\Parsers\mnemosyne_parsers.vcxproj]
C:\Users\tsuma.thomas\Documents\Mnemosyne\src\Parsers\lexer.cpp(71,13): error C2065: 'pos_': undeclared identifier [C:\
Users\tsuma.thomas\Documents\Mnemosyne\build\src\Parsers\mnemosyne_parsers.vcxproj]
C:\Users\tsuma.thomas\Documents\Mnemosyne\src\Parsers\lexer.cpp(71,24): error C2065: 'query_': undeclared identifier [C
:\Users\tsuma.thomas\Documents\Mnemosyne\build\src\Parsers\mnemosyne_parsers.vcxproj]
C:\Users\tsuma.thomas\Documents\Mnemosyne\src\Parsers\lexer.cpp(72,17): error C2065: 'query_': undeclared identifier [C
:\Users\tsuma.thomas\Documents\Mnemosyne\build\src\Parsers\mnemosyne_parsers.vcxproj]
C:\Users\tsuma.thomas\Documents\Mnemosyne\src\Parsers\lexer.cpp(72,24): error C2065: 'pos_': undeclared identifier [C:\
Users\tsuma.thomas\Documents\Mnemosyne\build\src\Parsers\mnemosyne_parsers.vcxproj]
C:\Users\tsuma.thomas\Documents\Mnemosyne\src\Parsers\lexer.cpp(72,32): error C7733: the built-in subscript operator ex
pects a single expression [C:\Users\tsuma.thomas\Documents\Mnemosyne\build\src\Parsers\mnemosyne_parsers.vcxproj]
C:\Users\tsuma.thomas\Documents\Mnemosyne\src\Parsers\lexer.cpp(73,17): error C3861: 'advance_pos': identifier not foun
d [C:\Users\tsuma.thomas\Documents\Mnemosyne\build\src\Parsers\mnemosyne_parsers.vcxproj]
C:\Users\tsuma.thomas\Documents\Mnemosyne\src\Parsers\lexer.cpp(74,41): error C2838: 'LessEqual': illegal qualified nam
e in member declaration [C:\Users\tsuma.thomas\Documents\Mnemosyne\build\src\Parsers\mnemosyne_parsers.vcxproj]
C:\Users\tsuma.thomas\Documents\Mnemosyne\src\Parsers\lexer.cpp(74,41): error C2065: 'LessEqual': undeclared identifier
 [C:\Users\tsuma.thomas\Documents\Mnemosyne\build\src\Parsers\mnemosyne_parsers.vcxproj]
C:\Users\tsuma.thomas\Documents\Mnemosyne\src\Parsers\lexer.cpp(74,58): error C2065: 'pos_': undeclared identifier [C:\
Users\tsuma.thomas\Documents\Mnemosyne\build\src\Parsers\mnemosyne_parsers.vcxproj]
C:\Users\tsuma.thomas\Documents\Mnemosyne\src\Parsers\lexer.cpp(74,58): error C1003: error count exceeds 100; stopping
compilation [C:\Users\tsuma.thomas\Documents\Mnemosyne\build\src\Parsers\mnemosyne_parsers.vcxproj]
C:\Users\tsuma.thomas\Documents\Mnemosyne\src\Parsers\ast.h(19,25): error C4430: missing type specifier - int assumed.
Note: C++ does not support default-int [C:\Users\tsuma.thomas\Documents\Mnemosyne\build\src\Parsers\mnemosyne_parsers.v
cxproj]
  (compiling source file '../../../src/Parsers/parser.cpp')

C:\Users\tsuma.thomas\Documents\Mnemosyne\src\Parsers\ast.h(19,42): error C2143: syntax error: missing ',' before '&' [
C:\Users\tsuma.thomas\Documents\Mnemosyne\build\src\Parsers\mnemosyne_parsers.vcxproj]
  (compiling source file '../../../src/Parsers/parser.cpp')

C:\Users\tsuma.thomas\Documents\Mnemosyne\src\Parsers\ast.h(26,24): error C2061: syntax error: identifier 'ASTSelectQue
ry' [C:\Users\tsuma.thomas\Documents\Mnemosyne\build\src\Parsers\mnemosyne_parsers.vcxproj]
  (compiling source file '../../../src/Parsers/parser.cpp')

C:\Users\tsuma.thomas\Documents\Mnemosyne\src\Parsers\ast.h(27,24): error C2061: syntax error: identifier 'ASTCreateTab
le' [C:\Users\tsuma.thomas\Documents\Mnemosyne\build\src\Parsers\mnemosyne_parsers.vcxproj]
  (compiling source file '../../../src/Parsers/parser.cpp')

C:\Users\tsuma.thomas\Documents\Mnemosyne\src\Parsers\ast.h(27,18): error C2535: 'void mnesso::parsers::IASTVisitor::vi
sit(void)': member function already defined or declared [C:\Users\tsuma.thomas\Documents\Mnemosyne\build\src\Parsers\mn
emosyne_parsers.vcxproj]
  (compiling source file '../../../src/Parsers/parser.cpp')
      C:\Users\tsuma.thomas\Documents\Mnemosyne\src\Parsers\ast.h(26,18):
      see declaration of 'mnesso::parsers::IASTVisitor::visit'

C:\Users\tsuma.thomas\Documents\Mnemosyne\src\Parsers\ast.h(28,24): error C2061: syntax error: identifier 'ASTInsertQue
ry' [C:\Users\tsuma.thomas\Documents\Mnemosyne\build\src\Parsers\mnemosyne_parsers.vcxproj]
  (compiling source file '../../../src/Parsers/parser.cpp')

C:\Users\tsuma.thomas\Documents\Mnemosyne\src\Parsers\ast.h(28,18): error C2535: 'void mnesso::parsers::IASTVisitor::vi
sit(void)': member function already defined or declared [C:\Users\tsuma.thomas\Documents\Mnemosyne\build\src\Parsers\mn
emosyne_parsers.vcxproj]
  (compiling source file '../../../src/Parsers/parser.cpp')
      C:\Users\tsuma.thomas\Documents\Mnemosyne\src\Parsers\ast.h(26,18):
      see declaration of 'mnesso::parsers::IASTVisitor::visit'

C:\Users\tsuma.thomas\Documents\Mnemosyne\src\Parsers\ast.h(29,24): error C2061: syntax error: identifier 'ASTExpr' [C:
\Users\tsuma.thomas\Documents\Mnemosyne\build\src\Parsers\mnemosyne_parsers.vcxproj]
  (compiling source file '../../../src/Parsers/parser.cpp')

C:\Users\tsuma.thomas\Documents\Mnemosyne\src\Parsers\ast.h(29,18): error C2535: 'void mnesso::parsers::IASTVisitor::vi
sit(void)': member function already defined or declared [C:\Users\tsuma.thomas\Documents\Mnemosyne\build\src\Parsers\mn
emosyne_parsers.vcxproj]
  (compiling source file '../../../src/Parsers/parser.cpp')
      C:\Users\tsuma.thomas\Documents\Mnemosyne\src\Parsers\ast.h(26,18):
      see declaration of 'mnesso::parsers::IASTVisitor::visit'

C:\Users\tsuma.thomas\Documents\Mnemosyne\src\Parsers\ast.h(30,24): error C2061: syntax error: identifier 'ASTLiteral'
[C:\Users\tsuma.thomas\Documents\Mnemosyne\build\src\Parsers\mnemosyne_parsers.vcxproj]
  (compiling source file '../../../src/Parsers/parser.cpp')

C:\Users\tsuma.thomas\Documents\Mnemosyne\src\Parsers\ast.h(30,18): error C2535: 'void mnesso::parsers::IASTVisitor::vi
sit(void)': member function already defined or declared [C:\Users\tsuma.thomas\Documents\Mnemosyne\build\src\Parsers\mn
emosyne_parsers.vcxproj]
  (compiling source file '../../../src/Parsers/parser.cpp')
      C:\Users\tsuma.thomas\Documents\Mnemosyne\src\Parsers\ast.h(26,18):
      see declaration of 'mnesso::parsers::IASTVisitor::visit'

C:\Users\tsuma.thomas\Documents\Mnemosyne\src\Parsers\ast.h(31,24): error C2061: syntax error: identifier 'ASTColumnRef
' [C:\Users\tsuma.thomas\Documents\Mnemosyne\build\src\Parsers\mnemosyne_parsers.vcxproj]
  (compiling source file '../../../src/Parsers/parser.cpp')

C:\Users\tsuma.thomas\Documents\Mnemosyne\src\Parsers\ast.h(31,18): error C2535: 'void mnesso::parsers::IASTVisitor::vi
sit(void)': member function already defined or declared [C:\Users\tsuma.thomas\Documents\Mnemosyne\build\src\Parsers\mn
emosyne_parsers.vcxproj]
  (compiling source file '../../../src/Parsers/parser.cpp')
      C:\Users\tsuma.thomas\Documents\Mnemosyne\src\Parsers\ast.h(26,18):
      see declaration of 'mnesso::parsers::IASTVisitor::visit'

C:\Users\tsuma.thomas\Documents\Mnemosyne\src\Parsers\ast.h(32,24): error C2061: syntax error: identifier 'ASTFunction'
 [C:\Users\tsuma.thomas\Documents\Mnemosyne\build\src\Parsers\mnemosyne_parsers.vcxproj]
  (compiling source file '../../../src/Parsers/parser.cpp')

C:\Users\tsuma.thomas\Documents\Mnemosyne\src\Parsers\ast.h(32,18): error C2535: 'void mnesso::parsers::IASTVisitor::vi
sit(void)': member function already defined or declared [C:\Users\tsuma.thomas\Documents\Mnemosyne\build\src\Parsers\mn
emosyne_parsers.vcxproj]
  (compiling source file '../../../src/Parsers/parser.cpp')
      C:\Users\tsuma.thomas\Documents\Mnemosyne\src\Parsers\ast.h(26,18):
      see declaration of 'mnesso::parsers::IASTVisitor::visit'

C:\Users\tsuma.thomas\Documents\Mnemosyne\src\Parsers\ast.h(33,24): error C2061: syntax error: identifier 'ASTBinaryOp'
 [C:\Users\tsuma.thomas\Documents\Mnemosyne\build\src\Parsers\mnemosyne_parsers.vcxproj]
  (compiling source file '../../../src/Parsers/parser.cpp')

C:\Users\tsuma.thomas\Documents\Mnemosyne\src\Parsers\ast.h(33,18): error C2535: 'void mnesso::parsers::IASTVisitor::vi
sit(void)': member function already defined or declared [C:\Users\tsuma.thomas\Documents\Mnemosyne\build\src\Parsers\mn
emosyne_parsers.vcxproj]
  (compiling source file '../../../src/Parsers/parser.cpp')
      C:\Users\tsuma.thomas\Documents\Mnemosyne\src\Parsers\ast.h(26,18):
      see declaration of 'mnesso::parsers::IASTVisitor::visit'

C:\Users\tsuma.thomas\Documents\Mnemosyne\src\Parsers\ast.h(34,24): error C2061: syntax error: identifier 'ASTUnaryOp'
[C:\Users\tsuma.thomas\Documents\Mnemosyne\build\src\Parsers\mnemosyne_parsers.vcxproj]
  (compiling source file '../../../src/Parsers/parser.cpp')

C:\Users\tsuma.thomas\Documents\Mnemosyne\src\Parsers\ast.h(34,18): error C2535: 'void mnesso::parsers::IASTVisitor::vi
sit(void)': member function already defined or declared [C:\Users\tsuma.thomas\Documents\Mnemosyne\build\src\Parsers\mn
emosyne_parsers.vcxproj]
  (compiling source file '../../../src/Parsers/parser.cpp')
      C:\Users\tsuma.thomas\Documents\Mnemosyne\src\Parsers\ast.h(26,18):
      see declaration of 'mnesso::parsers::IASTVisitor::visit'

C:\Users\tsuma.thomas\Documents\Mnemosyne\src\Parsers\ast.h(35,24): error C2061: syntax error: identifier 'ASTAlias' [C
:\Users\tsuma.thomas\Documents\Mnemosyne\build\src\Parsers\mnemosyne_parsers.vcxproj]
  (compiling source file '../../../src/Parsers/parser.cpp')

C:\Users\tsuma.thomas\Documents\Mnemosyne\src\Parsers\ast.h(35,18): error C2535: 'void mnesso::parsers::IASTVisitor::vi
sit(void)': member function already defined or declared [C:\Users\tsuma.thomas\Documents\Mnemosyne\build\src\Parsers\mn
emosyne_parsers.vcxproj]
  (compiling source file '../../../src/Parsers/parser.cpp')
      C:\Users\tsuma.thomas\Documents\Mnemosyne\src\Parsers\ast.h(26,18):
      see declaration of 'mnesso::parsers::IASTVisitor::visit'

C:\Users\tsuma.thomas\Documents\Mnemosyne\src\Parsers\ast.h(36,24): error C2061: syntax error: identifier 'ASTSubQuery'
 [C:\Users\tsuma.thomas\Documents\Mnemosyne\build\src\Parsers\mnemosyne_parsers.vcxproj]
  (compiling source file '../../../src/Parsers/parser.cpp')

C:\Users\tsuma.thomas\Documents\Mnemosyne\src\Parsers\ast.h(36,18): error C2535: 'void mnesso::parsers::IASTVisitor::vi
sit(void)': member function already defined or declared [C:\Users\tsuma.thomas\Documents\Mnemosyne\build\src\Parsers\mn
emosyne_parsers.vcxproj]
  (compiling source file '../../../src/Parsers/parser.cpp')
      C:\Users\tsuma.thomas\Documents\Mnemosyne\src\Parsers\ast.h(26,18):
      see declaration of 'mnesso::parsers::IASTVisitor::visit'

C:\Users\tsuma.thomas\Documents\Mnemosyne\src\Parsers\ast.h(42,43): error C2065: 'ASTExpr': undeclared identifier [C:\U
sers\tsuma.thomas\Documents\Mnemosyne\build\src\Parsers\mnemosyne_parsers.vcxproj]
  (compiling source file '../../../src/Parsers/parser.cpp')

C:\Users\tsuma.thomas\Documents\Mnemosyne\src\Parsers\ast.h(42,32): error C2923: 'std::shared_ptr': 'ASTExpr' is not a
valid template type argument for parameter '_Ty' [C:\Users\tsuma.thomas\Documents\Mnemosyne\build\src\Parsers\mnemosyne
_parsers.vcxproj]
  (compiling source file '../../../src/Parsers/parser.cpp')
      C:\Users\tsuma.thomas\Documents\Mnemosyne\src\Parsers\ast.h(42,43):
      see declaration of 'ASTExpr'

C:\Users\tsuma.thomas\Documents\Mnemosyne\src\Parsers\ast.h(42,32): error C3203: 'shared_ptr': unspecialized class temp
late can't be used as a template argument for template parameter '_Ty1', expected a real type [C:\Users\tsuma.thomas\Do
cuments\Mnemosyne\build\src\Parsers\mnemosyne_parsers.vcxproj]
  (compiling source file '../../../src/Parsers/parser.cpp')

C:\Users\tsuma.thomas\Documents\Mnemosyne\src\Parsers\ast.h(43,21): error C2065: 'ASTFromClause': undeclared identifier
 [C:\Users\tsuma.thomas\Documents\Mnemosyne\build\src\Parsers\mnemosyne_parsers.vcxproj]
  (compiling source file '../../../src/Parsers/parser.cpp')

C:\Users\tsuma.thomas\Documents\Mnemosyne\src\Parsers\ast.h(43,10): error C2923: 'std::shared_ptr': 'ASTFromClause' is
not a valid template type argument for parameter '_Ty' [C:\Users\tsuma.thomas\Documents\Mnemosyne\build\src\Parsers\mne
mosyne_parsers.vcxproj]
  (compiling source file '../../../src/Parsers/parser.cpp')
      C:\Users\tsuma.thomas\Documents\Mnemosyne\src\Parsers\ast.h(43,21):
      see declaration of 'ASTFromClause'

C:\Users\tsuma.thomas\Documents\Mnemosyne\src\Parsers\ast.h(43,51): error C2955: 'std::shared_ptr': use of class templa
te requires template argument list [C:\Users\tsuma.thomas\Documents\Mnemosyne\build\src\Parsers\mnemosyne_parsers.vcxpr
oj]
  (compiling source file '../../../src/Parsers/parser.cpp')
      C:\Program Files (x86)\Microsoft Visual Studio\2022\BuildTools\VC\Tools\MSVC\14.44.35207\include\memory(1565,7):
      see declaration of 'std::shared_ptr'

C:\Users\tsuma.thomas\Documents\Mnemosyne\src\Parsers\ast.h(44,21): error C2065: 'ASTExpr': undeclared identifier [C:\U
sers\tsuma.thomas\Documents\Mnemosyne\build\src\Parsers\mnemosyne_parsers.vcxproj]
  (compiling source file '../../../src/Parsers/parser.cpp')

C:\Users\tsuma.thomas\Documents\Mnemosyne\src\Parsers\ast.h(44,10): error C2923: 'std::shared_ptr': 'ASTExpr' is not a
valid template type argument for parameter '_Ty' [C:\Users\tsuma.thomas\Documents\Mnemosyne\build\src\Parsers\mnemosyne
_parsers.vcxproj]
  (compiling source file '../../../src/Parsers/parser.cpp')
      C:\Users\tsuma.thomas\Documents\Mnemosyne\src\Parsers\ast.h(44,21):
      see declaration of 'ASTExpr'

C:\Users\tsuma.thomas\Documents\Mnemosyne\src\Parsers\ast.h(44,51): error C2955: 'std::shared_ptr': use of class templa
te requires template argument list [C:\Users\tsuma.thomas\Documents\Mnemosyne\build\src\Parsers\mnemosyne_parsers.vcxpr
oj]
  (compiling source file '../../../src/Parsers/parser.cpp')
      C:\Program Files (x86)\Microsoft Visual Studio\2022\BuildTools\VC\Tools\MSVC\14.44.35207\include\memory(1565,7):
      see declaration of 'std::shared_ptr'

C:\Users\tsuma.thomas\Documents\Mnemosyne\src\Parsers\ast.h(45,33): error C2065: 'ASTExpr': undeclared identifier [C:\U
sers\tsuma.thomas\Documents\Mnemosyne\build\src\Parsers\mnemosyne_parsers.vcxproj]
  (compiling source file '../../../src/Parsers/parser.cpp')

C:\Users\tsuma.thomas\Documents\Mnemosyne\src\Parsers\ast.h(45,22): error C2923: 'std::shared_ptr': 'ASTExpr' is not a
valid template type argument for parameter '_Ty' [C:\Users\tsuma.thomas\Documents\Mnemosyne\build\src\Parsers\mnemosyne
_parsers.vcxproj]
  (compiling source file '../../../src/Parsers/parser.cpp')
      C:\Users\tsuma.thomas\Documents\Mnemosyne\src\Parsers\ast.h(45,33):
      see declaration of 'ASTExpr'

C:\Users\tsuma.thomas\Documents\Mnemosyne\src\Parsers\ast.h(45,22): error C3203: 'shared_ptr': unspecialized class temp
late can't be used as a template argument for template parameter '_Ty', expected a real type [C:\Users\tsuma.thomas\Doc
uments\Mnemosyne\build\src\Parsers\mnemosyne_parsers.vcxproj]
  (compiling source file '../../../src/Parsers/parser.cpp')

C:\Users\tsuma.thomas\Documents\Mnemosyne\src\Parsers\ast.h(46,21): error C2065: 'ASTExpr': undeclared identifier [C:\U
sers\tsuma.thomas\Documents\Mnemosyne\build\src\Parsers\mnemosyne_parsers.vcxproj]
  (compiling source file '../../../src/Parsers/parser.cpp')

C:\Users\tsuma.thomas\Documents\Mnemosyne\src\Parsers\ast.h(46,10): error C2923: 'std::shared_ptr': 'ASTExpr' is not a
valid template type argument for parameter '_Ty' [C:\Users\tsuma.thomas\Documents\Mnemosyne\build\src\Parsers\mnemosyne
_parsers.vcxproj]
  (compiling source file '../../../src/Parsers/parser.cpp')
      C:\Users\tsuma.thomas\Documents\Mnemosyne\src\Parsers\ast.h(46,21):
      see declaration of 'ASTExpr'

C:\Users\tsuma.thomas\Documents\Mnemosyne\src\Parsers\ast.h(46,51): error C2955: 'std::shared_ptr': use of class templa
te requires template argument list [C:\Users\tsuma.thomas\Documents\Mnemosyne\build\src\Parsers\mnemosyne_parsers.vcxpr
oj]
  (compiling source file '../../../src/Parsers/parser.cpp')
      C:\Program Files (x86)\Microsoft Visual Studio\2022\BuildTools\VC\Tools\MSVC\14.44.35207\include\memory(1565,7):
      see declaration of 'std::shared_ptr'

C:\Users\tsuma.thomas\Documents\Mnemosyne\src\Parsers\ast.h(47,43): error C2065: 'ASTExpr': undeclared identifier [C:\U
sers\tsuma.thomas\Documents\Mnemosyne\build\src\Parsers\mnemosyne_parsers.vcxproj]
  (compiling source file '../../../src/Parsers/parser.cpp')

C:\Users\tsuma.thomas\Documents\Mnemosyne\src\Parsers\ast.h(47,32): error C2923: 'std::shared_ptr': 'ASTExpr' is not a
valid template type argument for parameter '_Ty' [C:\Users\tsuma.thomas\Documents\Mnemosyne\build\src\Parsers\mnemosyne
_parsers.vcxproj]
  (compiling source file '../../../src/Parsers/parser.cpp')
      C:\Users\tsuma.thomas\Documents\Mnemosyne\src\Parsers\ast.h(47,43):
      see declaration of 'ASTExpr'

C:\Users\tsuma.thomas\Documents\Mnemosyne\src\Parsers\ast.h(47,32): error C3203: 'shared_ptr': unspecialized class temp
late can't be used as a template argument for template parameter '_Ty1', expected a real type [C:\Users\tsuma.thomas\Do
cuments\Mnemosyne\build\src\Parsers\mnemosyne_parsers.vcxproj]
  (compiling source file '../../../src/Parsers/parser.cpp')

C:\Users\tsuma.thomas\Documents\Mnemosyne\src\Parsers\ast.h(53,10): error C3668: 'mnesso::parsers::ASTSelectQuery::acce
pt': method with override specifier 'override' did not override any base class methods [C:\Users\tsuma.thomas\Documents
\Mnemosyne\build\src\Parsers\mnemosyne_parsers.vcxproj]
  (compiling source file '../../../src/Parsers/parser.cpp')

C:\Users\tsuma.thomas\Documents\Mnemosyne\src\Parsers\ast.h(73,10): error C3668: 'mnesso::parsers::ASTCreateTable::acce
pt': method with override specifier 'override' did not override any base class methods [C:\Users\tsuma.thomas\Documents
\Mnemosyne\build\src\Parsers\mnemosyne_parsers.vcxproj]
  (compiling source file '../../../src/Parsers/parser.cpp')

C:\Users\tsuma.thomas\Documents\Mnemosyne\src\Parsers\ast.h(85,10): error C3668: 'mnesso::parsers::ASTInsertQuery::acce
pt': method with override specifier 'override' did not override any base class methods [C:\Users\tsuma.thomas\Documents
\Mnemosyne\build\src\Parsers\mnemosyne_parsers.vcxproj]
  (compiling source file '../../../src/Parsers/parser.cpp')

C:\Users\tsuma.thomas\Documents\Mnemosyne\src\Parsers\ast.h(92,10): error C3668: 'mnesso::parsers::ASTExpr::accept': me
thod with override specifier 'override' did not override any base class methods [C:\Users\tsuma.thomas\Documents\Mnemos
yne\build\src\Parsers\mnemosyne_parsers.vcxproj]
  (compiling source file '../../../src/Parsers/parser.cpp')

C:\Users\tsuma.thomas\Documents\Mnemosyne\src\Parsers\ast.h(102,10): error C3668: 'mnesso::parsers::ASTLiteral::accept'
: method with override specifier 'override' did not override any base class methods [C:\Users\tsuma.thomas\Documents\Mn
emosyne\build\src\Parsers\mnemosyne_parsers.vcxproj]
  (compiling source file '../../../src/Parsers/parser.cpp')

C:\Users\tsuma.thomas\Documents\Mnemosyne\src\Parsers\ast.h(112,10): error C3668: 'mnesso::parsers::ASTColumnRef::accep
t': method with override specifier 'override' did not override any base class methods [C:\Users\tsuma.thomas\Documents\
Mnemosyne\build\src\Parsers\mnemosyne_parsers.vcxproj]
  (compiling source file '../../../src/Parsers/parser.cpp')

C:\Users\tsuma.thomas\Documents\Mnemosyne\src\Parsers\ast.h(124,10): error C3668: 'mnesso::parsers::ASTFunction::accept
': method with override specifier 'override' did not override any base class methods [C:\Users\tsuma.thomas\Documents\M
nemosyne\build\src\Parsers\mnemosyne_parsers.vcxproj]
  (compiling source file '../../../src/Parsers/parser.cpp')

C:\Users\tsuma.thomas\Documents\Mnemosyne\src\Parsers\ast.h(136,10): error C3668: 'mnesso::parsers::ASTBinaryOp::accept
': method with override specifier 'override' did not override any base class methods [C:\Users\tsuma.thomas\Documents\M
nemosyne\build\src\Parsers\mnemosyne_parsers.vcxproj]
  (compiling source file '../../../src/Parsers/parser.cpp')

C:\Users\tsuma.thomas\Documents\Mnemosyne\src\Parsers\ast.h(147,10): error C3668: 'mnesso::parsers::ASTUnaryOp::accept'
: method with override specifier 'override' did not override any base class methods [C:\Users\tsuma.thomas\Documents\Mn
emosyne\build\src\Parsers\mnemosyne_parsers.vcxproj]
  (compiling source file '../../../src/Parsers/parser.cpp')

C:\Users\tsuma.thomas\Documents\Mnemosyne\src\Parsers\ast.h(157,10): error C3668: 'mnesso::parsers::ASTAlias::accept':
method with override specifier 'override' did not override any base class methods [C:\Users\tsuma.thomas\Documents\Mnem
osyne\build\src\Parsers\mnemosyne_parsers.vcxproj]
  (compiling source file '../../../src/Parsers/parser.cpp')

C:\Users\tsuma.thomas\Documents\Mnemosyne\src\Parsers\ast.h(167,10): error C3668: 'mnesso::parsers::ASTSubQuery::accept
': method with override specifier 'override' did not override any base class methods [C:\Users\tsuma.thomas\Documents\M
nemosyne\build\src\Parsers\mnemosyne_parsers.vcxproj]
  (compiling source file '../../../src/Parsers/parser.cpp')

C:\Users\tsuma.thomas\Documents\Mnemosyne\src\Parsers\ast.h(182,10): error C3668: 'mnesso::parsers::ASTFromClause::acce
pt': method with override specifier 'override' did not override any base class methods [C:\Users\tsuma.thomas\Documents
\Mnemosyne\build\src\Parsers\mnemosyne_parsers.vcxproj]
  (compiling source file '../../../src/Parsers/parser.cpp')

C:\Users\tsuma.thomas\Documents\Mnemosyne\src\Parsers\lexer.h(20,27): error C2143: syntax error: missing '}' before 'co
nstant' [C:\Users\tsuma.thomas\Documents\Mnemosyne\build\src\Parsers\mnemosyne_parsers.vcxproj]
  (compiling source file '../../../src/Parsers/parser.cpp')

C:\Users\tsuma.thomas\Documents\Mnemosyne\src\Parsers\lexer.h(20,27): error C2059: syntax error: 'constant' [C:\Users\t
suma.thomas\Documents\Mnemosyne\build\src\Parsers\mnemosyne_parsers.vcxproj]
  (compiling source file '../../../src/Parsers/parser.cpp')

C:\Users\tsuma.thomas\Documents\Mnemosyne\src\Parsers\lexer.h(39,1): error C2143: syntax error: missing ';' before '}'
[C:\Users\tsuma.thomas\Documents\Mnemosyne\build\src\Parsers\mnemosyne_parsers.vcxproj]
  (compiling source file '../../../src/Parsers/parser.cpp')

C:\Users\tsuma.thomas\Documents\Mnemosyne\src\Parsers\lexer.h(50,15): error C3646: 'type': unknown override specifier [
C:\Users\tsuma.thomas\Documents\Mnemosyne\build\src\Parsers\mnemosyne_parsers.vcxproj]
  (compiling source file '../../../src/Parsers/parser.cpp')

C:\Users\tsuma.thomas\Documents\Mnemosyne\src\Parsers\lexer.h(50,5): error C4430: missing type specifier - int assumed.
 Note: C++ does not support default-int [C:\Users\tsuma.thomas\Documents\Mnemosyne\build\src\Parsers\mnemosyne_parsers.
vcxproj]
  (compiling source file '../../../src/Parsers/parser.cpp')

C:\Users\tsuma.thomas\Documents\Mnemosyne\src\Parsers\lexer.h(54,27): error C2061: syntax error: identifier 'TokenType'
 [C:\Users\tsuma.thomas\Documents\Mnemosyne\build\src\Parsers\mnemosyne_parsers.vcxproj]
  (compiling source file '../../../src/Parsers/parser.cpp')

C:\Users\tsuma.thomas\Documents\Mnemosyne\src\Parsers\lexer.h(54,63): error C2065: 'type': undeclared identifier [C:\Us
ers\tsuma.thomas\Documents\Mnemosyne\build\src\Parsers\mnemosyne_parsers.vcxproj]
  (compiling source file '../../../src/Parsers/parser.cpp')

C:\Users\tsuma.thomas\Documents\Mnemosyne\src\Parsers\lexer.h(54,71): error C2065: 't': undeclared identifier [C:\Users
\tsuma.thomas\Documents\Mnemosyne\build\src\Parsers\mnemosyne_parsers.vcxproj]
  (compiling source file '../../../src/Parsers/parser.cpp')

C:\Users\tsuma.thomas\Documents\Mnemosyne\src\Parsers\lexer.h(56,21): error C2039: 'format': is not a member of 'std' [
C:\Users\tsuma.thomas\Documents\Mnemosyne\build\src\Parsers\mnemosyne_parsers.vcxproj]
  (compiling source file '../../../src/Parsers/parser.cpp')
      C:\Program Files (x86)\Microsoft Visual Studio\2022\BuildTools\VC\Tools\MSVC\14.44.35207\include\unordered_map(23
  ,1):
      see declaration of 'std'

C:\Users\tsuma.thomas\Documents\Mnemosyne\src\Parsers\lexer.h(57,45): error C2065: 'type': undeclared identifier [C:\Us
ers\tsuma.thomas\Documents\Mnemosyne\build\src\Parsers\mnemosyne_parsers.vcxproj]
  (compiling source file '../../../src/Parsers/parser.cpp')

C:\Users\tsuma.thomas\Documents\Mnemosyne\src\Parsers\lexer.h(56,21): error C3861: 'format': identifier not found [C:\U
sers\tsuma.thomas\Documents\Mnemosyne\build\src\Parsers\mnemosyne_parsers.vcxproj]
  (compiling source file '../../../src/Parsers/parser.cpp')

C:\Users\tsuma.thomas\Documents\Mnemosyne\src\Parsers\lexer.h(85,21): error C2061: syntax error: identifier 'TokenType'
 [C:\Users\tsuma.thomas\Documents\Mnemosyne\build\src\Parsers\mnemosyne_parsers.vcxproj]
  (compiling source file '../../../src/Parsers/parser.cpp')

C:\Users\tsuma.thomas\Documents\Mnemosyne\src\Parsers\lexer.h(94,1): error C2059: syntax error: '}' [C:\Users\tsuma.tho
mas\Documents\Mnemosyne\build\src\Parsers\mnemosyne_parsers.vcxproj]
  (compiling source file '../../../src/Parsers/parser.cpp')

C:\Users\tsuma.thomas\Documents\Mnemosyne\src\Parsers\lexer.h(94,1): error C2143: syntax error: missing ';' before '}'
[C:\Users\tsuma.thomas\Documents\Mnemosyne\build\src\Parsers\mnemosyne_parsers.vcxproj]
  (compiling source file '../../../src/Parsers/parser.cpp')

C:\Program Files (x86)\Microsoft Visual Studio\2022\BuildTools\VC\Tools\MSVC\14.44.35207\include\source_location(27,1):
 error C2143: syntax error: missing ';' before '{' [C:\Users\tsuma.thomas\Documents\Mnemosyne\build\src\Parsers\mnemosy
ne_parsers.vcxproj]
  (compiling source file '../../../src/Parsers/parser.cpp')

C:\Program Files (x86)\Microsoft Visual Studio\2022\BuildTools\VC\Tools\MSVC\14.44.35207\include\source_location(27,1):
 error C2447: '{': missing function header (old-style formal list?) [C:\Users\tsuma.thomas\Documents\Mnemosyne\build\sr
c\Parsers\mnemosyne_parsers.vcxproj]
  (compiling source file '../../../src/Parsers/parser.cpp')

C:\Users\tsuma.thomas\Documents\Mnemosyne\src\Parsers\parser.h(22,21): error C2039: 'format': is not a member of 'std'
[C:\Users\tsuma.thomas\Documents\Mnemosyne\build\src\Parsers\mnemosyne_parsers.vcxproj]
  (compiling source file '../../../src/Parsers/parser.cpp')
      C:\Program Files (x86)\Microsoft Visual Studio\2022\BuildTools\VC\Tools\MSVC\14.44.35207\include\unordered_map(23
  ,1):
      see declaration of 'std'

C:\Users\tsuma.thomas\Documents\Mnemosyne\src\Parsers\parser.h(22,21): error C3861: 'format': identifier not found [C:\
Users\tsuma.thomas\Documents\Mnemosyne\build\src\Parsers\mnemosyne_parsers.vcxproj]
  (compiling source file '../../../src/Parsers/parser.cpp')

C:\Users\tsuma.thomas\Documents\Mnemosyne\src\Parsers\parser.cpp(12,9): error C2511: 'mnesso::parsers::Parser::Parser(L
exer)': overloaded member function not found in 'mnesso::parsers::Parser' [C:\Users\tsuma.thomas\Documents\Mnemosyne\bu
ild\src\Parsers\mnemosyne_parsers.vcxproj]
      C:\Users\tsuma.thomas\Documents\Mnemosyne\src\Parsers\parser.h(28,7):
      see declaration of 'mnesso::parsers::Parser'

C:\Users\tsuma.thomas\Documents\Mnemosyne\src\Parsers\parser.cpp(12,87): error C2550: 'mnesso::parsers::Parser::{ctor}'
: constructor initializer lists are only allowed on constructor definitions [C:\Users\tsuma.thomas\Documents\Mnemosyne\
build\src\Parsers\mnemosyne_parsers.vcxproj]
C:\Users\tsuma.thomas\Documents\Mnemosyne\src\Parsers\parser.cpp(14,41): error C2065: 'QueryAST': undeclared identifier
 [C:\Users\tsuma.thomas\Documents\Mnemosyne\build\src\Parsers\mnemosyne_parsers.vcxproj]
C:\Users\tsuma.thomas\Documents\Mnemosyne\src\Parsers\parser.cpp(14,30): error C2923: 'std::unique_ptr': 'QueryAST' is
not a valid template type argument for parameter '_Ty' [C:\Users\tsuma.thomas\Documents\Mnemosyne\build\src\Parsers\mne
mosyne_parsers.vcxproj]
      C:\Users\tsuma.thomas\Documents\Mnemosyne\src\Parsers\parser.cpp(14,41):
      see declaration of 'QueryAST'

C:\Users\tsuma.thomas\Documents\Mnemosyne\src\Parsers\parser.cpp(14,30): error C2976: 'std::unique_ptr': too few templa
te arguments [C:\Users\tsuma.thomas\Documents\Mnemosyne\build\src\Parsers\mnemosyne_parsers.vcxproj]
      C:\Program Files (x86)\Microsoft Visual Studio\2022\BuildTools\VC\Tools\MSVC\14.44.35207\include\memory(3347,7):
      see declaration of 'std::unique_ptr'

C:\Users\tsuma.thomas\Documents\Mnemosyne\src\Parsers\parser.cpp(14,30): error C2955: 'std::unique_ptr': use of class t
emplate requires template argument list [C:\Users\tsuma.thomas\Documents\Mnemosyne\build\src\Parsers\mnemosyne_parsers.
vcxproj]
      C:\Program Files (x86)\Microsoft Visual Studio\2022\BuildTools\VC\Tools\MSVC\14.44.35207\include\memory(3347,7):
      see declaration of 'std::unique_ptr'

C:\Users\tsuma.thomas\Documents\Mnemosyne\src\Parsers\parser.cpp(14,14): error C2955: 'std::unique_ptr': use of class t
emplate requires template argument list [C:\Users\tsuma.thomas\Documents\Mnemosyne\build\src\Parsers\mnemosyne_parsers.
vcxproj]
      C:\Program Files (x86)\Microsoft Visual Studio\2022\BuildTools\VC\Tools\MSVC\14.44.35207\include\memory(3347,7):
      see declaration of 'std::unique_ptr'

C:\Users\tsuma.thomas\Documents\Mnemosyne\src\Parsers\parser.cpp(14,14): error C2556: 'std::unique_ptr mnesso::parsers:
:Parser::parse(void)': overloaded function differs only by return type from 'std::variant<std::shared_ptr<mnesso::parse
rs::ASTNode>,mnesso::parsers::ParseError> mnesso::parsers::Parser::parse(void)' [C:\Users\tsuma.thomas\Documents\Mnemos
yne\build\src\Parsers\mnemosyne_parsers.vcxproj]
      C:\Users\tsuma.thomas\Documents\Mnemosyne\src\Parsers\parser.h(33,18):
      see declaration of 'mnesso::parsers::Parser::parse'

C:\Users\tsuma.thomas\Documents\Mnemosyne\src\Parsers\parser.cpp(14,14): error C1003: error count exceeds 100; stopping
 compilation [C:\Users\tsuma.thomas\Documents\Mnemosyne\build\src\Parsers\mnemosyne_parsers.vcxproj]